<?xml version="1.0" encoding="utf-8" ?>
<result>
	<website>Piwik test</website>
	<prettyDate>Sunday, January 3, 2010</prettyDate>
	<metadata>
		<category>Visitors</category>
		<subcategory>Software</subcategory>
		<name>Browsers</name>
		<module>DevicesDetection</module>
		<action>getBrowsers</action>
		<dimension>Browser</dimension>
		<documentation>This report contains information about what kind of browser your visitors were using.</documentation>
		<metrics>
			<nb_visits>Visits</nb_visits>
			<nb_uniq_visitors>Unique visitors</nb_uniq_visitors>
			<nb_actions>Actions</nb_actions>
			<nb_users>Users</nb_users>
		</metrics>
		<metricsDocumentation>
			<nb_visits>If a visitor comes to your website for the first time or if they visit a page more than 30 minutes after their last page view, this will be recorded as a new visit.</nb_visits>
			<nb_uniq_visitors>The number of unduplicated visitors coming to your website. Every user is only counted once, even if they visit the website multiple times a day.</nb_uniq_visitors>
			<nb_actions>The number of actions performed by your visitors. Actions can be page views, internal site searches, downloads or outlinks.</nb_actions>
			<nb_users>The number of users logged in your website. It is the number of unique active users that have a User ID set (via the Tracking code function 'setUserId').</nb_users>
			<nb_actions_per_visit>The average number of actions (page views, site searches, downloads or outlinks) that were performed during the visits.</nb_actions_per_visit>
			<avg_time_on_site>The average duration of a visit.</avg_time_on_site>
			<bounce_rate>The percentage of visits that only had a single pageview. This means, that the visitor left the website directly from the entrance page.</bounce_rate>
			<conversion_rate>The percentage of visits that triggered a goal conversion.</conversion_rate>
		</metricsDocumentation>
		<processedMetrics>
			<nb_actions_per_visit>Actions per Visit</nb_actions_per_visit>
			<avg_time_on_site>Avg. Time on Website</avg_time_on_site>
			<bounce_rate>Bounce Rate</bounce_rate>
			<conversion_rate>Conversion Rate</conversion_rate>
		</processedMetrics>
		<metricTypes>
			<nb_visits>number</nb_visits>
			<nb_uniq_visitors>number</nb_uniq_visitors>
			<nb_actions>number</nb_actions>
			<nb_users>number</nb_users>
			<nb_actions_per_visit>number</nb_actions_per_visit>
			<avg_time_on_site>duration_s</avg_time_on_site>
			<bounce_rate>percent</bounce_rate>
			<conversion_rate>percent</conversion_rate>
		</metricTypes>
		<relatedReports>
			<row>
				<name>Browser version</name>
				<module>DevicesDetection</module>
				<action>getBrowserVersions</action>
			</row>
		</relatedReports>
		<metricsGoal>
			<nb_conversions>Conversions</nb_conversions>
			<conversion_rate>Conversion Rate</conversion_rate>
			<revenue>Revenue</revenue>
		</metricsGoal>
		<processedMetricsGoal>
			<revenue_per_visit>Revenue per Visit</revenue_per_visit>
		</processedMetricsGoal>
		<metricTypesGoal>
			<revenue_per_visit>money</revenue_per_visit>
			<nb_conversions>number</nb_conversions>
			<conversion_rate>percent</conversion_rate>
			<revenue>money</revenue>
		</metricTypesGoal>
		<imageGraphUrl>index.php?module=API&amp;method=ImageGraph.get&amp;idSite=1&amp;apiModule=DevicesDetection&amp;apiAction=getBrowsers&amp;period=day&amp;date=2010-01-03</imageGraphUrl>
		<imageGraphEvolutionUrl>index.php?module=API&amp;method=ImageGraph.get&amp;idSite=1&amp;apiModule=DevicesDetection&amp;apiAction=getBrowsers&amp;period=day&amp;date=2009-12-05,2010-01-03</imageGraphEvolutionUrl>
		<uniqueId>DevicesDetection_getBrowsers</uniqueId>
	</metadata>
	<columns>
		<label>Browser</label>
		<nb_visits>Visits</nb_visits>
		<nb_uniq_visitors>Unique visitors</nb_uniq_visitors>
		<nb_actions>Actions</nb_actions>
		<nb_users>Users</nb_users>
		<nb_actions_per_visit>Actions per Visit</nb_actions_per_visit>
		<avg_time_on_site>Avg. Time on Website</avg_time_on_site>
		<bounce_rate>Bounce Rate</bounce_rate>
		<conversion_rate>Conversion Rate</conversion_rate>
		<revenue>Revenue</revenue>
	</columns>
	<reportData>
		<row>
			<label>Firefox</label>
			<nb_uniq_visitors>2</nb_uniq_visitors>
			<nb_visits>3</nb_visits>
			<nb_actions>5</nb_actions>
			<nb_users>0</nb_users>
			<revenue>$1,000</revenue>
			<conversion_rate>66.67%</conversion_rate>
			<nb_actions_per_visit>1.7</nb_actions_per_visit>
			<avg_time_on_site>00:04:02</avg_time_on_site>
			<bounce_rate>67%</bounce_rate>
			<goal_1_conversion_rate>66.67%</goal_1_conversion_rate>
			<goal_2_conversion_rate>33.33%</goal_2_conversion_rate>
		</row>
	</reportData>
	<reportMetadata>
		<row>
			<logo>plugins/Morpheus/icons/dist/browsers/FF.png</logo>
			<segment>browserCode==FF</segment>
		</row>
	</reportMetadata>
	<reportTotal>
		<nb_uniq_visitors>2</nb_uniq_visitors>
		<nb_visits>3</nb_visits>
		<nb_actions>5</nb_actions>
		<nb_users>0</nb_users>
		<max_actions>3</max_actions>
		<sum_visit_length>725</sum_visit_length>
		<bounce_count>2</bounce_count>
		<nb_visits_converted>2</nb_visits_converted>
		<goals>
			<row idgoal="1">
				<nb_conversions>2</nb_conversions>
				<nb_visits_converted>2</nb_visits_converted>
				<revenue>1000</revenue>
			</row>
			<row idgoal="2">
				<nb_conversions>1</nb_conversions>
				<nb_visits_converted>1</nb_visits_converted>
				<revenue>0</revenue>
			</row>
		</goals>
		<nb_conversions>3</nb_conversions>
		<revenue>1000</revenue>
		<nb_actions_per_visit>1.7</nb_actions_per_visit>
	</reportTotal>
</result>