week April 4 – 10, 2011. A very long name for a very tiny test site, that also reaches the 90 character limit fully: 5 Visits (+100%), 16 Actions (+100%), Revenue: $130 (+100%), 5 Goal conversions (+100%), Product Revenue: $130 (+100%), 4 Ecommerce Orders (+100%). Piwik test: 2 Visits (+100%), 1 Actions (+100%)