<html style="background-color:#edecec">

<head>
    <meta charset="utf-8">
    <meta name="robots" content="noindex,nofollow">
    <meta name="generator" content="Matomo Analytics">
</head>

<body style="color:#212121;font-family:-apple-system, BlinkMacSystemFont, 'Segoe UI', Roboto, Oxygen-Sans, Cantarell, 'Helvetica Neue', sans-serif; line-height: 24px; margin:0 auto; max-width:1000px; background-color:rgb(255, 255, 255);box-shadow: 0px 0px 5px 1px rgba(0,0,0,0.75);">

<a name="reportTop"></a>

<table style="width:100%; background-color: &#x23;3450A3; color: &#x23;fff; padding:10px 0; margin: 0 0 25px 0; height:64px;">
    <tr>
        <td>
            <a style="color:#212121;font-family:-apple-system, BlinkMacSystemFont, 'Segoe UI', Roboto, Oxygen-Sans, Cantarell, 'Helvetica Neue', sans-serif;; font-size:16px;padding:0 15px;padding-bottom: 8px;color: &#x23;fff;height: 22px;display: inline-block;vertical-align: inherit;" rel="noreferrer noopener" target="_blank" href="http://example.com/piwik/tests/PHPUnit/proxy/">
                                    <img src="http://example.com/piwik/tests/PHPUnit/proxy//plugins/Morpheus/images/logo-email.png" height="30px" width="auto" alt="Matomo,&#x20;free&#x2F;libre&#x20;analytics&#x20;platform" />
                            </a>
        </td>
        <td align="right">
                        <a style="color:#212121;font-family:-apple-system, BlinkMacSystemFont, 'Segoe UI', Roboto, Oxygen-Sans, Cantarell, 'Helvetica Neue', sans-serif;; font-size:16px; padding:0 15px; color: &#x23;fff" title="View Web Analytics reports for A very long name for a very tiny test site, that also reaches the 90 character limit fully." target="_blank" href="http://example.com/piwik/tests/PHPUnit/proxy/index.php?module=CoreHome&action=redirectToCoreHomeIndex&idSite=1&period=day&date=today-date-removed-in-tests">
                Dashboard
            </a>
                    </td>
    </tr>
</table>

<div style="margin:0 20px 25px 20px;">

    <h2 style='color:#212121;font-family:-apple-system, BlinkMacSystemFont, &#039;Segoe UI&#039;, Roboto, Oxygen-Sans, Cantarell, &#039;Helvetica Neue&#039;, sans-serif; color:#37474f; line-height:30px; margin:25px 0 15px 0;'>
        Hello,
    </h2>

    <p style='font-size:15px;line-height:24px;margin:0 0 16px;color:#212121;font-family:-apple-system, BlinkMacSystemFont, &#039;Segoe UI&#039;, Roboto, Oxygen-Sans, Cantarell, &#039;Helvetica Neue&#039;, sans-serif;'>
                Please find below your day report for A very long name for a very tiny test site, that also reaches the 90 character limit fully.
                <br />Mail Test report (previous10)
        <br />Date range: week April 4 – 10, 2011
        <br />Sent from http://example.com/piwik/tests/PHPUnit/proxy/.
    </p>

    
    
<h2 id="Actions_getPageTitles" style=" color:#0d0d0d;font-family:-apple-system, BlinkMacSystemFont, &#039;Segoe UI&#039;, Roboto, Oxygen-Sans, Cantarell, &#039;Helvetica Neue&#039;, sans-serif; font-size: 24pt; font-weight:normal; margin:45px 0 30px 0;">
    Page titles
</h2>

            <img alt=""
                                    src="data:image/png;base64,iVBORw0KGgoAAAANSUhEUgAAArwAAADICAIAAACF9KXqAAAACXBIWXMAAA7EAAAOxAGVKw4bAAAgAElEQVR4nO3de3AUx50H8JYQkpAQCCyBEEKLvIAEwgIjgY2xQBgMAssoGHyyY/vw+RnH8SN+Ja5LYiUVx3f25eW7ch1JVeqcuror1TmJMYnjVOI6Oz5fHsYpkouD7ZRshG2iRQTMQ9Ki194fQw3DzHRPT8+je2a+n6Ko0e509296emd6umd283K5HAEAAABwki87AAAAAIgGdBoAAACACzoNAAAAwAWdBgAAAOCCTgMAAABwQacBAAAAuKDTAAAAAFzQaQAAAAAu/nQa0um0L/kAAACAsgq8ZxFCj+GPfx4IuggAYFi6sFJ2CAAgn9eRhnQ63dvb60soAAAAoDJPnQb0GAR0tl8qJcPO9ku1f/6WHoIoxhxFqGcAcCTeaZDYY7A9umkv4sBnq7P90j0v/Vr7x14ttJA4aZETemzsmIPeIr0rFlqHLLhS9rz0awUbAAAoxdM9Dca7GfQ+xBtvvGFc5+23316yZImXUgghff1Z0yvvvvuudbV33333qae/b/uWUgQifPjev33q6e97ydC4Di238GuPvV3au3pItNgYMYewRcb4O9svZWyOX8UFt0VPPf192iacOXkooEIBIHzNzc1iCcU7DcZhBuOow8qVK42rmf4UU3T+jZDaJZF2AdqfyRQXF+3qamdfQytl0aJF/qbiydC0jlgMQWBHYnyXtqb3bRnOZo8cyaRqUwJpjaUbW2Z02dYnboTkceDAgdra2tLSUtmBQIQNDAwMDQ2lUiKHoxD48PSEUkyHbH24VX/RuAJt2ZQbLRPtdXZxptdpcVqDMeZjmnnhnGIw5aZHy8jNWiHGyBnl0nIzprVWGnu7+M++jFBp7cEUFa1czjpnBGYbkikGWlm2sVmDEWjkjN0aj34PAAQkbp0GI8c+gZdMHE82nOctnhL5j+O25ZqSi+Vm/ZNdqO1Wm1708fzEE6r3HeE9JFoMwmUJJOTcrQAAVv58uVP4d0Qaryxt5yZsz0/WFRzPHLRM2JfFxgt6V0dkaz5e0nq8r03gDGTsmohlKMYxZ+87gqcyTZ0zzhhoZZkKZfdTbYPkaeToMQAAv5iPNFhfdByRjjSl7n5XKhgBnPEzhvr5a0C4rgQaue3MGgAADwmdhms++yP+lX/4ze3CBSXwmKjOJrudC1AQZ2XSVnNVA7RMjPeC+Dh4Y7yzQZ02AwDqU/0Hq7q7u2lvaUfSO3d1PtvzkttsrVdd4KPYjNwIU6EGHBu5frtM6KEBQFRJ6DT88Jvbm6b/vnP5SZ5/wqXYzu/qb1lX5smTcSagTT9bX6flTMuHJzDbtG6Ti+EJ2JcwbE9v/OdmjzuCkYQH7R4FnrLYwwwCjRy9BAAQJueeBsb4gY9Mh1Thpyc4c6DdJml63fb8YbuOMR/GPZi0GBhrcubGyZobY+v4I7GeLK35uArey47wUhatOF/KEkjITqLCGAkAKCsvl8vJjsEZ41cutS93Kp9eHkS5OIDKFWj9GzP38uVOfsWgCFpI+HInHvhyJ/BO8S93Uv2eBkiy+M24sx+hlE7BkABAKXF+5BJigDGjH0X+Tgz5K071DAABwfQEgLTpiQjB9AQPTE+Ad4pPT0RjpIFxwCorHCopKamsxBENxA0ODk4tOL0Y50UAACbc0wAAAABcojHSMPbhq7S3CgYy+cVFY2cwPQHicsPZomOZsQ+PyA4kVAU162SHAAARg5EGAAAA4IJOw3nq190iOwQH6kfIKTYbojJUMgD4KxrTEzTaMfG3e74hOxB7pkP2O69+T1Ykqqlfd8s7r35P+5/2LjttoLEZ/wxnrwW0UYxKBgAQEO1Ogy8CPaoac5Z4+FbqzOExmBA2JPy9FmgLVGrvA0CkRXh6QjsU/rLniVWdD8iOhYt2+JYdBbiDvQYAoIvbSIM+7q2/YrpqNL2ovWI6K9CSW3MwFsd/MUdLZQ3PGo8xB9or1iDZmRtrjFG0NX/a675MLtB2pSkHazDsyuGMkxGVKR5aGLZl0WJzjNC0f2nLtrFhsAEA/BK3TgOxO0NYj9f6sul4Wr/uFlpy2rLY4djxrG+7TDhubbOmdTxn8BfNOL0xEgpj7AvaCq7ydBsnT9MinuvEeypXCQEA+EV4eoKG5946xpgz7VBLy8HtAINtKbTMPZ7VONPSasaanPPWRb+G9NnxC5wXBeJk7DV2GLZlmUp07AZZI7RmYgs9BgAIQlRHGozH1t/u+UY411UCJ0LGTEck8G9yVCb+OUcj9GXHqSKPZXGmcpx2EejFAgC4JaHTcOrbxfwrl92Xpb0V/lnK9srbbZIIcTX4H5Ut5YmTc7RJbO8bhxxoKzhGyCgOXQcACI7q0xPd3d20t7TZ+l/2PKHs9zREGibFTVSoENO9OLbr6HexhBsaACSChE5D2X3Zrx///A/Ld/P8s83Bevh2PEo6ziU7sp1ddpUDf+a0cwOtRONdCDzrMzBm6Bn5i1WO7V7j3zVuK0c4Tna2AnXCHmZgpLKubF0NACA4cu5pYIwfBId2ix//ZZlpTX+v53jCM85b0yKxzcfx9kZjVtYktKJpy7alGFejlcJIyMiNESHPnwJl0YpmLPOX5XsqFcZIACAe8nK5nOwYnDF+5TLTnykuLppejl+5FOTxjOL9EQYfCeecHc4eOZKpTaXkhhEQWjz4lUvfHThwoLa2trS0VHYgEGEDAwNDQ0Mpnw5HvlP9ngZQjcdZHhLH71j0XifBUS0eAIi0qD5yCbKwZzpcZRKbk5kvdRKEOFUyAKgA0xMAPk9PRAWmJ3yH6QnwTvHpiWiMNDCObmPjfRMlJQWVlWHGAzGTNzh4ZuxQQc1i2YEAACgN9zQAAAAAl2iMNJzad5j21kjmWH7R4Kny0TDjgZgZzmbHMx+fGqQ2MwAe430fD/61aKLYxZfeCitrqQ6hFAATjDQAAAAAF3QazrO8q1V2CA7UjzAIIWx15yM3ekmezP3CgAoBiKVodxqWd7W237tTdhRUy7tajf9kh6M6ZatI2cB85O82Lu9q3d/zGi1PdllB17aUT2USmhAkRLQ7Db4I9PO8v+c1/Z/EA0ckjln7e14z/ik3ZmPppsDCF0JV+LiNWo9BhUgYRYT8qZTehAD8EuFOg3Zseunp59ruvFp2LFzk9hsAwAqfSlDKyOj4nV/7n89+63ejYxOyY7EXjacn+FnHRY19fP11/UXtFdNRg3GVacrBWBz/xQQtlTU8azzGHGivWINkZ26sMUbR1vxpr9OqwhSkadm6Cfz7hb05xj9tq+5Xz/7cWhBt2xnVZQ2V0Sps17EWarv7OJsKY9eYGqFttdAyYWwX/zAD7aNqysG6RezGbxs5P8dDh+ktU1mdj9xobUvWmL1ECPF23SMvEEKqZhbJDoQqbp0GYncEsR6M9GXruYqWnLYsNhjreNa3XSYcI9XWtLbHWbGiGYc/RkIBrvYLe3MIvbvDXzojf2sYPFXB05Zou89tU+Fcnx0ef/3zc8zTbeO3jdx7PP62eX8/KRAnJ0+f0Ra2XDZ3coGi8wCKhuWF4zGaMMckOS+hhAcYbEuhZe7xqMeZllYz7NMhu1z28d16lekqSFdr+n5QZm8pT1XQdhNPqG6bCiMet03dyJdaZWcicEJ12w4J81PJDsO2rD1P/vvqXVcy0gpECMlx8xdfJIQsubC8aYG6P4wQ1ZEG42fvld17w+mwC3y8eUZ0Vca/yTxr2o55xO9iy8tpgPNiWjh/4TAEeslSuK1Aa2v0tyy/UkHsHT+Z1RbaV9fIjYRNQqfhzZbv8K/cvO8O2lvhf/Zsr7zdJokQV4PDkd5SfwlXBWeFh1DVtkXoY/XhxCCGJzDOIRaBT3dfX9+vnv257YSOqwghgW597KeEkNYVNfWp8qGhIdnhUKk+PdHd3U17S5vufenp517ZvTfEiJIiuAEAPWeMzRpFZcRlv+znhwMSlfqHWDo1OKItdKxNy43EkYROQ/O+O/Z2HP7jPUU8/2xzsH68HY9iphUEDhC2s9eucuDPnHZapZVonKXmWZ+BMYPLyJ+/cqyZyz1Se9yJPE2RMdTPiIFRgbb5c+4anpZvW4RARfHcz8Gf3LHx25YovH8dP1OMstjDDIwIeZYhfiYmcru+8BNCyKbV8xemZsoOx4GcexoY4wfBod0Cxn/ZZFrT3+stnvCM88q0SGzzcby90ZiVNQmtaNqybSluBXQ5y7kTGaU7biZPVVj3CP8+peXPs2vETtjGiQl2PqbzpbUaXTUMt42fFrnbsmhFM5a1P/v6+gQK4owQ4uqkPsywTvVhBkJIXi6Xkx2DM8avXPZnMsVFReXl6t5rqjiPo7LxGNQdzmaPZDKpVMpxzQhtr6xQQ5jYkosRRl9f36zZs6fgVy7BjWs++yNCyIZVqbu6Ls7PzxsYGBgaGuI5HEmh+j0NoBqPszwQHEV2TfzueFCkYiGWPjpySlvYuak+Pz9PbjA8ovrIJcgiMNYN4VBn1zAm9aNInYqF+LnniV8QQjrXL5h9QansWLhgegLAxfQEAAOmJ8CV3g8+fvgb/00I2f2lzZUzSrQXFZ+eiMZIA+PjcaxvtLikpKyyMsx4IGbyBwcnHTpTthhHYfBkUumJ0trZpaXRuGQE6bQeQ1d7g95jUB/uaQAAAAjbOwePaQtXrFJ0UMFWNEYaDu87RXvrWGZksCh/tJy6AoCjbHb448z44UG0IvDk477x2lrZQUAUTEzkHv32q4SQm65ujNAwA8FIAwAAQMj+8O4RbWH9yoh1M9FpOE9r13LZIThQP8IgJHOr3UIthQP1DB6dGRn7yu7/JYTs2ra0vCyM22Z9FI3pCRrt07t39yuyA7FnOri81rNfViSR0Nq1HFUkTK89WjWyqzfoypfyWQhoo17r2Y+2Cl5c/7mzv5ek/i9NWGGkIdjrhtd69uv/JF6gROLayHQUVjxmpcLzfg4L4RQY/mchuI2S+3GGSBsZHdcW7r2hedKk6J2CoxexTjtQPvf0S1ff2SY7Fi440ABo8FmAxLrukRe0hbaWiN3NoIn29ISV1pMwHo+MVxv66/qL2ium4xctuTUHY3H8lzW0VNbwrPEYc6C9Yg2SnbmxxhhFW/OnvU6rClOQpmXrJvDvF9ttIXzVa82EkZYYTni05sRIy17Z2jDYO5r2CnvrbKvIlIk1ZsdyOauXFpUpHloYtmXRYnOMkN0g2bFhkgK8eGjXKtkhCIpbp4HYHcusRxZ92XquoiWnLYsdOBzP+rbLhGNU3JrW8ejGXzTjQMxIKMDVfqFtC3Ha++zktF1sWw/8aRkrs2Pzi2NNum1yxNsm8Owy4rmleU/lKiGALe23qVY3Vbc0VsmORVCEpydoeM4ljNFRntOJMQe3F3m2pdAy93j85UxLqxlrcs5TNaN6jevznI1sg3S7Gmd4tNrjKdq2CIHqMq1vCtWXk5bjQIvbItzufcL8LLDDsC3LsZYcI+RskOgxgBejYxPawvpVtYWTJ8kNRlhURxqMR4G9u18J5wrA1UnOmiSKRxz+TeZZ0/ECXVmcV9shRKImt/VjbQP+lsWZyrFBClwbANB0PbyHEHLJRVVNi2bJjkWchE7Dd1re5F/5jn3NtLfCP0bbXnm7TRIhroapI72lbJz1INA8eBgvppWtZJ7AOMfwxD5TjrUkXHX6XImXTAA+PpXVFjavSUd3mIGoPz3R3d1Ne0ubrX/u6ZeU/Z6GSAvuFKXn7HaGQgqVT9UxoEL18jTI12Q/NQ1Rd8uXfkoIWbW0qmlhtH9eUUKn4Y59zYc79hbd80eef7Y5WA80jp9n73PDtvOgrnLgz5x2FKOVaJwR51mfgTGXzMifv3KsmYdwzuDc+zy1x9gux2lyxm5iV4KrYQbbz4JwcscmZ1ui8EfDsSUzymIPMzBSWVe2rgbgxcDxIW1hx8b6/Pw8ucF4JOeeBsb4QXBot5vxX0CY1vT3yoMnPOMMKy0S23wcb280ZmVNQiuatmxbilvhVK/japz1YLumdTX2bvKyaewm7aoIt03O9k+BsmhFM5b5y/I9lQpjJBAVd37lZ4SQK1alFqZmyo7Fq7xcLic7BmeMX7nMZPqLiorLy8vDjCdOPB774nHozGaHM5kjqVTgP1ArXF3shIHuBUV2sSJh6Gzj6evra2qvKy0tlRISqGng+JDWaXjqgfXpec6nqoGBgaGhoRAOR2JUv6cBVONxlidpfKkuzvkLgZxVpnJLUy0eUJnWY7iqNc3TY1BfVB+5BFl8HFdPgtCqy9V9D5GgbEuLWT1DoDJHT2sLW1svlBuJXzA9ARDe9ATEG6YnwGhiIrfzwecJIR1rL7xl+zLOVIpPT0RjpKG6pYz21mjfsZKS4spK6goAjgYH888cmlS9GK0IPDlRGuHn78F3H2bOXu7uuLJBbiQ+wj0NAAAA/rv/yZcJIX+zuWH61CLZsfgmGiMNB/v30d7qP54pHi4aHMf0BIgbHs4eOZmZ0j8YTnHzq1rCKQgAZHnn4DFtYevlMbmbQeOp05BOp/Xl3t5ez8EAAADEwaPffpUQclNH47QYDTMQL9MT6XS618DYgYifDWu6HF9hv+57ACpkBQyoZ4DE0n4CmxDStrJWbiS+E+80SBxakHU4DqFcL0XwpN2wpuvl13sYKzMyCXrzN6zpMv4LtCxjoQHl/PLrPeg3ACTQxMTZZxJvu6ZpxrRiucH4LpI3QmqnvdiUazy1GIvw/ZSj9xjEhFDtL7/eo/8L54wb6Eah3wCQQNpjloSQyy+ukRtJEPzpNGhTFb5kBaDBGRcAImf4zJi28Klrl8fsbgaN16cntFsZjD2Gjz76yLhCJpOpqqryWMrRY381/tnV+emePc9oyzfsuPfZnq/vuOpO/V39LW1N44taQu1FfTXTOta0Z2M4+ldjufor1rRHj56Llpa5aQXj2VEP1fS6MVtazqZ1TOv37HnGuAJt5Q1ruvRaMoXEriItlXUdx6pmhKS/Yo2HFoNtWbTAtP/HxkZHR8dsd6gpftqybWzan1p9Gl8snDhsu/kQdSMjIwMDAydOnJAdCEjzmad+oy00zJt8+LDIJ31wcHB0dFQsLb/q6mqxhF6fnlBhgGFX14Oms4j1PGH7Im0d29Ws5TLW51yBWE60xpMW7bTEmbMXjFpirMOfp9uYafHQYhAry3sqVwkBIGb0YYZbty0omBTJ2X9H4p0GWo9h7ty5jD/FjOSb+1wVFRfoyz/4yW7T10hXVFxgmr/Xl003DZjW0V6xnfvXSjSWa5tWX4eWue0GGrN1XGbkbFyfXQp7ZcfN56wi/XXO2jCmNa5guyYtB57dalyuqLhgeDh7w477eHaoKaE1bNtdbKqT6irBPj4o7sSJE5WVlfga6cTSHpq4aGHlVesvEs5E+xpp4ZGAoPn2PQ0kml/VEOiseXCZR3Gyn/PhDn3ZdPZ1tcli9WObyrZ/Y+rQaAll3Z8LACoYGR3XFjrXL5QbSaDEOw3CXYQvP+vi6/Ae20X9LkhfBH3zfORyDg5PzLR1TKdtxz6BbT7skSTOCBnFoesAkGTXPfICIWT1suoVi2fLjiVAqk+6dHd3yw4hMuJ6uvL4pKi/MTCe6QjzSVEAUMr4+IS20B6vL422ktBpeGzXvtz7HfPJPTz/hEsxHb4ZI8/GV/SLRce0JtYTGy1z72g5u8rf9vTGf3rmrCL9dR9rg5YnT1mMYYbv/ceTjFSmlQP9Og0AiJxrH9pDCGldMbdhPuvGshiQ84NV4YwfGE8etHOh6QRjnai2rqNjTMCzM2ev5vg6f87WJNZ7/UzrOOZjm9w4r28KjFaN/GVx5um9rCBSqTBMAgCBOn4yqy1suTw9uUD18XuP8nK5nOwYnLF+5bI/U1xcZHp6AmwFegJT4ewoHMPwcPbIkUwqlQonJPzKZVwdOHCgtrYWT08kjfbQxGXLqx+4aVV+fp7H3LSnJ4I4HPki5n0iMIrfjLtpekJ6r8VEwZAAwF9/GTitLVy7qcF7j0F9cqYnQBb210VEDs8MlCxxqmcAoLn7az8nhLSvqUvNmS47ljCg05A4AZ3JZJ0glT0xKxsYAPjlw8wpbWHzmjq5kYQmGp0Gxhxw3pm+kpKSysrKMOOBmBkcHCTZQ/OrFssOBACi5N5/+AUhZPsVCxMyzEBwTwMAAIAA7f5HQsiVq5MyzEDQaQAAAHBL/zannZvqqyoS9LwMOg0AAADuaN/mRAjpXLdAbiQhQ6cBAABAxCe3Li4tKZQdRajQaQAAAHBBv5thW1ucf9DSFjoNAAAArt2+Y1nh5EmyowgbOg0AAAC89GGGtStq5EYiBToNAAAA7tzddXHS7mbQoNMAAADARR9muLSpWm4ksqDTAAAA4GwoO6ot3H9jSzKHGQg6DQAAADxufPTHhJDUnGmJHWYg6DQAAAA4Onn6jLZwY0djAh+a0KHTAAAA4ODmL75ICFmxeHbzkirZsciETgMAAADLqcERbWFbW7K+NNoKnQYAAACWXV/4CSFkbXNN06JZsmORDJ0GAAAAqtGxsz9o2bE26cMMBJ0GAAAAhq6H9xBCNqxKXVhTLjsW+dBpAAAAsKd/m1PHunR+fp7cYFSATgMAAADLuuZ586qmyY5CCeg0AAAA2NCHGbraF2OYQYNOAwAAANW2tgVVFaWyo1AFOg0AAABm+jDD5svq5EaiFHQaAAAA7HVtbphTOVV2FApBpwEAAOA8+jDDFZek5EaiGnQaAAAAztG/zemGq5ZUziiRG4xq0GkAAAA4R/s2J0JIO+5msECnAQAA4Cx9mOHmzqWlJYVyg1EQOg0AAABn6cMM29oWyo1ETeg0AAAAnOfu61ZIKXfg7XeeeXHL6999RkrpPApkBwAAAKAE7aGJFYtnta6oCbnokdODT/xgnbbcN+1AyKXzQ6cBAADgnLaWVOHkSWGWOHzixJPPbyCElHyQLhgpWjKjOczSXUGnAQAA4Owww+plc5obq8Is98vPtmgLZQcb5k6kVm7fOWnmzDADcAWdBgAASLqh7Ki20NZSO6UopDPjn/b++L+OdRNCCv9SUzw0fcvq6xq2bBkYGBgaGgonAAHoNAAAQNLd+OiPCSGN6Ypl9bNDKG5w4Og/vdiuLU/OVDeMXbz9K4+FUK536DQAAECi6V8avXNTfQh3M+jzESUfLJiWnbHl6r+rvWRV0IX6BZ0GAAAAcklT9bJFswItIvN/b/3r73Zpy4X9NStntLbdfXegJfoOnQYAAEgufZihs21BcKUYn6gkQyXzPlpxy1e/FVxxwUGnAQAAkm7DJamGugsCyjx7+vQ//qBNW57x3tK1jR1Lb90WUFlBQ6cBAAASSh9m2Hr5hQEVce6Jyr76uePzN918+4y6+QGVFQJ0GgAAIIkmJnLawpY1dXU15b7nrz9ROfnInJLTM7dedsOizZt8LyVk6DQAAEAS7XzweW2hc73Pv02lf8MjIaTwcG3D+LLtX47GE5WO0GkAAIDk2nBJqmJGiY8Z6vMRpX0Ly86Ut2+9KbXmMh/zlwudBgAASBz9boabOhrz8/N8ydP4ROXkzNyWCy6P3BOVjtBpAACAhLp2U/20qUXe8znvicrBqXMPX3TbV//Ze7YKQqcBAACSRR9muHJ1nffcjHcwzOi9aN1FVzfe1uE9WzWh0wAAAEl0U0djRfkUj5mc+07oQwtqx9Ltt981fV6N59DUhU4DAAAkiD7MsK5lnpd89O5CYaa6eLC8o3XXwo0bvAanPHQaAAAgKUbHJrSFW7c3zZwuOMxgvINhyofzF+Uu6vj7RwsKC/0JUW3oNAAAQFJ0PbxHW2gTHWY490TlwUVlI9M3bf5k3dpWf4KLAnQaAAAgEc6MjGkLt13TVFriemDg8P4/fPf3t2jLk4/MaalYE78nKh2h0wAAAIlw/ef2EkLmV0/f2pp2ldA4H5F3umzO4cbbH/8X/+OLAnQaAAAg/kZGx7WFHRsXuUp4ur//6z87+whl+XtL1zV1Lr39Kp+Diw50GgAAIP6ue+QFQsjy+llrLnbxSKR+B8OUD+pqRxd23HXv1KqqQOKLCHQaAAAg5s79BHYr709g690FQsi09xu2td2WbmvzPbDIQacBAAASoXXF3GX1sx1XGxsZefw/z/7EVMmhBQvzFm996KHCqaUBRxcN6DQAAECc6cMMV1wyf3JBPntlfYBh6sH60tFpmzcl64lKR+g0AABA/K1srFpyYQVjBeMTlQUDVc0VlyXwiUpH6DQAAEBs6cMMn7hiEW2YwfhE5aST5ZWZRbd+6VsJ+YZHt9BpAACAmGtdUbP4wgts3zLe8Fj+3tL1yz7RdM8nwooretBpAACAeNKHGba1LbRdQe8xFB9OzT/TcNVd9yT8iUpH6DQAAECcta+pS88rN71oHGAoO1i/ff2ncMMjD3QaAAAghvRhhs1r6kxvnfvRqb5FC/IbNt9/35Tp00MNLrLQaQAAgLiZmMhpC51tC1JzznUIznUX3l80dXTalVdeh69scgWdBgAAiJudDz6vLVy1boG2cN4TlUdnt1Qm8TcqvUOnAQAAYkUfZuhYm64on2L8hseC4xWVR9M3f/5JfMOjGE+dhnT63K+L9vb2eg4GAADAK32Y4foti403PE5/r3H90m3L7t8hKa44EO80pNNpY0fB9CcAAIBE129c8GTPam25sL+mbnjJ1Z95oLSS9aWQ4AjTEwAAEB/aQxPLlj/+p6NnX5l6sH7nxrtTay6TGVZcoNMAAACxsmz549pC2cGGdEHDxk9/CgMMfol8p+HfXsHsFPjkt7IDgBhAK5Jt2fKzC7P+3LJpI56o9Jn/nYY33njD+Ofbb7+9ZMkS30sBAACwNelYRdPQurnbN31MyJtvvik7HHeOHTuWzWaPHj3qvKoHzc3NYgn97zSsXLmS8afvftOzajx/rCQ3NdBSAtU/651pA3OLcxF+/qd/3h8qDjXk5Tn8UL2a8vLIYMGJ7PTjlQMLZMci7kRp//iksaoi0gkAAAM9SURBVIpT82QHIm5gxvuFg2XTRyI8jIzPsnRjZOT0zCPXb3k81RTVi9VMJjM0NFRXZ/4WS0VEfnpiy10Pl5SUzJ49W3YgEGGnTp06dOhQY2Oj7EAg2t56663a2tqysjLZgQAERbzT0Nvbi+9pAAAASA5PIw3oKAAAACRHVCeuAAAAIGR5uVxOdgx+whdTxgZ2JTjSZkhNX01LRAdBaWnFmqJ19pZ/Ppc/rb81ADpfjj9eWo51n2p8aTm2jYSz5ThMT3ipOP5W7jY3geS03KTvgGTya2/y7w6xDE1xsrNlBOMYIVqLdNqxzrrHra/w52bKhPN79/nTWmOmbQW4olejl4+kl5Zj3ae0P61pTQFY09o2Ev6WE9TTE7Tt9NKm/TqkcjaFcHZAYvnei2fsDi8ZmlYQCMYxQrQWL4z1bKpJ07UB+0xg+6LwrvHSvPnTWtdEvzMIpmZg/BSzz99qthz+9m/LRaeB9gm0LZIWge9tmn1552WkMZwdADq3u9L3mnccdmKsgAO9goytyHjU4kyOCTLQGRuDdlDiv+KPGRedBvYnUEo12Q4GOEbFPz8EoRHblQCuSOkxeB/9wihUmPRdbxxL4O/rK3KkCq7lBPvIJeetA5w4T/aOZXHOD5mKxkfXXzx7U+JFIf88YgjBAJv+2eSfTuLBnle2DcM2B7HGgNtcost7y/FeenAtR2R6gp+ry0TH2qRNOrqNyhV8dAPCHgHi52oH8XxicaCPB+t4sivsLqPATVGuoN8pl5fTiveW40UILYe30+DxE8hDbFP9vbYwwUc3TAK70u0O4um5Ct8Hg9YikWo1z98YbO+3VW1zksPV7c8SeTlSeRTS0xPhEN67EncA2Aqix+BjhjjQq8/tfKLpmQvve9NUuikex7tuedJaY/Z9K0Bjqv/gehLWPeh7y7FtJPwtx+HLnWgDDL2Ux8lo0dNGKbzPE7P3JU8SWubWZsHeAY4vgo7nBlXHOnTcQbap2FHZZsjTobRNSyiNzceYIerQ3VSfgvtIYkguOg0xlpDNBL+gwYAv0JAiQbXdJDcedBoSsY3gIzQYAEgsaqcBU2IAAABgFLcfrAIAAICA4KexAQAAgMv/A1ugKtyEX3dSAAAAAElFTkSuQmCC"
                                height="200"
                width="700"
                margin="0 auto"/>
    
    
        <p style="width: 100%; text-align:center;">
      <a style="color:#0d0d0d;font-family:-apple-system, BlinkMacSystemFont, &#039;Segoe UI&#039;, Roboto, Oxygen-Sans, Cantarell, &#039;Helvetica Neue&#039;, sans-serif;; text-decoration:none; font-size: 9pt;" href="#reportTop">
          Back to top &#8593;
    </a></p>

    <hr style=" border: 0; margin-top: 50px;  height: 1px; background-image: linear-gradient(to right, rgba(231, 231, 231, 0), rgba(231, 231, 231, 1), rgba(2311, 2311, 231, 0));">

    <p style='font-size:15px;line-height:24px;margin:0 0 16px;color:&#x23;212121;font-family:-apple-system,&#x20;BlinkMacSystemFont,&#x20;&#x27;Segoe&#x20;UI&#x27;,&#x20;Roboto,&#x20;Oxygen-Sans,&#x20;Cantarell,&#x20;&#x27;Helvetica&#x20;Neue&#x27;,&#x20;sans-serif;text-align:center;font-size:13px; color:#666;padding-top:30px;margin-bottom:0;'>
        Powered by
        <a style="color:#439fe0;" rel="noreferrer" href="https://matomo.org/" title="Matomo Analytics">Matomo Analytics</a>
        <br />
        The leading open analytics platform that respects your privacy.
    </p>

        <p style='font-size:15px;line-height:24px;margin:0 0 16px;color:&#x23;212121;font-family:-apple-system,&#x20;BlinkMacSystemFont,&#x20;&#x27;Segoe&#x20;UI&#x27;,&#x20;Roboto,&#x20;Oxygen-Sans,&#x20;Cantarell,&#x20;&#x27;Helvetica&#x20;Neue&#x27;,&#x20;sans-serif;text-align:center;font-size:13px; color:#666;'>To unsubscribe from this report please follow this link: <a style="color:#439fe0;" href="__unsubscribeLink__">Unsubscribe</a>.</p>

</div>
</body>
</html>
