<html style="background-color:#edecec">

<head>
    <meta charset="utf-8">
    <meta name="robots" content="noindex,nofollow">
    <meta name="generator" content="Matomo Analytics">
</head>

<body style="color:#212121;font-family:-apple-system, BlinkMacSystemFont, 'Segoe UI', Roboto, Oxygen-Sans, Cantarell, 'Helvetica Neue', sans-serif; line-height: 24px; margin:0 auto; max-width:1000px; background-color:rgb(255, 255, 255);box-shadow: 0px 0px 5px 1px rgba(0,0,0,0.75);">

<a name="reportTop"></a>

<table style="width:100%; background-color: &#x23;3450A3; color: &#x23;fff; padding:10px 0; margin: 0 0 25px 0; height:64px;">
    <tr>
        <td>
            <a style="color:#212121;font-family:-apple-system, BlinkMacSystemFont, 'Segoe UI', Roboto, Oxygen-Sans, Cantarell, 'Helvetica Neue', sans-serif;; font-size:16px;padding:0 15px;padding-bottom: 8px;color: &#x23;fff;height: 22px;display: inline-block;vertical-align: inherit;" rel="noreferrer noopener" target="_blank" href="http://example.com/piwik/tests/PHPUnit/proxy/">
                                    <img src="http://example.com/piwik/tests/PHPUnit/proxy//plugins/Morpheus/images/logo-email.png" height="30px" width="auto" alt="Matomo,&#x20;free&#x2F;libre&#x20;analytics&#x20;platform" />
                            </a>
        </td>
        <td align="right">
                        <a style="color:#212121;font-family:-apple-system, BlinkMacSystemFont, 'Segoe UI', Roboto, Oxygen-Sans, Cantarell, 'Helvetica Neue', sans-serif;; font-size:16px; padding:0 15px; color: &#x23;fff" title="View Web Analytics reports for A very long name for a very tiny test site, that also reaches the 90 character limit fully." target="_blank" href="http://example.com/piwik/tests/PHPUnit/proxy/index.php?module=CoreHome&action=redirectToCoreHomeIndex&idSite=1&period=week&date=today-date-removed-in-tests">
                Dashboard
            </a>
                    </td>
    </tr>
</table>

<div style="margin:0 20px 25px 20px;">

    <h2 style='color:#212121;font-family:-apple-system, BlinkMacSystemFont, &#039;Segoe UI&#039;, Roboto, Oxygen-Sans, Cantarell, &#039;Helvetica Neue&#039;, sans-serif; color:#37474f; line-height:30px; margin:25px 0 15px 0;'>
        Hello,
    </h2>

    <p style='font-size:15px;line-height:24px;margin:0 0 16px;color:#212121;font-family:-apple-system, BlinkMacSystemFont, &#039;Segoe UI&#039;, Roboto, Oxygen-Sans, Cantarell, &#039;Helvetica Neue&#039;, sans-serif;'>
                Please find below your week report for A very long name for a very tiny test site, that also reaches the 90 character limit fully.
                <br />Mail Test report (each in period)
        <br />Date range: week April 4 – 10, 2011
        <br />Sent from http://example.com/piwik/tests/PHPUnit/proxy/.
    </p>

    
    
<h2 id="Actions_getPageTitles" style=" color:#0d0d0d;font-family:-apple-system, BlinkMacSystemFont, &#039;Segoe UI&#039;, Roboto, Oxygen-Sans, Cantarell, &#039;Helvetica Neue&#039;, sans-serif; font-size: 24pt; font-weight:normal; margin:45px 0 30px 0;">
    Page titles
</h2>

            <img alt=""
                                    src="data:image/png;base64,iVBORw0KGgoAAAANSUhEUgAAArwAAADICAIAAACF9KXqAAAACXBIWXMAAA7EAAAOxAGVKw4bAAAgAElEQVR4nO2dd1wU1xbHD7DsAgssS2/SlipVwYqIvfdo0Kixl1hijNGYosGWpzHlpZmmSUwzmGJiTKKxJEbN0yjRGKKo2EGFqIhYYAF5f4wZx92Z2dkpO7PL+X748Jmdufee39yZuffMbePU2NgICIIgCIIglnCWWwCCIAiCIPYBOg0IgiAIgnACnQYEQRAEQTiBTgOCIAiCIJxApwFBEARBEE6g04AgCIIgCCfQaUAQBEEQhBPoNCAIgiAIwgmVkMgGg4HcPnnypGAxCIIgCIIoF/5Og8FgoDoKJj/FpejEPxKljCAIF1LiAuSWgCCI/PDvnsCmBQRBEARpUuCYBlszsFdbWRIc2Kst8SeudRtgj5rtEcxnBEEsIo7TIGnfhDm0pRuxEws+Wgb2avvt5r3EH3X/wlW7F67afaumjgwmhzo2COXArI1ds9RnRLpiNnPIpLPy7ea9CrwBEARRFIIGQsK/YyGpHsP+/fupAYqLi5s3by7QytlLNSZ7jh8/bh7s+PHjK1/7iPaQouChcO6jD6987SMhCVLDEKl9sq2C+Ln8/X0jOge4uDjZPvfYz4s4Skpi0sai2QZnRNU/sFdbltMRy5x0Z7TytY+YTqH2+jmJjCIIYnsyMzP5RRQ6e8K8gaFVq1YsP/mhuX8gJPFKRH1pNvlJS2lZqY+P3lOrFa5HIPHx8eLG4pKgSZj4+Hj412kAgHU//zNjeMtAXw8ewgTCLp56lCkkv/xkobyiwtXV1Vev5xKYat38zrRHaPMzJS6gsLCQd0HjqJSXl9fW1kZERMgtRFkUFRXFxsa6ubnJLURBVFVVVVRUxMXFyS1EKKLNnlAI5s4EsUHupAZg2jZJjSkRYj+7OZP9TDrNxVDTMel5Ya+TaNWS/0nZC1ftJo52SNXt/qsKAN74/I/iHS+s/3Ij7bmz26XVZhLXPNPYz4t77csilel+MFFlktq7H200Cc/PD2CSZKKByRatNnMxPG5ylsvqGH4PgiASIdo6DaC8+RQmxeWba74Ungh7gc4lpMVuY/O43MtxWrsm0an1a0SwV3SoR7uWCSvX/g4AiV3mnSq9FhPuw6ScVgNTtWR+1iY7RayfuEgVfiGES2LSwNsWj4g8WukQBEEIBE25NEFEWRah1nxcaohvN++dPmGoeQCLNYd5JWe+n9YcbTVpEfN0hMRlOrv0AS8SG7mZ4SoXZy+teuGU9tkZYQDw4caihat2N9xp5GidSTBtXOkqJ4spW3shxo3ozTEzmaxYvCeZ9lPbY6hG2f1UWpFcbnL0GBAE4Y7QgZBKhrasZGqRdoyik0vFdqexkdjISAiMDPEqu3AdAFQuzj3bR3+9fm1QfDcAWPT2HtuIUTIc9bM09XPPAd55xeMmp+1ZQxAE4YIMTsOQ2Ru4B/76lcG8DZmUiaVlpbyTshe4VAP5b911CIimBSqXirdMnfrIhh0nACB9wIv1DXdULjzboqztC1AgHOtUpmBW5QBTItSxICI23lBHNqDrgCAId5S+uFN+fj7TIaIk5ddIYP7W1UQgxz92ymoW5Gc+kaSxRWLQqD53p8gufue327X1PKw4TMsNb5SQAxZvcnK4jM2lIQhir8jgNHz9yuA03Z8DM65z+eNtxbw0JMc0mJfmVo3S52KOqbxmKqCpQyW4hOeigSV6VfmRlklBTOnERuonDUkntv+zZq+xroG7UVqLolRLtNUb97rZ2gvxwbofOWYmF5jGKNBqA7MuD5ZmBqaILDc5egkIgvBGnjENLO0HImJSpPKePUFNkKM5luGTtPUHbRhqOixjMJk0mIckmxlGPNB3zLBOxPZ/315nkoizk1OzYK9jv7yc0OlxAFj63v9mjmgZoGdcwsFcG8vZWYxrcoh9oJ9Vb/NCLoQQW0zmRLHFIyJ7FCW0kSAIolicGv8dFqdkRPnKJY/FnRysACWcBj8ft6lDW2jULgBgNBrLLpRFR0XThq811i9bfff0ZVn6SdL8Z0ncqsWdJNIgF0yScHEnWnBxJ1pwcSdzHGZxJ6WPaUDEgmxm6NU+mvAYLKJRq54Yc3dBzzc+/+N02TWpxDHgeD3u7FMoZUeBkhAEURToNDQtEqP0CVF+3MN7azXPTc1umxoCAB98W/T3ycvEEg42w8H8BnL0rgKrZwVKQhBEaTjyOg3CcZgylGxmyGnZzNq4Ls5OPbNjVCrn3QfLCrYUA8DiaR1E1seKRFdBrour2JtKscIQBFEO9uE0pMQFCE9EA9cCA/U6nU54UnZKn5yY3jn3rfxdU1Ojbqzkkr2pcQFp8YGrCg4CwMJVuz9/YYDalVMfhz3irbmt0WiCgkS46xAEQRwJ7J5wfMjVtPre7zFYhbOzU7e2UU+Oa038HD5vI78lHBAEQRD7xT5aGupLdwpPRH2lFBr09dXyfxrbljz40lViY1h7t4Dawvr7V8W8YzRqKsvqS69wTK2FvnHJcK8Fn1cDwMj5362dqXdXO4mqVxGo/qlwdnWtr5N89oS8qMJz5ZaAIIidgS0NTQJvd+iX6S48HWcnp4Qw1+WjvImfY16vvHCVbeknBEEQxJFAp+E+EnLHyy3BAlYpJJsZxnTWitgkEBOk+nDG3c9nP/ZB1cVKPv0Uys9qBwAzGUEQcbFvpyEhd7ySi0VCHvknl4yUZi45SRpx0/TQOL812ad1rCsAzHr/+pHzdVZFT8gdf2zn+0x5wp5XUudkQu74nAfntx08x5ZXTSJDLJmMIAjCA/t2GkRB0lL12M73yT8bF99kM8OgNh5SmPbzcn58gGf3dDUA5K+v/v1E7R1uq4sSHgNvu0LicmTX+uV7N7xky6sm3Umh34AgiIjYsdNA1D12VCbKIrVzijot0lWixJ2dnMZ00vbP0gDAixtv7virViJDMmJHNxiCIIjU2MfsCe6Yt3tT3+Fa9p1pspMIaVIrMEWnHiL2U81xf1lkimWSOK0eagpMexJyx6cPeJHYHpDlbnKOJhF7jV1CzTEW0yaZRt0fqnd5Z+utd7feyn/1i8undhX//C77uTMdNQ9pLsAkBXMx7JkDzFnBUZWJHiYZtLaYtFlUaHJ9mbZptdHmCYIgCA8czWkAuhqC+Nll5MI/vn9d66ml7jQpT4lubNroTNv8imOLtT7tNnDoTKF6DBUnd4b5DbZYZ3A3zVS9dU1ze3r5u5GZo0Kb9w1t3jex82QWv4E7LNeCKYBVaVp77Zj0MMngZ0t4LKsiIgiCcMeOuyeYoC0rE3LH7/h0MTUMUwXDVNSalMK8GxhorTAlLqRWc3WGH/87iEssWtPmIln0JOSO3/fZo4vyvIifaf2WJ3V9hLtsLsJojVpbLzLlM8coTOfOZT/pb1EtWnSDzBWyjyGlRmQPgCAIwgN7bWkwKcpt817Fo2+bpadDIsjxj6M6uQufZsn9lImQ7rqw+NzZAJDaZ1n5tYYgH8UtNc3ljHIenE9uW+wqEmiLYyyL3S48vFgEQRBrkcFpqH7Vio+se82qYTpk++FptG/e1kaxDfEhLj0zhH7M3qrGfzJk9e07E1ZdA4CZa6renKgL0CnLb+ByRXatX+7q6qr3NV0R0treEFpb1CYHpgAWFbKYQ9cBQRDpUHr3RH5+PtOhY5TZjDZUpGjI0Qz9stycnQQ1M/BuvPFyd35zki7L4AoA01dXHS21bgkHxaKEUQImY3FowxyzqylFCILYFzI4DV6zal6qnP+1zztc/mhTMC++LZaSx3a+32XkQpYULELbu2xVCtwTZ6obmCya7M9OVLeKVfNTyNJDz6LHZH+At8uaV2Z1SVEDwHMF1ftLjLRLONBeNe6XhkfmiHgRmc6dab/5IZZ2CKZY5oHNgyEIgkiHPGMaWNoPpGPHp4vNp1yCNRPxTUKK+z7HNALRZD9t5U38JEczfPjui6teOEdNx+LwRmpS5lGYTDNtEz9r6xo9NE6bCmtXfntjWi+PTsluYFZfmuehVc4c98xh+cnDFpNplm3utkSPpYQ2EgRBHAOnRm6r+MmLKF+5LCst9fHRE1MuHRLCaejUXD2lp9bFmVPfhNFoTO0+VUiNYrFC+ulQzerttwBgVEf3Xi3c1Con6eowsVKuKK+gHdNgYxliwaTH2q9cFhYWZmZmiiTKQSgvL6+trY2IiJBbiLIoKiqKjY11cxM6rMqRqKqqqqioiIuLk1uIUJQ+pgHhCNnM8GC2O0ePgR/sMwbN6ZHhNrWnBwB88uvtj3fearjT6Hg97tbmiS1Rmh4EQewae51yiVAhPYZh7dz8vaWdrcDe00FLlxS3IJ3LovXVWw7VbjlU+8F0H5vNkrUNPPLENjhSJiMIogTQaXAcUiNcerWwuj1w84cLrI3Cox5Kbub6n5HeT316HQDGvXntzUk6KSozGStIZdbNylSFIIj9Yh9Og7Wdr7QYb5+AwECVTic8KUUxZPYGYiOnXZo+LsqquPU1NbW3SlThKeLLMiMhHFbH3X7vqz/3/XVx+ntVq/N7+ercbWCXB/V3zrloNKqgILmFIAiCKAsc0+AgdGgR1j4jTG4VFvDVuY8bmJqZFAQAE/M3F5++IrciBEEQxArso6Wh+sAF4YnUl1beugDO2pvCk1IOYz7dR2y01mkbiv6ptjK60Wi8U1ZVXSNC9nLEHeDRllHv3q7fc+bK06/9OrtTfEYYz0kK0mGsuNLoqq7WN8gtRGEcr65utN2tYhfUVFbW1RmrK2QoSL2yQm1vFEGwpcERaBmuTw62p26X0a2ieiYGAcArvxzfdxbbGxAEQewDdBruIyMvR24JFqAqJJsZBqeFqVzs6VK6q1UPZUaNyooEgFW7SzYfvWhsuMMS3gbXRaAJ5d85NgYzBEEcEnuqaczJyMtRctlEyCP/xE2c9Bh6JAZH6O1yxaruCcFjWkUBwLo/zq0/eE6xl1KxwkRE3HPMyMs5VLCLKU12W1LntqRPJYtR2xhCEKmxb6dBFCR9ng8V7CL/pDCUHqrrkRBsMZhiy6wu8UFPdE4AgK3Hymc89uFNYz15SF7NXaYOILcPFeySUQnYJCtEPEfCY1CCEhYTkj6VtBZtYAVBbIAdOw1E2WSzx144IkolmxmSgnQBnhpR0pSL1FCf/F7JWrXLrlOXp31RWHnLKLcipAlhRwUIgigB+5g9wR3zdlGqj99hfC+TnURIk1KDKTr1ELGfao77ywRTLJPEafVQyWqmz47xp6bJJJIl8cHzH6bmGItp8/SZ9jNlhYlIcnvwtN7b3t824c0PfcIyHttw8NUhLTqN7WpuiOW6mJigzQH4t4YwP0eTPT1nDmU5d5bsMpfKclfQhjE3Snv5ON4qLJfG5CakzRaTKA8umGCesvlJcXwQmB5VkxTMz8jiFeSS+SyqTPQwySA2yBYpWvFAOU2xFCKIvDia0wB0JQjxs9+cEbvf3+yp1VJ3mjzPRDcnbXSmbX6NsewFH9M28ZNsZshs5uvt5sqSMrUxhr324miapfhjicgFf63m4tEfslvm/F1ePevrg1++8cPQGX04Xhf20wFmd4eJLa9/2XPmUKZYFs+US1ZwuZeYLh/362VVeHZ5GXk565esiY+PtxiXOxavKbsDwVG5cD0sGbvj7Y11dcagwCBrvSV+ChFEduy4e4IJpjJ600vrqGGYCiCOr1C8GxhorTAlzlKmxAV4ZjYzXeHAPB0uwmhN00bnUgUCa/ZSw5uEMd66Oq9b8zaRvgCw5Kcjnv7xTCLZMQkpeqHMfqZcsoLpMnGRau2twqLH2ludiii5yp4IjwrV2vsQWJ9Kdhm0tkwsWnSDuChEEEVhry0NJo+6bRx2Ho83U2snb9IHvEhsPJjeTKNyEZ4gO9xPmUtILm3LY1pHe7u5bj1Wbmg/+fezV1pH+lklWAkIqQY4vkzzTp+3DB5esixYm4Hmd6O4tsSKhSAKQQanoTDrXe6BMw9MZjpk+2eP9s3b2ihCuNPYSGxcPbc/PqiNiCnTYlXjsFhnqlWrRmVFBWg1n/1x7s3dJdduGzvF2dk3IHhnBccMt0G1TWuC6J5QuOvARRjHJhYuT/fVykqie4K6k7YjzyqFCKJYlN49kZ+fz3ToEGXelA0Vycm4z34nNv45uVNqW9I13pAps7TN9kwKKf1rAwB8Wnjuqz/PSyFDadhL9/Yhu5qyxB17yX8EkRcZnIbMA5O/63ehaKaGyx9tCuaPt8VS7FDBrn5zRrCkYBHa3murUuCeOG21So5/HJASWlN9iVaJeTrWKmHpwWVJn3vmmCfOdCGunN7zeKd4ANh89FJ42lDqEg4iIvAicrkVWZr6WTSwZCBt+hwvDZc7n9YEj4ziMp6De3QmASZ9DWI9pBafKRZb7M0MLAq5bCOIvMgzpoGl/UA6Nr20znzKJVgzFskkpLjvW0wj1Mj9xGiG65eOdB6U8QCzEtp0LA5vpCZlHoX6k8WWuAM4iATddeEx7Sb7RbX9rPBsXosI89ki/JJl+kmy4+2NHGspLibYw9C2u7DkM1P6XC4Nvwr70L+TCNhPiozIdBdxF0CrnNY9sviThy0m0yzb3G2J/qQgiC1xavy3m1zJiPKVy9LSUh+9nphyaXeQzQyjMiO7J1peApIjRqOx9eiuQootGzTqllfXfHno/O/nrgLAfwe30HuoJTUHAOUV5a6ual89zec37agRW3Spx48fJ6dc2tKuDVLmLcN8TIPNUPJXLouKimJjY93c3OQWoiCqqqoqKiri4uLkFiIUpY9pQKgEeWo6xgbIq8Hatm7hBHm5DctolhToBQCPbTh4+soNqS3aKba/NLQ43ogHhWQsgigBe51y2aQgmxlGZkXaYJolOzzauoUT6OU2v3vz1389ceD81fzNf8/rkpgcYk+fArcNslwaFiUOU7kqJ2MRRHbQabAbWob5pIfRNJgLZMPyj6yNIle5Oa5NtM5Ntf1ExQs7imfmxGVF+Npeg8LrDOXIk0KJjGennIxFEHmxD6dBlN47le6mR2Cgl87O3lCHzN5AbAwbmu4VJXI1WVNT4+x9wytFuZ2jVLwApmdHhG4//vGmv1/fdWLC4LQe7aNdVeJ3sVWeq9doNF5BdrY+hOQ4XfTKtI9bxWbcKndxqq31isBsQZoKOKZB0ZAeQ9+OhgSxPQY7ZWDnuLEDUgBgzYbDX2w5KrccBEGQJoR9tDRcOFAtPJHK0nq4cOum1v78pCg/71Y+QaJkgglGo7Gq7M6FGvFTlpQsr2B1rsuuY+e+3Ha8/Oyt/hkGD7XQqZhUrlQY1a6NDXo7yxapqT4OFxoxT+6jsrLGWFenqriXLaFZXjLqQRCpsQ+noWky49NtxEZymL+/l4e8YpRGWniAp8b19JWDu06U1jU0DG4Zr9WI6TcgCIIg5tjfa7ek5ORlyC3BFC+Na5fECPKnAhXaANqzjgnwmdOjVcuIoL2nLr7188Frt2ptL0xRNM17w/ZgPiNNGft2GnLyMpT8ABPyyD+r4pLNDEMy4zWuTaJBiMelDPHx7J9hiPbzPnPl+rMbdpVebbqN5zl5GbsKDgFzNrJnr9TPkZBnQYhRKZLdVXBIycUOgkiKfTsNoiDp87+r4BD5x8NQQpC+VXSIcBl2UcYRdR4JR80BXh6zumdlNAsAgOU/7jtRflUScWYoKktJj4E3AqNzNCHkWeBnUbqUFXUDIIjNsGOngSgo7ejp5S6VbGbokRItpSIHQeXiPLx1Uoe4MAB4ddsff56vkFsRYgE7emwRBKHiaO3ehCdBLY+obxu9xncw2UmENCm/mKJTD5FNwaQ57q81TLGIPcSHqQCgnSE0IdjXXB7QvVlS95iLNN9J8vD8wdQcY3ndN0+faT9TVpiINNk2PwXu18XTTT28ddIXG1eHJPV+79fDpX9+efXc/sbGBvPsZZHHEszENFOWWozLHtj8xmC/0Ex72M+O9gExScRcc05expol61nscsxeJlUmephk0NpiyhOLCtlvSHZtRPob395h3akiiJ3jaE4D0JVlxM8Rc/ptfn+3VutJ3WleVzFFZ9rm1zLMUvQTzQxB3h5dkyJpT4d7ytTGGBaRXIpOsFQQs0TkgVXXhaSi5Oc7d+rDkvuHpw+dMnpe79QY2svEIo84VF5RrnZ1ZbrEtPnAZMLa7BKedRaxmJPW3nIg7BSY9Ih7pwmPZVVEBHFU7Lh7ggnapzonL2PdS5uoYZiKQi5vydQUrH3Jo7Vi4jEAQNHBH4N1WoHlL8e4tOdFG51JD1PmsOvkUhvRimSk8c6G51+dmJMWH+jz/eFTXxwodla5cZfHlHtcTNOa4JFdJuFNpIpSaVlsaLHWhLVXH1ifBXYZtLYs5pJFhRxvSPQYEMReWxpMCh3bvAFYVcmZR+Gu0NXZ6WLxZoAl1poTHe6nzCWkxRd0UciICPTQuF7a89fOY6WhKQNuG+uFp8nxbVu4ITvF2vwxvwfEtcUxlsUbkse7AYI4NjI4De9mFXIPPPlAJtMh25fRtG/e1kZhgWxmGNQy/sA3dVZpkwKrmqkVVarGB+mnd26xuej0QWj91s+HXN0EfXCEYz7wuD24QH2ZVlQmU+EijGMbHr9nymIu8c46sq9ESCII4jAovXsiPz+f6dAuygwuGyqSnBh/b2IigLxIV0WZDCiRwgQAhOm9BmTE3rx69tTlayHJ/S9cu8EvHSVX1Q6AErKXyw25y64maiGIdMjgNEw+kHmh33eamUVc/mhTMC9oLD7PuwoOjZjTjyUFi9D2g1qVAnviZDNDl6SoTiNa0pZiTBapPeJcwrPA0pfMkj73zDFPXLo6I8DL49T/3mkZGaQPy1jw2YYzl6+R2ljeVsmfTOMeaG1x6SZnuUzsmWBVMwPts8A7usVbjtYi70fD4p3MYou9mYEllnlg82AIghDIM6aBpf1AOta9tMl8yiVY875rElKKN4+r5wtnzpvHMkqOtvKmDQP3D+VjH95ITco8CpNppm1aK9YiSvbeaTA+mJXgpnL57SS8uOXA6X1rrpcfZdFmnlEc84E2pHkw9svED/PK0jzrrDJh7S1H+5OHLSbTLNvcbYkei8jzykobLSaGIArBqbGxUW4NlhHlA4+lpaV6vQ8x5VJpkM0MT/TMivL3sZldo9HYdXRrIZWWEpqXubDxUMlPf58BgOGtE9sZQl2c2drYiCmXer343yLnnV3sESW9CmTix48fj4+Pl8gKdxkKgXQajHV1QYFB5H78yiUAFBUVxcbGurm5yS1EQVRVVVVUVMTFxcktRChKH9PQFCA9htbRIc18veUVYxGr2tWVQ5/UmEEtYuOD9J//Xrzj6Dmb2RUluzj2X/BIWcko+U5Tmh4EsRn2OuXS8dC5q/unG9jfgJWAiO3qtkTl4tyteZRe61ZX3/DtoZLrt2t7p8V4qCX/mrbNssuqcQ92gWLvNAfLZwSxCuyekBmymaFPakyftBgbWzcajWVlZdHRTegLF0cuXi74/diVG7fbRIcMb5Po6uJiHka67gm7Rt7uCWWC3RO0YPeEOQ7TPWEfLQ2iPIc3darAQA+dTmGP9KcAAGnxAXl5SV5atY2N19TU3PB2Dk1RWJ5ISSh4RaX7fPPz8d8OXbilqp/5UKa/j7tJmPpzlRqNJiioCWULFy46QWgm5sl9uJTfqq11Co3AbEGaCkpvDHdshszeQGx0aBFue4+hyRIboR/ZJzky1PuvE/+s/fav0nIR2rEQBEGaAvbR0nDm0gHhiZRXldY6Xai8rRWelLi0SHQPD6k4c+my7U0bjcZ/qsvOXKqxvWnZmTjUc8PWuj2Hyo6evjR2sH940D2nrbyywtXV9XajXiLTUcFZEqWMIAgiKUJbGgwGg8FgEEVKU+PxFeeJjawUrZsGm3xsjdbdZWBXfasUj6tVDd9srzxy8rbcihAEQZSOoLrKYDCcPHlSLClKpmt2nsU97PtNID2G5Fi3uCjLw4U4JssFEZOyd7y0LiP6+nVq5XnqvHH1l5f3HrpxR7xxwZjPCII4HoKcBrk8BrmKY9HtBvu59OmoU7k4iWKCS9yu2Xnb9xSwBGZJROps75qdR/2T1BbVaO+OPv1ydQnRbuu3VO4uFG18w/Y9Beg3IAjiYNhlqzhR7dmvXbKZIS7KPSRATa1aqCZEr3JIj4EfNsj27XsKyD/b1Ljb9xS4qpy6tPXOSvYID1Z9s73qu5+v1RrFaW9AvwFBEAfDLp0GxyA51i23Fc7UYsTGNW5msrZntk+Iv8vPv1f/tLf+zh07WL8EQRDExog/e6KsrIz6s7y8PDg4WGCal69eof7MGzit4NtV1O28gdPIo+Qh4ii5s66ubmDP8WRgagrmEan772q4fIVql9xjHvfy5XtqzQM8v+YWsRHs23Cnrqpr9jS4v1GBCElEpO6nJssk2ySMSfiCb1dRA1w4enLruZUAcOn7LnHDu5L7u2bn0WapyemDWRYRsczDWMxqFv3kHouX2OSQiS0mYdT9QT7w64ZXAgydjkDakVM3Zwxv8NY6m99sLOdlfmoF364i8pO6U33nAu3pK58LF+xVuUTcvHmzvr4es8WE+vr6iooKlco+ZufZhpqamtraWuXcKqGhofwiOsJFNakPyJ8mxfrqT5azBGbZBrOayWJ4iwESIp1TYlVgVtFSqzqmaomLaS4QHgMAHI/b0fh5Y/zwbrTpczk7c4XmCNHM5RJTNfCzRYS8WnXn7S9vAzj9/Lsxp6XlxTO45BWCIIhjIL7TEBYWxvKTH0ZnU+/M39+P3Dbva/f39zPpv9++p6C0tBTMBg2YhCH20Pb9ExaZ7FJjEWFoE08f8CLxMyvVJ7LZvRUjqMla3GaSbRLeHPLo1cMlDy/UA4D2TLy2xqsisfBE3M+3P6vJHjHQ/NRoT59jFpH7WTTTKjQxweUSW7RF3U/dNrle/v4wI6/8l8I7RSX15y7VajyDqAHMI4Klu9E8T0KDefr48nLx4kXebyeOSnl5eW1tLWaLCVevXg0MDMRlpKlUVfEIoKkAAB3ESURBVFU1NDQ4wK0iyGkgV2ggNuxx+qWkveZMiUeFqtMSPKRImQv/HCj+4cp/AcD5ml/bxM51ET6+m/XFMdtKE/63vUDCVZ44Tu4gt01qX6tOmV/+UGOp1J4hyf2gWdaA8c8MHLTg22+WmISkOjRERLnG5yIIgtgMQU4DPy9h0VorlsN7bowIa0GyIGlBb5I4OWmif2edq8qJLgbPlLmzdstUYsPreFJuh15eydFlZWVtHhnq/an37/5fX447OG14u93bJHH+uGhmCmPSeGDRJ6BNh70liRqrvLzC1dXV11f/9dbK3X/cMLSbvPfPGxbNoeuAIIjDo/TZE/n5+XJLEAfSY2idqo0Ol6TVzmJ1RXgM7udivE4l7tpW4tcigTyUNLJHd7dHnKq9b8QXZ0yrqyw6LYVCfgicKSqEfp10vXO8r10sWr+5cvEba4B1ToctZ4oiCILIggxOw3NjDjSe7hcFM7n88bZiUnzTFuXmRTz5smgxrgnmFRtt/ZEa55bbSui3uZlks+skBjG4lUV51HoPeeSxV7593SR8aG76yS8adaeSAWBj2YoLO//krsHiUlFMmnnAlCYXW+zNDOax1K7O3dvrpk3sePv6ha9+qvx+57Wa2jsg8XIaCIIgikWe2RO2aT+gVgPkQEiWMECpDEzi0lYMLB3wJhHJ8Y/BAa4hAaYD8pnSZ3+ptWidyt02hpOxvvX+7Yf1Z0p/+56Cq4dLtu6prYkp2VrzVvZXw2Mf6MSUJm0WmQtjykbujQcc0xRuiylWVop2WfFPHQdM2r63uupGA8dYBDI2kyAIgoiOU6N4i+1LhyhfuSwtLfXx0Xt6yvCVS6JvIj5SM7yPr4+3TR21WxevfHH4GQBwqfR1/yv0gWUzqEeNRmNZWVl0dDR1Z4OxbtPqd68Z/gKA9NJ+GRP6cTGkhNpRLA3kmAbqzlPna7fvrTp6qjY51u2B7nqO15FWkp1+5bKwsDAzM1NuFcqCmD0REREhtxBlUVRUFBsbi7MnqFRVVVVUVMTFxcktRChKH9PgANz7NlWcu409BgAgPAZNWURCVdYDy2ZwaUt3Ubt2HzAs5FhrAPgzfNP+d76WXCVfTLonJPVaYpppBnf3DfBx+bukZtPOqqtV9Vzkye5IIQiCiAg6DTbCX+/cJs2mjRxXD5fc7ZU4H5Ph3rrVlCHAeW1mj/DAHo+ONxzPBYAjUT/teO2j2srrUgvmAXE6xJ8Nqmd/H9UjIwIzm3v8ceTW65+UX7pcxxIYPQYEQRwPR1gRUsmQzQyDuvqqXW3nolUWnf7u4osA4FTlk5vYK6hDGnmIe03WbspQ1WrVMcP28wm//fxxba9HJ7EEtveviHHEx1s1oItPw507h4prNv1yLbeVV1wkfRssegwIgjge9uE0iNIHXFetCwwI1Ol0wpPiyJDZG4iNNqkhfbLb2swuuRKGz6mUPjmj47p1ZQpZU1NjvO4dFZzCFMCwuN3Pr7/+q/fa8oTCjavqHhgwPSzL8Xu1nY3nNBpNUFAQU4BUA7y9/uBP/ztz5GTNow9ldmqFXdoIgjQJsHtCcjKbBw3qEm8zc4TH4HY+Rns6fmj/mSweA0c6z5w5wG2+S6VfpeHw6r+n/FN8TAyZds+4Qal5vRIB4LXPCrf+74zMahAEQWwCOg1SQTYzBPtpE6J8bWOU8BjcS2M8jF6PPf2hWK0CLfKGDjHM1J1KAYBV+0YW//ijKMnaNRq1Kq9n0ozhLQP9PN5af/DT7/++XWt5aCSCIIhdg06DtMRH+PTtGGsbW4THoD0T73sr+OFJi1Rqy19o5E7z/v2G9JnmftYAAAUVC/Z/9LGIidsvXdpEjuqTnBTt+9W24x98c1huOQiCINKCToMkkM0MLZODg/0lnzRx49IlwmNwuaaPaIyZuOw1XbNw0a1EtGk9/ZE3fUvSAeCHxle3vvKy6CbskQ4tw0f0bp4RH7ht79kXPth3teq23IoQBEGkAp0GCfHxUg/sZIulPF7a0g8A3Etjkq9nD3l6oXSGtAH+o8YvCDnRBgB+8/3su+efl86WHZESFzB5WEagr/vewxc+3FiEfgOCII4KOg3iQzYzjB2YplFLOz+l7EDh3ZGPZVGtfXIHL8gXt1fCHH101OSlb8aUdAaAP8K+XvvsnNtVVZJatAuC/bWLp+V0zAzf/UfpU6/+ev6SEpe1QBAEEQg6DVKRFhfQMbOZpCYWrc1a/fcUAHC+6t83eWyn6dMlNUcl78n85DO9AeBM3M5PXnjGZnaVTKCfduzA1LapIf9U3pq1YvvfJy/LrQhBEERk0GkQGbKZYUg3aadZkosx6E6lDEuclTKQ0xcixELtqR363JLsq6MA4EL83jcWTrhwCIcBgo+X2xNj23RtEwkAC97YteuP83IrQhAEERN0GsSE9Bi6to5Miw+UzhDhMXici/U4Gzus/8zE3r2ls8VCt9mP9XV5THU56Irhz/f+HF91nuY7ok0NZ2en8YPT8nomAsArHx/YtveM3IoQBEFEA50G8QkJ0A7sIuH4x7seQ6nB3aid9sgb8i7RmDVqVP/oSbrTzQHgvzsG4RIOAOCuUeX1Spo6LAMAVhUcXPfDkVojLuGAIIgjgE6DaNybZpkYHB7kJZGVu4sxnI7X3woYOX6BNsBfIkPcSRsyaEjvGW6l0QBQULHgYMEXcitSBN3aRs0amQkAX2w9tnZjkdxyEARBRACdBpHRqJ1H9WsuRco3/7l8dzGGSv/QOxETl72hj46SwhAPItq0nvrwK34lGQCwsWbFz2+skluR/Dg7O+VmReQ/kp0U47d5z+mX1v6OUzERBLF30GkQB7KZYXS/FImmWb74Qy8A0J6LbV7dbui8BVKYEIKuWfjwMfODT7QGgF+93v9+xXK5FSmCtPjA6XktQgO0ew6Vvf/N4es3auVWhCAIwh90GsQkKca3Z/to0ZMlF2NQXwxr4d1+yILn1J6SrzLJA//Y2ClLV0UezwGAA8FffvTsHOONm3KLkp/QQK9nJrXv0CL8t0MX5r+6E5dwQBDEfkGnQQTIZob+uXEuLiJnKbkYg6oiuGfUQ11nPSpu+qKTNy+/+eleAHA6bucn/3labjmKICTAc/zg1KzmQZcu35y1YvuxM1flVoQgCMIHdBqEQnoMOS3DWyUHi5v4vcUYTjcfGDe55fA8cdOXAnedblj+0vZXHgKA8/F73lwwsfyvv+UWJT8+Xm5zx7Xt1jYSAJ56def//iyTWxGCIIjVoNMgDmGB2r4dDeI2M5Aeg/t5w7B+s1IGDRAxcanp/vjjPe7MAIDLsYfe/mMMLjUNAK4q53GD0ob2SACAlR/+/vP+c3IrQhAEsQ50GgRBNjPER/oZwn1ETPnuYgznDX4lGVPGvCTvYgz8aDdu7CCPp7zPJAHAC990xSUcAMBdo3qod/MJg9MA4PXPCj/ffNRY1yC3KARBEK6g0yACfjq3Eb2TRGxmIDwGz7Oxuhq/keOfleI717YhfdgDD/Z9TFMWCQAFFQsOf/2N3IoUQa/saGIJh/Vbij/ZhH03CILYDeg08IdsZujeLspf7yFKmsYbNwmPQXUlIMAYPnnpKuUsxsCPsKzMCUOe9ytJB4AN1Ut/W71GbkXy4+LinJsVsXBKewDY9OvJ/35yoPJ6jdyiEARBLINOg1AyEgJ6dzCIldp/vsoFAM8zCQnXWw2fv0isZOUlIDFh+Jingk5kAcBW17c2r1wptyJFkJEY9Mq8LpGh3r8Wnn/v6z9v1dTJrQhBEMQC6DTwhGxmyM4I99KqhSe4aG0W0cbg+k9wunerofmLlbkYAz/8Y2OnLn272fH2ALAvsODjBU/UG41yi5KfyBDdnIdbt88I2/vnhVFPbcIlHBAEUTjoNPCB4jGEtcsIE54gOVHC9WJ4t4C8brMfE56mAhkxb0niqR4AcCr2l08XPyW3HEUQHuQ1cUhai4QAAJi1YnvJuUq5FSEIgjCCTgN/osO8O7eK8HBzFZgO6TF4n0nsaxjdesxowdIUirtOl7fo+TYVeQBwJm7nmwsm/VN8TG5R8uPj5TZvfNvu7SIBYN4rvxw4clFuRQiCIPSg02A1ZDODr849NT5QYGqkx+BWGpU3cF76sAcEJqh8es2d26V2MgBcjj24at9IueUoAo1aNXZg2uCucQDw/Ht7fy08L7ciBEEQGtBp4ElkiNfo/smuKkEZ+O9iDLF+JzMm5C0PzUgTSZ3SyZk8ub/6Ce3ZeABYtDbr+Jaf5FYkP+4a1eh+KWMGpADAfz85sH7L0br6O3KLQhAEuQ90GqyDbGZIiw+KCNYJSequx3Au1uu2fuS4Z/1jY0XQZz+0HDF8RJ856ovhALDu0tO49BNBv46GGcNbAsDnm4s///Go3HIQBEHuA50GPrROCe6bE8M7er3ReHcxhstB/rXBU5e9Ze+LMfAjLCtzTK/FvifTAaCgYsH+jz6WW5H8uLg4d2kT+ezk9gCwYcfx1z7FJRwQBFEQ6DRYAdnMkBTjH+jHfz7ksnXtAcDrdGJ8dYvhcx1kMQZ+hGakjRq3wP9ESwD4ofHVrS+/LLciRdAyKWjlnM4A8MuB8xOe+xGXmkYQRCGg02A1bVJDcrOa8YtLLsaguuqX6t1yWP5Sd52gPg4HQB8dNX3pu6HH2wLAb36ffbpwntyKFIEh3OeVeV3apoUCwPB5G3EJBwRBlAA6DVwhmxnapoX6eLnxSIGcKKEpjezi9WD3xx8XTZz9M2resoSTPQCgxLAD/QaCyBDd1GEZqXH+ADBrxfYzF/BLoQiCyAw6DZygfM1S3y6dz2pOpMfgeTa+Z+zwdhMniCbOIXDX6YYvfr51+YMAUGLY8daCKZdLSuQWJT/enpp5Y9t0axsJAI+v3HHoWLncihAEadKg02AFyQa/cYPS1K4u1ka818ZwIWLEgPkt8oaJLc1B6D1vXsfqcQBQEVv4ySeL5ZajCLQe6nGD0gZ1iQOAxW//tudgqdyKEARpuqDTYBmymSHI3zMhytfa6HenVp6N9TuZPq7fkqazGAM/Os+Y3sdplvt5Q1X0EVzCgcBdo3q4f8pDfZIA4KWP9q//qfjOnUa5RSEI0hRBp4ErbVND+uda/TXLfxdjMGhrdSPHLQhKTZZAmqPR6uHRo/o941oeCgDrLj198pdf5FakCAZ2jp8xvAUAfP7j0S9+KpZbDoIgTRF0GixANjNEhHhHhlg30+HuVysrgn1rgqYte6dpLsbAj9CMtFG5z+pPpgLAJ2efwCUcAMBV5dylTdQzk9oBQMGW4jfWFV6rxiUcEASxKeg0cCI9PqBbu2ju4cmplZ6nEg030x+at0QyaQ5LRJvWo8c953siAwB+aHx1+6uvya1IEWQ2D14+qyMA7Pj93PiFP2I/BYIgtgSdBjbIZoZWKaH+Pu4cY5HDHp2rdSneLfLyl+FiDPzQR0fNXLo6+HhrANjt89HnC/Fr2gAA8VF+L8/tQmwPnfNNaXm1vHoQBGk6oNPACOkxhAZqu7aJ4Bjr3lcrz8V0Uj3Yc84cScQ1JUY9tjjuZDcAOGbY+tnCJ+WWowiiQnUfLunTPMYXAB5dvg2XfkIQxDag02CB1LiAcQPTNGoVl8Ckx+BeGtM1elDO1ClSSmsqaAP8H1q8POvSUAA4Ydj+1rNTKk+fkVuU/Hh7auaNa9u1TSQAzFqx/cipy3IrQhDE8UGngR6ymcHDTZXZPJhLFNJjcL0YPmbAc1mjHpJKXJOk75PzO1Q9DAAVcYVrP8yXW44i8PbUjB+c1r+jAQCefX3XvsMX5FaEIIiDg04DGy2bBw3pGs8lJPmda9+TaWO64dRKSej66KO9GmdqyiKqYooWrc06sW273Irkx12jGjc4bViPBABY8cG+r7Yek1sRgiCODDoNNNwbzeDvGRdpeTUnwmNwPx/tUeP98KTFYVmZ0uprwrQZO2Z0rwWqihAA+KzsyXP7fpdbkSIY2j1x6rAMAPj0hyNfbUO/AUEQqUCngZHYZj59ciys5kROrVRfCvOpCZy+7F1ds3CbqGu6hLVs8VCbefpTqQDwQfE0XMIBAFxVzj3aRz81sS0AfPr9kSGzN1TfNMotCkEQBwSdBlPIZoas5JBgfy1LyHvfoDqVGHUzefTc5yUXhwAAQHTHnNFjn/M5kQ4APzS+unPVW3IrUgStkkOWzexIbI959nt5xSAI4pCg00CP3lszsHMsSwDSY4Aat2TP9BGLn8fFGGyJPjrqkfmvBZ3IAoBftGu+WLRAbkWKICnGb+XjnYntIbM3lFXgEg4IgogJOg33QTYzjBmQyjLN8t7UyrNxHeuH95o71xbikPtRe2pHz1oaW9IVAI5E/ViQ/4zcihSBoZnP2qV9ie2Z/9l28Z8b8upBEMSRQKfhHqTHkB4f0DGzGVMw6neuO0f16Tx9hi3EIXRoA/xHLlmRcX4gABRHb3n72UeqzuOXo8FLq16zqHeX1hEAMP35rbiEA4IgYoFOgylpcQGDmadZkh6Dqjx0bL9FrR4ebStdCCN95z3Z/uooACiP2//RewvllqMI9N5uE4ak98mJAYBnX9+1/++LcitCEMQRQKfhLmQzQ4CvR1p8IG0Y0mPQn0wdlT0/ODXVRuIQVlRqdffZj/Wonw4AVw2HF63Nwq9pA4C7RjVxSPrgLnEA8J/Ve7/dcUJuRQiC2D3oNNxHsL92UJc48/31RuPdxRhKo31PpI+ZtCQyu73N1SFstJswbmzsa+qLzQDgk7NPXDh4UG5FimB47+aTh6YDwNrvijZsP45fxUQQRAjoNABQmhkyk4LCAr1Mji5am7VsXXsA0Fxqprvt/8jCt3AxBmUSmd3+wbazfE4nA8B7hycd+OQzuRXJj6vKuVd2zPwJbQHg401/D53zzc1buIQDgiA8QafhHu4al9H9U0x23luM4UxixM2Eh+cuV6nVNpeGcMXQqdPYCcv0J1MB4PuGl3e/+269EetIaJ0SsmR6B2J79DPfY3sDgiD8QKfhXjPDqH4palcX6qF7izHcdot3TXpo8XJcjEH56JqFT5i5kljCYbvm3e9eWC63IkWQHBvwwuxOxPbQOd/gEg4IgvCgqTsNpMfQPMavR7so6iHSY/A6m9ih7sHeT+BiDHaDNsB/9KylMSWdAeBws43r85/F9gYAiI3Qf7zs3hIOFVduyqsHQRC7o6k7DQQpsX79O8W6uNzLjXvfua4IyY7o3nXmo9grYV9oA/xHL1nZ/EwfADgavXnNolk3/8HlCkDroV6d34vYnrr0p+LTV+TVgyCIfdGknQaymcHX271lUjC5n7J8U+SYzs+1GTtGBnGIGAx+6tn2l0cAwKX4/R+8+pTxBr5bg6/Ofd2K/sT206/9WnjkEg5xQBCEI03aaSAIDdD26WhwVd3NCtJj0J1OHtZuZlhWFnNUROmo1Oruc+Z0q3sEAK7EHfzPV7mnf90ltyj50ahVX740qH+uAQCWvfe/LXtOya0IQRD7oOk6DWQzQ1ykryHcByjfufYojfEtSZs4dYWhUycZFSJikT1xwkNhK9zLogHgo9Ozy48clVuR/Dg7O43qlzJxSBoAvPf14SGzN2B7A4IgFmm6TgNBgN59dN9kFxfne10SFyO9bvtNfOIVz+Bg9riIHRHXreugzEneZ5IA4O39o3EJBwBwVTn3yTHMHdua+Dl0zje3aurklYQgiMJpok4D2czQrW2Ur4/7vcUYziaE34gZMxenVjog8T17TJqy0vtUMtxdwuE9nFIBAG1SQxc9kk1sj3pqU0PDHXn1IAiiZJqo00DQIjGwV3bMvcUYbmpjnOJHLV2JHoOj4hkcPH7issC7Szi8s/mll+VWJD/Ozk6p8YErHsslfg574ttLl3G4KIIg9DRFp4FsZsjOCH/5y7ufkPA+k9TB+ED/J5+STxdiC3TNwsfOXRF9IhcACkO//GLRAmxvAIC4SN8PlvQhtqct++ly5W159SAIokyanNNwz2NoEbar+AFiW3UloG14l66P4WIMTQJ3ne7hpS8lnuoJAEeifnx/8WycigkAOk/NOwt7EtuTF2/GJRwQBDGnyTkNBFFh3jcapxHb7qUxI9subDdhnLySEBvzwDPPtanIA4CLcfvWLH/8dlWV3IrkJ0Dv8fkLA4jtp1/79WBxOU6pQBCEiiCnwUBBLEGSMi5/B7GhC3iS2PA+kzi4zZSo9u3kE4XIg0qt7jV3brfaKQBQEVf4wjddz+75TW5R8qN2dSlYOZDYXvLOb9v3nZFVDoIgyoK/02AwGE5SsBe/IT1jWXrGMgDwOB/rU5Iyedp/47p1lVsUIhvZkyflhTzvcd4AAB+WPHr55Gm5FcmPq8r5ixcHThicBgBvrT80ZPYGnFKBIAhBE+qeeHJVEeEuAIDbhSjPGp8J05drA/zlVYXITmKPHv0zx3qeiweAN3cP+2Pd53Irkh8XF+e+HQ2zHsokfg574ttaY728khAEUQJNyGkgPQbtudjQW9Fj567A5ZsQgsTevadOfc3rTAIAfGd88cTGTQ04pQIgJ7PZc1PvLuEw4snvGhpwfAOCNHWcGht5FgRE9wTTT6VBLsbgVO2deLn9g/lL5dWjEGpqakpKSlJSUuQWoggqT5/5bM3zl+P+kFsIgiAOiP5Y+qPPr5FbhVBUoqe4f/9+6s/i4uLmzZuLbsVaWvks23/tGa9TiRFO8ZE9exQWFsqtSBHU1taeP3++trZWbiFKIavHqKIf3EqTcEQkgiAic9vrmnKqnszMTH4RxXcaWrVqxfJTNjLB5d2LN90qhzw1W24pCuL27dteXl6pqalyC1EQbTp2fOW50a51bnoXvdxaFMTturqyiINBZ7FR6j6u+ZQ5N6j9rofJLURZXAwv8rkQrWl0k1uIgqh1qnFv8ORdVSsH8Z0GxRKV2y4wMFBuFYgdMGT8Ujc3t6CgILmFKIv9+/e3mqaMdwDFUF5eXlNTExkZKbcQZfHXX3/Fxsa6u7vLLURBVFZWVlRUyK1CBPg7DSbTLJU8oAFBEARBEOEIamlARwFBEARBmg5NaMolgiAIgiBC4D/lUjqIXg+T+ZwgXsOGKLNDbT/FlHbNTVE08D4Xc0n21fik8HnCotPUzhexCi7dzdxvISE3m7wd31JYF/joMdWJBDbOoiY0EJKAuHiiXEIbQwoWt+gXmCEyVkLsK4WIlUti3SpKcDHFStkBXEwTMSZKOJ6j/daL5oj7+AgpVeRdAUgK6wLLWDK6pCK5o9DuCWoemWcQ9StZ5H9+382ijU5NmTaKEh5yAhOR1FMQMU/YM8SBMX9ceUQnEFeYRah2RdQgJENO3o9wMQJhEcPdY+CXFcr/cA+RA0wFo7WCeRSzCsH86khU77DkhhIeFip21tJg7kCY7ORRo9NGZ0pHUR4DE8L9UJM8YUmEepfbOGeozruJL29eoJucDj9MkqU1bRKYty3poOoX61YxT5M9KQVmDlU2P3n8skLJmBSMwl+XTbbtN2dA7HqHXyKyYGdOAy3cM5q8KtS7nza6/XoMVkGbIUB3+lxySVH5Q1sd0jqdvJPl4mKS2wrJGfOiSoo0FXUncEe4bPvNCiYnmwcCi1l54Z4PHMULLGMViHKdBvLiKSorqfeTkosDhTf62QXCyz6BL/FSIHplQJsmuxWFZIV53SDw9YM2BaYbRoEOJa2TLYsMeYsvge8VDo9ynQaJEHITKLAOYMKq4k9SJTaAqQR3gFNDpEPG51d4r5ANEPIoCXz0HKzadoBToKJop0GUtyL2PbzTVyBMp8O9093awkv2wo72pUTEjmQHu0OEIzxDZL9nxMLB7g2BvfIsO4WPIuIdXXSL7OciRRmrQBTtNJhj3qwnSilGTVBgajbGfOAViNH4yTGTFdLKSrXLpJa9LGuCLqY5PDLE7p4XHjSRrKB9ls3ved69xlYVFNQyzSorwmHPBxG7TrhXZOQhMuflLXiV6DSwdxubHGX/yX6I6X2UyzWQsYxgOWWWvlWL6bBEFz4ayPbQPle0PpZVcH9WFeJRsSM8Q8DK4k+Z+SAW9uVtm8B9QIa1iVhbzMrefsmyh3b4C5Ng6cpYGbNIiStCCod72eTwpRiBVafZRPKECsdTbjo5g08QCWYFLVikmNB0MsQxnQYE4Q7WCiY0neLPIpgVCGICOg0IgiAIgnBCoctIIwiCIAiiNNBpQBAEQRCEE/8HFuHmScwnMyoAAAAASUVORK5CYII="
                                height="200"
                width="700"
                margin="0 auto"/>
    
    
        <p style="width: 100%; text-align:center;">
      <a style="color:#0d0d0d;font-family:-apple-system, BlinkMacSystemFont, &#039;Segoe UI&#039;, Roboto, Oxygen-Sans, Cantarell, &#039;Helvetica Neue&#039;, sans-serif;; text-decoration:none; font-size: 9pt;" href="#reportTop">
          Back to top &#8593;
    </a></p>

    <hr style=" border: 0; margin-top: 50px;  height: 1px; background-image: linear-gradient(to right, rgba(231, 231, 231, 0), rgba(231, 231, 231, 1), rgba(2311, 2311, 231, 0));">

    <p style='font-size:15px;line-height:24px;margin:0 0 16px;color:&#x23;212121;font-family:-apple-system,&#x20;BlinkMacSystemFont,&#x20;&#x27;Segoe&#x20;UI&#x27;,&#x20;Roboto,&#x20;Oxygen-Sans,&#x20;Cantarell,&#x20;&#x27;Helvetica&#x20;Neue&#x27;,&#x20;sans-serif;text-align:center;font-size:13px; color:#666;padding-top:30px;margin-bottom:0;'>
        Powered by
        <a style="color:#439fe0;" rel="noreferrer" href="https://matomo.org/" title="Matomo Analytics">Matomo Analytics</a>
        <br />
        The leading open analytics platform that respects your privacy.
    </p>

        <p style='font-size:15px;line-height:24px;margin:0 0 16px;color:&#x23;212121;font-family:-apple-system,&#x20;BlinkMacSystemFont,&#x20;&#x27;Segoe&#x20;UI&#x27;,&#x20;Roboto,&#x20;Oxygen-Sans,&#x20;Cantarell,&#x20;&#x27;Helvetica&#x20;Neue&#x27;,&#x20;sans-serif;text-align:center;font-size:13px; color:#666;'>To unsubscribe from this report please follow this link: <a style="color:#439fe0;" href="__unsubscribeLink__">Unsubscribe</a>.</p>

</div>
</body>
</html>
