<?xml version="1.0" encoding="utf-8" ?>
<result>
	<row key="1">
		<row>
			<row>2012-02-03</row>
			<row>
				<count>1</count>
				<starred>0</starred>
			</row>
		</row>
		<row>
			<row>2012-02-04</row>
			<row>
				<count>0</count>
				<starred>0</starred>
			</row>
		</row>
		<row>
			<row>2012-02-05</row>
			<row>
				<count>0</count>
				<starred>0</starred>
			</row>
		</row>
		<row>
			<row>2012-02-06</row>
			<row>
				<count>0</count>
				<starred>0</starred>
			</row>
		</row>
		<row>
			<row>2012-02-07</row>
			<row>
				<count>0</count>
				<starred>0</starred>
			</row>
		</row>
		<row>
			<row>2012-02-08</row>
			<row>
				<count>0</count>
				<starred>0</starred>
			</row>
		</row>
		<row>
			<row>2012-02-09</row>
			<row>
				<count>1</count>
				<starred>0</starred>
			</row>
		</row>
		<row>
			<row>2012-02-10</row>
			<row>
				<count>1</count>
				<starred>1</starred>
			</row>
		</row>
		<row>
			<row>2012-02-11</row>
			<row>
				<count>0</count>
				<starred>0</starred>
			</row>
		</row>
		<row>
			<row>2012-02-12</row>
			<row>
				<count>0</count>
				<starred>0</starred>
			</row>
		</row>
		<row>
			<row>2012-02-13</row>
			<row>
				<count>0</count>
				<starred>0</starred>
			</row>
		</row>
		<row>
			<row>2012-02-14</row>
			<row>
				<count>0</count>
				<starred>0</starred>
			</row>
		</row>
		<row>
			<row>2012-02-15</row>
			<row>
				<count>0</count>
				<starred>0</starred>
			</row>
		</row>
		<row>
			<row>2012-02-16</row>
			<row>
				<count>1</count>
				<starred>0</starred>
			</row>
		</row>
		<row>
			<row>2012-02-17</row>
			<row>
				<count>1</count>
				<starred>0</starred>
			</row>
		</row>
		<row>
			<row>2012-02-18</row>
			<row>
				<count>0</count>
				<starred>0</starred>
			</row>
		</row>
		<row>
			<row>2012-02-19</row>
			<row>
				<count>0</count>
				<starred>0</starred>
			</row>
		</row>
		<row>
			<row>2012-02-20</row>
			<row>
				<count>0</count>
				<starred>0</starred>
			</row>
		</row>
		<row>
			<row>2012-02-21</row>
			<row>
				<count>0</count>
				<starred>0</starred>
			</row>
		</row>
		<row>
			<row>2012-02-22</row>
			<row>
				<count>0</count>
				<starred>0</starred>
			</row>
		</row>
		<row>
			<row>2012-02-23</row>
			<row>
				<count>1</count>
				<starred>1</starred>
			</row>
		</row>
		<row>
			<row>2012-02-24</row>
			<row>
				<count>1</count>
				<starred>0</starred>
			</row>
		</row>
		<row>
			<row>2012-02-25</row>
			<row>
				<count>0</count>
				<starred>0</starred>
			</row>
		</row>
		<row>
			<row>2012-02-26</row>
			<row>
				<count>0</count>
				<starred>0</starred>
			</row>
		</row>
		<row>
			<row>2012-02-27</row>
			<row>
				<count>0</count>
				<starred>0</starred>
			</row>
		</row>
		<row>
			<row>2012-02-28</row>
			<row>
				<count>0</count>
				<starred>0</starred>
			</row>
		</row>
		<row>
			<row>2012-02-29</row>
			<row>
				<count>0</count>
				<starred>0</starred>
			</row>
		</row>
		<row>
			<row>2012-03-01</row>
			<row>
				<count>0</count>
				<starred>0</starred>
			</row>
		</row>
		<row>
			<row>2012-03-02</row>
			<row>
				<count>0</count>
				<starred>0</starred>
			</row>
		</row>
		<row>
			<row>2012-03-03</row>
			<row>
				<count>0</count>
				<starred>0</starred>
			</row>
		</row>
	</row>
</result>