<?xml version="1.0" encoding="utf-8" ?>
<result>
	<row>dbc0f004854457f5</row>
</result>