<?xml version="1.0" encoding="utf-8" ?>
<result>
	<row>Windows</row>
	<row>Android</row>
	<row>Ubuntu</row>
	<row>MildWild</row>
	<row>webOS</row>
	<row>watchOS</row>
	<row>tvOS</row>
	<row>palmOS</row>
	<row>moonOS</row>
	<row>iPadOS</row>
	<row>iOS</row>
	<row>ZorinOS</row>
	<row>Zenwalk</row>
	<row>YunOS</row>
	<row>Xubuntu</row>
	<row>Xbox</row>
	<row>Windows RT</row>
	<row>Windows Phone</row>
	<row>Windows Mobile</row>
	<row>Windows IoT</row>
	<row>Windows CE</row>
	<row>Whale OS</row>
	<row>WebTV</row>
	<row>Wear OS</row>
	<row>VectorLinux</row>
	<row>VIDAA</row>
	<row>Unknown</row>
	<row>TmaxOS</row>
	<row>Tizen</row>
	<row>TiVo OS</row>
</result>