<?xml version="1.0" encoding="utf-8" ?>
<result>
	<row>all</row>
	<row>two</row>
</result>