<?xml version="1.0" encoding="utf-8" ?>
<result>
	<row>
		<label>sub</label>
		<nb_visits>1</nb_visits>
		<nb_hits>1</nb_hits>
		<sum_time_spent>36</sum_time_spent>
		<nb_hits_with_time_network>0</nb_hits_with_time_network>
		<min_time_network />
		<max_time_network />
		<nb_hits_with_time_server>0</nb_hits_with_time_server>
		<min_time_server />
		<max_time_server />
		<nb_hits_with_time_transfer>0</nb_hits_with_time_transfer>
		<min_time_transfer />
		<max_time_transfer />
		<nb_hits_with_time_dom_processing>0</nb_hits_with_time_dom_processing>
		<min_time_dom_processing />
		<max_time_dom_processing />
		<nb_hits_with_time_dom_completion>0</nb_hits_with_time_dom_completion>
		<min_time_dom_completion />
		<max_time_dom_completion />
		<nb_hits_with_time_on_load>0</nb_hits_with_time_on_load>
		<min_time_on_load />
		<max_time_on_load />
		<sum_bandwidth>0</sum_bandwidth>
		<nb_hits_with_bandwidth>0</nb_hits_with_bandwidth>
		<min_bandwidth />
		<max_bandwidth />
		<avg_bandwidth>0</avg_bandwidth>
		<avg_time_network>0</avg_time_network>
		<avg_time_server>0</avg_time_server>
		<avg_time_transfer>0</avg_time_transfer>
		<avg_time_dom_processing>0</avg_time_dom_processing>
		<avg_time_dom_completion>0</avg_time_dom_completion>
		<avg_time_on_load>0</avg_time_on_load>
		<avg_page_load_time>0</avg_page_load_time>
		<avg_time_on_page>36</avg_time_on_page>
		<bounce_rate>0%</bounce_rate>
		<exit_rate>0%</exit_rate>
		<segment>pageUrl=^http%253A%252F%252Fpiwik.net%252Fdir2%252Fsub</segment>
		<custom_row_id>0</custom_row_id>
	</row>
</result>