<?xml version="1.0" encoding="utf-8" ?>
<result>
	<row>
		<label>Book0</label>
		<nb_visits>1</nb_visits>
		<nb_uniq_visitors>1</nb_uniq_visitors>
		<nb_actions>1</nb_actions>
		<avg_price>7.5</avg_price>
		<avg_quantity>0</avg_quantity>
		<conversion_rate>0%</conversion_rate>
		<segment>productName==Book0</segment>
	</row>
	<row>
		<label>Book1</label>
		<nb_visits>1</nb_visits>
		<nb_uniq_visitors>1</nb_uniq_visitors>
		<nb_actions>1</nb_actions>
		<avg_price>7.5</avg_price>
		<avg_quantity>0</avg_quantity>
		<conversion_rate>0%</conversion_rate>
		<segment>productName==Book1</segment>
	</row>
	<row>
		<label>Book2</label>
		<nb_visits>1</nb_visits>
		<nb_uniq_visitors>1</nb_uniq_visitors>
		<nb_actions>1</nb_actions>
		<avg_price>7.5</avg_price>
		<avg_quantity>0</avg_quantity>
		<conversion_rate>0%</conversion_rate>
		<segment>productName==Book2</segment>
	</row>
	<row>
		<label>Book3</label>
		<nb_visits>1</nb_visits>
		<nb_uniq_visitors>1</nb_uniq_visitors>
		<nb_actions>1</nb_actions>
		<avg_price>7.5</avg_price>
		<avg_quantity>0</avg_quantity>
		<conversion_rate>0%</conversion_rate>
		<segment>productName==Book3</segment>
	</row>
	<row>
		<label>Book4</label>
		<nb_visits>1</nb_visits>
		<nb_uniq_visitors>1</nb_uniq_visitors>
		<nb_actions>1</nb_actions>
		<avg_price>7.5</avg_price>
		<avg_quantity>0</avg_quantity>
		<conversion_rate>0%</conversion_rate>
		<segment>productName==Book4</segment>
	</row>
	<row>
		<label>Book5</label>
		<nb_visits>1</nb_visits>
		<nb_uniq_visitors>1</nb_uniq_visitors>
		<nb_actions>1</nb_actions>
		<avg_price>7.5</avg_price>
		<avg_quantity>0</avg_quantity>
		<conversion_rate>0%</conversion_rate>
		<segment>productName==Book5</segment>
	</row>
	<row>
		<label>Book6</label>
		<nb_visits>1</nb_visits>
		<nb_uniq_visitors>1</nb_uniq_visitors>
		<nb_actions>1</nb_actions>
		<avg_price>7.5</avg_price>
		<avg_quantity>0</avg_quantity>
		<conversion_rate>0%</conversion_rate>
		<segment>productName==Book6</segment>
	</row>
	<row>
		<label>Book7</label>
		<nb_visits>1</nb_visits>
		<nb_uniq_visitors>1</nb_uniq_visitors>
		<nb_actions>1</nb_actions>
		<avg_price>7.5</avg_price>
		<avg_quantity>0</avg_quantity>
		<conversion_rate>0%</conversion_rate>
		<segment>productName==Book7</segment>
	</row>
	<row>
		<label>Book8</label>
		<nb_visits>1</nb_visits>
		<nb_uniq_visitors>1</nb_uniq_visitors>
		<nb_actions>1</nb_actions>
		<avg_price>7.5</avg_price>
		<avg_quantity>0</avg_quantity>
		<conversion_rate>0%</conversion_rate>
		<segment>productName==Book8</segment>
	</row>
	<row>
		<label>Book9</label>
		<nb_visits>1</nb_visits>
		<nb_uniq_visitors>1</nb_uniq_visitors>
		<nb_actions>1</nb_actions>
		<avg_price>7.5</avg_price>
		<avg_quantity>0</avg_quantity>
		<conversion_rate>0%</conversion_rate>
		<segment>productName==Book9</segment>
	</row>
	<row>
		<label>Book10</label>
		<nb_visits>1</nb_visits>
		<nb_uniq_visitors>1</nb_uniq_visitors>
		<nb_actions>1</nb_actions>
		<avg_price>7.5</avg_price>
		<avg_quantity>0</avg_quantity>
		<conversion_rate>0%</conversion_rate>
		<segment>productName==Book10</segment>
	</row>
	<row>
		<label>Book11</label>
		<nb_visits>1</nb_visits>
		<nb_uniq_visitors>1</nb_uniq_visitors>
		<nb_actions>1</nb_actions>
		<avg_price>7.5</avg_price>
		<avg_quantity>0</avg_quantity>
		<conversion_rate>0%</conversion_rate>
		<segment>productName==Book11</segment>
	</row>
	<row>
		<label>Book12</label>
		<nb_visits>1</nb_visits>
		<nb_uniq_visitors>1</nb_uniq_visitors>
		<nb_actions>1</nb_actions>
		<avg_price>7.5</avg_price>
		<avg_quantity>0</avg_quantity>
		<conversion_rate>0%</conversion_rate>
		<segment>productName==Book12</segment>
	</row>
	<row>
		<label>Book13</label>
		<nb_visits>1</nb_visits>
		<nb_uniq_visitors>1</nb_uniq_visitors>
		<nb_actions>1</nb_actions>
		<avg_price>7.5</avg_price>
		<avg_quantity>0</avg_quantity>
		<conversion_rate>0%</conversion_rate>
		<segment>productName==Book13</segment>
	</row>
	<row>
		<label>Book14</label>
		<nb_visits>1</nb_visits>
		<nb_uniq_visitors>1</nb_uniq_visitors>
		<nb_actions>1</nb_actions>
		<avg_price>7.5</avg_price>
		<avg_quantity>0</avg_quantity>
		<conversion_rate>0%</conversion_rate>
		<segment>productName==Book14</segment>
	</row>
	<row>
		<label>Book15</label>
		<nb_visits>1</nb_visits>
		<nb_uniq_visitors>1</nb_uniq_visitors>
		<nb_actions>1</nb_actions>
		<avg_price>7.5</avg_price>
		<avg_quantity>0</avg_quantity>
		<conversion_rate>0%</conversion_rate>
		<segment>productName==Book15</segment>
	</row>
	<row>
		<label>Book16</label>
		<nb_visits>1</nb_visits>
		<nb_uniq_visitors>1</nb_uniq_visitors>
		<nb_actions>1</nb_actions>
		<avg_price>7.5</avg_price>
		<avg_quantity>0</avg_quantity>
		<conversion_rate>0%</conversion_rate>
		<segment>productName==Book16</segment>
	</row>
	<row>
		<label>Book17</label>
		<nb_visits>1</nb_visits>
		<nb_uniq_visitors>1</nb_uniq_visitors>
		<nb_actions>1</nb_actions>
		<avg_price>7.5</avg_price>
		<avg_quantity>0</avg_quantity>
		<conversion_rate>0%</conversion_rate>
		<segment>productName==Book17</segment>
	</row>
	<row>
		<label>Book18</label>
		<nb_visits>1</nb_visits>
		<nb_uniq_visitors>1</nb_uniq_visitors>
		<nb_actions>1</nb_actions>
		<avg_price>7.5</avg_price>
		<avg_quantity>0</avg_quantity>
		<conversion_rate>0%</conversion_rate>
		<segment>productName==Book18</segment>
	</row>
	<row>
		<label>Book19</label>
		<nb_visits>1</nb_visits>
		<nb_uniq_visitors>1</nb_uniq_visitors>
		<nb_actions>1</nb_actions>
		<avg_price>7.5</avg_price>
		<avg_quantity>0</avg_quantity>
		<conversion_rate>0%</conversion_rate>
		<segment>productName==Book19</segment>
	</row>
	<row>
		<label>Book20</label>
		<nb_visits>1</nb_visits>
		<nb_uniq_visitors>1</nb_uniq_visitors>
		<nb_actions>1</nb_actions>
		<avg_price>7.5</avg_price>
		<avg_quantity>0</avg_quantity>
		<conversion_rate>0%</conversion_rate>
		<segment>productName==Book20</segment>
	</row>
	<row>
		<label>Book21</label>
		<nb_visits>1</nb_visits>
		<nb_uniq_visitors>1</nb_uniq_visitors>
		<nb_actions>1</nb_actions>
		<avg_price>7.5</avg_price>
		<avg_quantity>0</avg_quantity>
		<conversion_rate>0%</conversion_rate>
		<segment>productName==Book21</segment>
	</row>
	<row>
		<label>Book22</label>
		<nb_visits>1</nb_visits>
		<nb_uniq_visitors>1</nb_uniq_visitors>
		<nb_actions>1</nb_actions>
		<avg_price>7.5</avg_price>
		<avg_quantity>0</avg_quantity>
		<conversion_rate>0%</conversion_rate>
		<segment>productName==Book22</segment>
	</row>
	<row>
		<label>Book23</label>
		<nb_visits>1</nb_visits>
		<nb_uniq_visitors>1</nb_uniq_visitors>
		<nb_actions>1</nb_actions>
		<avg_price>7.5</avg_price>
		<avg_quantity>0</avg_quantity>
		<conversion_rate>0%</conversion_rate>
		<segment>productName==Book23</segment>
	</row>
	<row>
		<label>Book24</label>
		<nb_visits>1</nb_visits>
		<nb_uniq_visitors>1</nb_uniq_visitors>
		<nb_actions>1</nb_actions>
		<avg_price>7.5</avg_price>
		<avg_quantity>0</avg_quantity>
		<conversion_rate>0%</conversion_rate>
		<segment>productName==Book24</segment>
	</row>
</result>