<?xml version="1.0" encoding="utf-8" ?>
<result>
	<row>
		<label>Google</label>
		<nb_visits>9</nb_visits>
		<nb_actions>9</nb_actions>
		<max_actions>1</max_actions>
		<sum_visit_length>0</sum_visit_length>
		<bounce_count>9</bounce_count>
		<nb_visits_converted>0</nb_visits_converted>
		<sum_daily_nb_uniq_visitors>9</sum_daily_nb_uniq_visitors>
		<sum_daily_nb_users>9</sum_daily_nb_users>
		<segment>referrerType==search;referrerName==Google</segment>
		<url>http://google.com</url>
		<logo>plugins/Morpheus/icons/dist/searchEngines/google.com.png</logo>
		<subtable>
			<row>
				<label>search term 3</label>
				<nb_visits>3</nb_visits>
				<nb_actions>3</nb_actions>
				<max_actions>1</max_actions>
				<sum_visit_length>0</sum_visit_length>
				<bounce_count>3</bounce_count>
				<nb_visits_converted>0</nb_visits_converted>
				<sum_daily_nb_uniq_visitors>3</sum_daily_nb_uniq_visitors>
				<sum_daily_nb_users>3</sum_daily_nb_users>
			</row>
			<row>
				<label>Others</label>
				<nb_visits>6</nb_visits>
				<nb_actions>6</nb_actions>
				<max_actions>1</max_actions>
				<sum_visit_length>0</sum_visit_length>
				<bounce_count>6</bounce_count>
				<nb_visits_converted>0</nb_visits_converted>
				<sum_daily_nb_uniq_visitors>6</sum_daily_nb_uniq_visitors>
				<sum_daily_nb_users>6</sum_daily_nb_users>
			</row>
		</subtable>
	</row>
	<row>
		<label>Yahoo!</label>
		<nb_visits>9</nb_visits>
		<nb_actions>9</nb_actions>
		<max_actions>1</max_actions>
		<sum_visit_length>0</sum_visit_length>
		<bounce_count>9</bounce_count>
		<nb_visits_converted>0</nb_visits_converted>
		<sum_daily_nb_uniq_visitors>9</sum_daily_nb_uniq_visitors>
		<sum_daily_nb_users>9</sum_daily_nb_users>
		<segment>referrerType==search;referrerName==Yahoo%21</segment>
		<url>http://search.yahoo.com</url>
		<logo>plugins/Morpheus/icons/dist/searchEngines/search.yahoo.com.png</logo>
		<subtable>
			<row>
				<label>search term 4</label>
				<nb_visits>3</nb_visits>
				<nb_actions>3</nb_actions>
				<max_actions>1</max_actions>
				<sum_visit_length>0</sum_visit_length>
				<bounce_count>3</bounce_count>
				<nb_visits_converted>0</nb_visits_converted>
				<sum_daily_nb_uniq_visitors>3</sum_daily_nb_uniq_visitors>
				<sum_daily_nb_users>3</sum_daily_nb_users>
			</row>
			<row>
				<label>Others</label>
				<nb_visits>6</nb_visits>
				<nb_actions>6</nb_actions>
				<max_actions>1</max_actions>
				<sum_visit_length>0</sum_visit_length>
				<bounce_count>6</bounce_count>
				<nb_visits_converted>0</nb_visits_converted>
				<sum_daily_nb_uniq_visitors>6</sum_daily_nb_uniq_visitors>
				<sum_daily_nb_users>6</sum_daily_nb_users>
			</row>
		</subtable>
	</row>
	<row>
		<label>Others</label>
		<nb_visits>18</nb_visits>
		<nb_actions>18</nb_actions>
		<max_actions>1</max_actions>
		<sum_visit_length>0</sum_visit_length>
		<bounce_count>18</bounce_count>
		<nb_visits_converted>0</nb_visits_converted>
		<sum_daily_nb_uniq_visitors>18</sum_daily_nb_uniq_visitors>
		<sum_daily_nb_users>18</sum_daily_nb_users>
		<url>URL unknown!</url>
		<logo>plugins/Morpheus/icons/dist/searchEngines/xx.png</logo>
	</row>
</result>