<?xml version="1.0" encoding="utf-8" ?>
<result>
	<row>
		<idSite>1</idSite>
		<idVisit>72</idVisit>
		<visitIp>175.41.191.47</visitIp>
		
		<fingerprint>2b04b8f21bd15e6f</fingerprint>
		<actionDetails>
			<row>
				<type>action</type>
				<url>http://www.notdatefiltered.com/blog/category/meta/</url>
				<pageTitle />
				<pageIdAction>80</pageIdAction>
				
				
				<pageId>99</pageId>
				<bandwidth>3574</bandwidth>
				<timeSpent>0</timeSpent>
				<timeSpentPretty>0s</timeSpentPretty>
				<pageviewPosition>1</pageviewPosition>
				<title />
				<subtitle>http://www.notdatefiltered.com/blog/category/meta/</subtitle>
				<icon />
				<iconSVG>plugins/Morpheus/images/action.svg</iconSVG>
				
				<bandwidth_pretty>3.5 K</bandwidth_pretty>
				<customVariables>
					<row>
						<customVariablePageName1>HTTP-code</customVariablePageName1>
						<customVariablePageValue1>200</customVariablePageValue1>
					</row>
				</customVariables>
			</row>
			<row>
				<type>goal</type>
				<goalName>all</goalName>
				<goalId>1</goalId>
				
				<revenue>5</revenue>
				<goalPageId>99</goalPageId>
				
				<url>http://www.notdatefiltered.com/blog/category/meta/</url>
				<referrerType>direct</referrerType>
				<referrerName />
				<referrerKeyword />
				<icon>plugins/Morpheus/images/goal.png</icon>
				<iconSVG>plugins/Morpheus/images/goal.svg</iconSVG>
				<title>Goal conversion</title>
				<subtitle>all ($5 revenue)</subtitle>
				
			</row>
		</actionDetails>
		<goalConversions>1</goalConversions>
		<siteCurrency>USD</siteCurrency>
		<siteCurrencySymbol>$</siteCurrencySymbol>
		
		
		
		
		<siteName>Piwik test</siteName>
		
		
		
		
		
		
		<userId />
		<visitorType>new</visitorType>
		<visitorTypeIcon />
		<visitConverted>1</visitConverted>
		<visitConvertedIcon>plugins/Morpheus/images/goal.svg</visitConvertedIcon>
		<visitCount>1</visitCount>
		<visitEcommerceStatus>none</visitEcommerceStatus>
		<visitEcommerceStatusIcon />
		<daysSinceFirstVisit>0</daysSinceFirstVisit>
		<secondsSinceFirstVisit>0</secondsSinceFirstVisit>
		<daysSinceLastEcommerceOrder>0</daysSinceLastEcommerceOrder>
		<secondsSinceLastEcommerceOrder />
		<visitDuration>0</visitDuration>
		<visitDurationPretty>0s</visitDurationPretty>
		<searches>0</searches>
		<actions>1</actions>
		<interactions>1</interactions>
		<referrerType>direct</referrerType>
		<referrerTypeName>Direct Entry</referrerTypeName>
		<referrerName />
		<referrerKeyword />
		<referrerKeywordPosition />
		<referrerUrl />
		<referrerSearchEngineUrl />
		<referrerSearchEngineIcon />
		<referrerSocialNetworkUrl />
		<referrerSocialNetworkIcon />
		<languageCode />
		<language>Unknown</language>
		<deviceType>Desktop</deviceType>
		<deviceTypeIcon>plugins/Morpheus/icons/dist/devices/desktop.png</deviceTypeIcon>
		<deviceBrand>Apple</deviceBrand>
		<deviceModel>Generic Desktop</deviceModel>
		<operatingSystem>Mac 10.6</operatingSystem>
		<operatingSystemName>Mac</operatingSystemName>
		<operatingSystemIcon>plugins/Morpheus/icons/dist/os/MAC.png</operatingSystemIcon>
		<operatingSystemCode>MAC</operatingSystemCode>
		<operatingSystemVersion>10.6</operatingSystemVersion>
		<browserFamily>WebKit</browserFamily>
		<browserFamilyDescription>WebKit (Safari)</browserFamilyDescription>
		<browser>RockMelt 0.9</browser>
		<browserName>RockMelt</browserName>
		<browserIcon>plugins/Morpheus/icons/dist/browsers/RM.png</browserIcon>
		<browserCode>RM</browserCode>
		<browserVersion>0.9</browserVersion>
		<totalEcommerceRevenue>0</totalEcommerceRevenue>
		<totalEcommerceConversions>0</totalEcommerceConversions>
		<totalEcommerceItems>0</totalEcommerceItems>
		<totalAbandonedCartsRevenue>0</totalAbandonedCartsRevenue>
		<totalAbandonedCarts>0</totalAbandonedCarts>
		<totalAbandonedCartsItems>0</totalAbandonedCartsItems>
		<events>0</events>
		<continent>Asia</continent>
		<continentCode>asi</continentCode>
		<country>Singapore</country>
		<countryCode>sg</countryCode>
		<countryFlag>plugins/Morpheus/icons/dist/flags/sg.png</countryFlag>
		<region />
		<regionCode />
		<city>Singapore</city>
		<location>Singapore, Singapore</location>
		<latitude>1.367000</latitude>
		<longitude>103.800000</longitude>
		<visitLocalTime>08:10:38</visitLocalTime>
		<visitLocalHour>8</visitLocalHour>
		<daysSinceLastVisit>0</daysSinceLastVisit>
		<secondsSinceLastVisit>0</secondsSinceLastVisit>
		<resolution>unknown</resolution>
		<plugins />
		<pluginsIcons />
		<customVariables>
		</customVariables>
	</row>
	<row>
		<idSite>1</idSite>
		<idVisit>26</idVisit>
		<visitIp>::ffff:123.45.67.89</visitIp>
		
		<fingerprint>652da4125b007f6a</fingerprint>
		<actionDetails>
			<row>
				<type>action</type>
				<url>http://piwik.net/blog/category/meta/</url>
				<pageTitle />
				<pageIdAction>1</pageIdAction>
				
				
				<pageId>29</pageId>
				<bandwidth>3574</bandwidth>
				<timeSpent>0</timeSpent>
				<timeSpentPretty>0s</timeSpentPretty>
				<pageviewPosition>1</pageviewPosition>
				<title />
				<subtitle>http://piwik.net/blog/category/meta/</subtitle>
				<icon />
				<iconSVG>plugins/Morpheus/images/action.svg</iconSVG>
				
				<bandwidth_pretty>3.5 K</bandwidth_pretty>
				<customVariables>
					<row>
						<customVariablePageName1>HTTP-code</customVariablePageName1>
						<customVariablePageValue1>200</customVariablePageValue1>
					</row>
				</customVariables>
			</row>
			<row>
				<type>goal</type>
				<goalName>all</goalName>
				<goalId>1</goalId>
				
				<revenue>5</revenue>
				<goalPageId>29</goalPageId>
				
				<url>http://piwik.net/blog/category/meta/</url>
				<referrerType>direct</referrerType>
				<referrerName />
				<referrerKeyword />
				<icon>plugins/Morpheus/images/goal.png</icon>
				<iconSVG>plugins/Morpheus/images/goal.svg</iconSVG>
				<title>Goal conversion</title>
				<subtitle>all ($5 revenue)</subtitle>
				
			</row>
		</actionDetails>
		<goalConversions>1</goalConversions>
		<siteCurrency>USD</siteCurrency>
		<siteCurrencySymbol>$</siteCurrencySymbol>
		
		
		
		
		<siteName>Piwik test</siteName>
		
		
		
		
		
		
		<userId />
		<visitorType>new</visitorType>
		<visitorTypeIcon />
		<visitConverted>1</visitConverted>
		<visitConvertedIcon>plugins/Morpheus/images/goal.svg</visitConvertedIcon>
		<visitCount>1</visitCount>
		<visitEcommerceStatus>none</visitEcommerceStatus>
		<visitEcommerceStatusIcon />
		<daysSinceFirstVisit>0</daysSinceFirstVisit>
		<secondsSinceFirstVisit>0</secondsSinceFirstVisit>
		<daysSinceLastEcommerceOrder>0</daysSinceLastEcommerceOrder>
		<secondsSinceLastEcommerceOrder />
		<visitDuration>0</visitDuration>
		<visitDurationPretty>0s</visitDurationPretty>
		<searches>0</searches>
		<actions>1</actions>
		<interactions>1</interactions>
		<referrerType>direct</referrerType>
		<referrerTypeName>Direct Entry</referrerTypeName>
		<referrerName />
		<referrerKeyword />
		<referrerKeywordPosition />
		<referrerUrl />
		<referrerSearchEngineUrl />
		<referrerSearchEngineIcon />
		<referrerSocialNetworkUrl />
		<referrerSocialNetworkIcon />
		<languageCode />
		<language>Unknown</language>
		<deviceType>Desktop</deviceType>
		<deviceTypeIcon>plugins/Morpheus/icons/dist/devices/desktop.png</deviceTypeIcon>
		<deviceBrand>Apple</deviceBrand>
		<deviceModel>Generic Desktop</deviceModel>
		<operatingSystem>Mac 10.6</operatingSystem>
		<operatingSystemName>Mac</operatingSystemName>
		<operatingSystemIcon>plugins/Morpheus/icons/dist/os/MAC.png</operatingSystemIcon>
		<operatingSystemCode>MAC</operatingSystemCode>
		<operatingSystemVersion>10.6</operatingSystemVersion>
		<browserFamily>WebKit</browserFamily>
		<browserFamilyDescription>WebKit (Safari)</browserFamilyDescription>
		<browser>RockMelt 0.9</browser>
		<browserName>RockMelt</browserName>
		<browserIcon>plugins/Morpheus/icons/dist/browsers/RM.png</browserIcon>
		<browserCode>RM</browserCode>
		<browserVersion>0.9</browserVersion>
		<totalEcommerceRevenue>0</totalEcommerceRevenue>
		<totalEcommerceConversions>0</totalEcommerceConversions>
		<totalEcommerceItems>0</totalEcommerceItems>
		<totalAbandonedCartsRevenue>0</totalAbandonedCartsRevenue>
		<totalAbandonedCarts>0</totalAbandonedCarts>
		<totalAbandonedCartsItems>0</totalAbandonedCartsItems>
		<events>0</events>
		<continent>Asia</continent>
		<continentCode>asi</continentCode>
		<country>South Korea</country>
		<countryCode>kr</countryCode>
		<countryFlag>plugins/Morpheus/icons/dist/flags/kr.png</countryFlag>
		<region>Seoul-teukbyeolsi</region>
		<regionCode>11</regionCode>
		<city>Seoul</city>
		<location>Seoul, Seoul-teukbyeolsi, South Korea</location>
		<latitude>37.599000</latitude>
		<longitude>126.978000</longitude>
		<visitLocalTime>20:15:51</visitLocalTime>
		<visitLocalHour>20</visitLocalHour>
		<daysSinceLastVisit>0</daysSinceLastVisit>
		<secondsSinceLastVisit>0</secondsSinceLastVisit>
		<resolution>unknown</resolution>
		<plugins />
		<pluginsIcons />
		<customVariables>
			<row>
				<customVariableName1>Not-Bot</customVariableName1>
				<customVariableValue1>Mozilla/5.0 (Macintosh; Intel Mac OS X 10_6_7) AppleWebKit/534.24 (KHTML, like Gecko) RockMelt/0.9.58.494 Chrome/11.0.696.71 Safari/534.24</customVariableValue1>
			</row>
		</customVariables>
	</row>
	<row>
		<idSite>1</idSite>
		<idVisit>25</idVisit>
		<visitIp>175.41.192.41</visitIp>
		
		<fingerprint>f8bf68e2e1f37702</fingerprint>
		<actionDetails>
			<row>
				<type>action</type>
				<url>http://piwik.net/blog/category/meta/</url>
				<pageTitle />
				<pageIdAction>1</pageIdAction>
				
				
				<pageId>28</pageId>
				<bandwidth>3574</bandwidth>
				<timeSpent>0</timeSpent>
				<timeSpentPretty>0s</timeSpentPretty>
				<pageviewPosition>1</pageviewPosition>
				<title />
				<subtitle>http://piwik.net/blog/category/meta/</subtitle>
				<icon />
				<iconSVG>plugins/Morpheus/images/action.svg</iconSVG>
				
				<bandwidth_pretty>3.5 K</bandwidth_pretty>
				<customVariables>
					<row>
						<customVariablePageName1>HTTP-code</customVariablePageName1>
						<customVariablePageValue1>200</customVariablePageValue1>
					</row>
				</customVariables>
			</row>
			<row>
				<type>goal</type>
				<goalName>all</goalName>
				<goalId>1</goalId>
				
				<revenue>5</revenue>
				<goalPageId>28</goalPageId>
				
				<url>http://piwik.net/blog/category/meta/</url>
				<referrerType>direct</referrerType>
				<referrerName />
				<referrerKeyword />
				<icon>plugins/Morpheus/images/goal.png</icon>
				<iconSVG>plugins/Morpheus/images/goal.svg</iconSVG>
				<title>Goal conversion</title>
				<subtitle>all ($5 revenue)</subtitle>
				
			</row>
		</actionDetails>
		<goalConversions>1</goalConversions>
		<siteCurrency>USD</siteCurrency>
		<siteCurrencySymbol>$</siteCurrencySymbol>
		
		
		
		
		<siteName>Piwik test</siteName>
		
		
		
		
		
		
		<userId />
		<visitorType>new</visitorType>
		<visitorTypeIcon />
		<visitConverted>1</visitConverted>
		<visitConvertedIcon>plugins/Morpheus/images/goal.svg</visitConvertedIcon>
		<visitCount>1</visitCount>
		<visitEcommerceStatus>none</visitEcommerceStatus>
		<visitEcommerceStatusIcon />
		<daysSinceFirstVisit>0</daysSinceFirstVisit>
		<secondsSinceFirstVisit>0</secondsSinceFirstVisit>
		<daysSinceLastEcommerceOrder>0</daysSinceLastEcommerceOrder>
		<secondsSinceLastEcommerceOrder />
		<visitDuration>0</visitDuration>
		<visitDurationPretty>0s</visitDurationPretty>
		<searches>0</searches>
		<actions>1</actions>
		<interactions>1</interactions>
		<referrerType>direct</referrerType>
		<referrerTypeName>Direct Entry</referrerTypeName>
		<referrerName />
		<referrerKeyword />
		<referrerKeywordPosition />
		<referrerUrl />
		<referrerSearchEngineUrl />
		<referrerSearchEngineIcon />
		<referrerSocialNetworkUrl />
		<referrerSocialNetworkIcon />
		<languageCode />
		<language>Unknown</language>
		<deviceType>Desktop</deviceType>
		<deviceTypeIcon>plugins/Morpheus/icons/dist/devices/desktop.png</deviceTypeIcon>
		<deviceBrand>Apple</deviceBrand>
		<deviceModel>Generic Desktop</deviceModel>
		<operatingSystem>Mac 10.6</operatingSystem>
		<operatingSystemName>Mac</operatingSystemName>
		<operatingSystemIcon>plugins/Morpheus/icons/dist/os/MAC.png</operatingSystemIcon>
		<operatingSystemCode>MAC</operatingSystemCode>
		<operatingSystemVersion>10.6</operatingSystemVersion>
		<browserFamily>WebKit</browserFamily>
		<browserFamilyDescription>WebKit (Safari)</browserFamilyDescription>
		<browser>RockMelt 0.9</browser>
		<browserName>RockMelt</browserName>
		<browserIcon>plugins/Morpheus/icons/dist/browsers/RM.png</browserIcon>
		<browserCode>RM</browserCode>
		<browserVersion>0.9</browserVersion>
		<totalEcommerceRevenue>0</totalEcommerceRevenue>
		<totalEcommerceConversions>0</totalEcommerceConversions>
		<totalEcommerceItems>0</totalEcommerceItems>
		<totalAbandonedCartsRevenue>0</totalAbandonedCartsRevenue>
		<totalAbandonedCarts>0</totalAbandonedCarts>
		<totalAbandonedCartsItems>0</totalAbandonedCartsItems>
		<events>0</events>
		<continent>Asia</continent>
		<continentCode>asi</continentCode>
		<country>Japan</country>
		<countryCode>jp</countryCode>
		<countryFlag>plugins/Morpheus/icons/dist/flags/jp.png</countryFlag>
		<region />
		<regionCode />
		<city />
		<location>Japan</location>
		<latitude>36</latitude>
		<longitude>138</longitude>
		<visitLocalTime>20:15:41</visitLocalTime>
		<visitLocalHour>20</visitLocalHour>
		<daysSinceLastVisit>0</daysSinceLastVisit>
		<secondsSinceLastVisit>0</secondsSinceLastVisit>
		<resolution>unknown</resolution>
		<plugins />
		<pluginsIcons />
		<customVariables>
			<row>
				<customVariableName1>Not-Bot</customVariableName1>
				<customVariableValue1>Mozilla/5.0 (Macintosh; Intel Mac OS X 10_6_7) AppleWebKit/534.24 (KHTML, like Gecko) RockMelt/0.9.58.494 Chrome/11.0.696.71 Safari/534.24</customVariableValue1>
			</row>
		</customVariables>
	</row>
	<row>
		<idSite>1</idSite>
		<idVisit>19</idVisit>
		<visitIp>175.41.192.41</visitIp>
		
		<fingerprint>f8bf68e2e1f37702</fingerprint>
		<actionDetails>
			<row>
				<type>action</type>
				<url>http://piwik.net/blog/category/meta/</url>
				<pageTitle />
				<pageIdAction>1</pageIdAction>
				
				
				<pageId>19</pageId>
				<bandwidth>3574</bandwidth>
				<timeSpent>0</timeSpent>
				<timeSpentPretty>0s</timeSpentPretty>
				<pageviewPosition>1</pageviewPosition>
				<title />
				<subtitle>http://piwik.net/blog/category/meta/</subtitle>
				<icon />
				<iconSVG>plugins/Morpheus/images/action.svg</iconSVG>
				
				<bandwidth_pretty>3.5 K</bandwidth_pretty>
				<customVariables>
					<row>
						<customVariablePageName1>HTTP-code</customVariablePageName1>
						<customVariablePageValue1>200</customVariablePageValue1>
					</row>
				</customVariables>
			</row>
			<row>
				<type>goal</type>
				<goalName>all</goalName>
				<goalId>1</goalId>
				
				<revenue>5</revenue>
				<goalPageId>19</goalPageId>
				
				<url>http://piwik.net/blog/category/meta/</url>
				<referrerType>direct</referrerType>
				<referrerName />
				<referrerKeyword />
				<icon>plugins/Morpheus/images/goal.png</icon>
				<iconSVG>plugins/Morpheus/images/goal.svg</iconSVG>
				<title>Goal conversion</title>
				<subtitle>all ($5 revenue)</subtitle>
				
			</row>
		</actionDetails>
		<goalConversions>1</goalConversions>
		<siteCurrency>USD</siteCurrency>
		<siteCurrencySymbol>$</siteCurrencySymbol>
		
		
		
		
		<siteName>Piwik test</siteName>
		
		
		
		
		
		
		<userId />
		<visitorType>new</visitorType>
		<visitorTypeIcon />
		<visitConverted>1</visitConverted>
		<visitConvertedIcon>plugins/Morpheus/images/goal.svg</visitConvertedIcon>
		<visitCount>1</visitCount>
		<visitEcommerceStatus>none</visitEcommerceStatus>
		<visitEcommerceStatusIcon />
		<daysSinceFirstVisit>0</daysSinceFirstVisit>
		<secondsSinceFirstVisit>0</secondsSinceFirstVisit>
		<daysSinceLastEcommerceOrder>0</daysSinceLastEcommerceOrder>
		<secondsSinceLastEcommerceOrder />
		<visitDuration>0</visitDuration>
		<visitDurationPretty>0s</visitDurationPretty>
		<searches>0</searches>
		<actions>1</actions>
		<interactions>1</interactions>
		<referrerType>direct</referrerType>
		<referrerTypeName>Direct Entry</referrerTypeName>
		<referrerName />
		<referrerKeyword />
		<referrerKeywordPosition />
		<referrerUrl />
		<referrerSearchEngineUrl />
		<referrerSearchEngineIcon />
		<referrerSocialNetworkUrl />
		<referrerSocialNetworkIcon />
		<languageCode />
		<language>Unknown</language>
		<deviceType>Desktop</deviceType>
		<deviceTypeIcon>plugins/Morpheus/icons/dist/devices/desktop.png</deviceTypeIcon>
		<deviceBrand>Apple</deviceBrand>
		<deviceModel>Generic Desktop</deviceModel>
		<operatingSystem>Mac 10.6</operatingSystem>
		<operatingSystemName>Mac</operatingSystemName>
		<operatingSystemIcon>plugins/Morpheus/icons/dist/os/MAC.png</operatingSystemIcon>
		<operatingSystemCode>MAC</operatingSystemCode>
		<operatingSystemVersion>10.6</operatingSystemVersion>
		<browserFamily>WebKit</browserFamily>
		<browserFamilyDescription>WebKit (Safari)</browserFamilyDescription>
		<browser>RockMelt 0.9</browser>
		<browserName>RockMelt</browserName>
		<browserIcon>plugins/Morpheus/icons/dist/browsers/RM.png</browserIcon>
		<browserCode>RM</browserCode>
		<browserVersion>0.9</browserVersion>
		<totalEcommerceRevenue>0</totalEcommerceRevenue>
		<totalEcommerceConversions>0</totalEcommerceConversions>
		<totalEcommerceItems>0</totalEcommerceItems>
		<totalAbandonedCartsRevenue>0</totalAbandonedCartsRevenue>
		<totalAbandonedCarts>0</totalAbandonedCarts>
		<totalAbandonedCartsItems>0</totalAbandonedCartsItems>
		<events>0</events>
		<continent>Asia</continent>
		<continentCode>asi</continentCode>
		<country>Japan</country>
		<countryCode>jp</countryCode>
		<countryFlag>plugins/Morpheus/icons/dist/flags/jp.png</countryFlag>
		<region />
		<regionCode />
		<city />
		<location>Japan</location>
		<latitude>36</latitude>
		<longitude>138</longitude>
		<visitLocalTime>16:10:38</visitLocalTime>
		<visitLocalHour>16</visitLocalHour>
		<daysSinceLastVisit>0</daysSinceLastVisit>
		<secondsSinceLastVisit>0</secondsSinceLastVisit>
		<resolution>unknown</resolution>
		<plugins />
		<pluginsIcons />
		<customVariables>
			<row>
				<customVariableName1>Not-Bot</customVariableName1>
				<customVariableValue1>Mozilla/5.0 (Macintosh; Intel Mac OS X 10_6_7) AppleWebKit/534.24 (KHTML, like Gecko) RockMelt/0.9.58.494 Chrome/11.0.696.71 Safari/534.24</customVariableValue1>
			</row>
		</customVariables>
	</row>
	<row>
		<idSite>1</idSite>
		<idVisit>15</idVisit>
		<visitIp>177.71.128.21</visitIp>
		
		<fingerprint>edef9d660caccd5c</fingerprint>
		<actionDetails>
			<row>
				<type>action</type>
				<url>http://piwik.net/blog/2012/08/survey-your-opinion-matters/</url>
				<pageTitle />
				<pageIdAction>13</pageIdAction>
				
				
				<pageId>15</pageId>
				<bandwidth>3574</bandwidth>
				<timeSpent>0</timeSpent>
				<timeSpentPretty>0s</timeSpentPretty>
				<pageviewPosition>1</pageviewPosition>
				<title />
				<subtitle>http://piwik.net/blog/2012/08/survey-your-opinion-matters/</subtitle>
				<icon />
				<iconSVG>plugins/Morpheus/images/action.svg</iconSVG>
				
				<bandwidth_pretty>3.5 K</bandwidth_pretty>
				<customVariables>
					<row>
						<customVariablePageName1>HTTP-code</customVariablePageName1>
						<customVariablePageValue1>200</customVariablePageValue1>
					</row>
				</customVariables>
			</row>
			<row>
				<type>goal</type>
				<goalName>all</goalName>
				<goalId>1</goalId>
				
				<revenue>5</revenue>
				<goalPageId>15</goalPageId>
				
				<url>http://piwik.net/blog/2012/08/survey-your-opinion-matters/</url>
				<referrerType>direct</referrerType>
				<referrerName />
				<referrerKeyword />
				<icon>plugins/Morpheus/images/goal.png</icon>
				<iconSVG>plugins/Morpheus/images/goal.svg</iconSVG>
				<title>Goal conversion</title>
				<subtitle>all ($5 revenue)</subtitle>
				
			</row>
		</actionDetails>
		<goalConversions>1</goalConversions>
		<siteCurrency>USD</siteCurrency>
		<siteCurrencySymbol>$</siteCurrencySymbol>
		
		
		
		
		<siteName>Piwik test</siteName>
		
		
		
		
		
		
		<userId />
		<visitorType>new</visitorType>
		<visitorTypeIcon />
		<visitConverted>1</visitConverted>
		<visitConvertedIcon>plugins/Morpheus/images/goal.svg</visitConvertedIcon>
		<visitCount>1</visitCount>
		<visitEcommerceStatus>none</visitEcommerceStatus>
		<visitEcommerceStatusIcon />
		<daysSinceFirstVisit>0</daysSinceFirstVisit>
		<secondsSinceFirstVisit>0</secondsSinceFirstVisit>
		<daysSinceLastEcommerceOrder>0</daysSinceLastEcommerceOrder>
		<secondsSinceLastEcommerceOrder />
		<visitDuration>0</visitDuration>
		<visitDurationPretty>0s</visitDurationPretty>
		<searches>0</searches>
		<actions>1</actions>
		<interactions>1</interactions>
		<referrerType>direct</referrerType>
		<referrerTypeName>Direct Entry</referrerTypeName>
		<referrerName />
		<referrerKeyword />
		<referrerKeywordPosition />
		<referrerUrl />
		<referrerSearchEngineUrl />
		<referrerSearchEngineIcon />
		<referrerSocialNetworkUrl />
		<referrerSocialNetworkIcon />
		<languageCode />
		<language>Unknown</language>
		<deviceType>Desktop</deviceType>
		<deviceTypeIcon>plugins/Morpheus/icons/dist/devices/desktop.png</deviceTypeIcon>
		<deviceBrand>Unknown</deviceBrand>
		<deviceModel>Generic Desktop</deviceModel>
		<operatingSystem>Windows 7</operatingSystem>
		<operatingSystemName>Windows</operatingSystemName>
		<operatingSystemIcon>plugins/Morpheus/icons/dist/os/WIN.png</operatingSystemIcon>
		<operatingSystemCode>WIN</operatingSystemCode>
		<operatingSystemVersion>7</operatingSystemVersion>
		<browserFamily>WebKit</browserFamily>
		<browserFamilyDescription>WebKit (Safari)</browserFamilyDescription>
		<browser>Chrome 20.0</browser>
		<browserName>Chrome</browserName>
		<browserIcon>plugins/Morpheus/icons/dist/browsers/CH.png</browserIcon>
		<browserCode>CH</browserCode>
		<browserVersion>20.0</browserVersion>
		<totalEcommerceRevenue>0</totalEcommerceRevenue>
		<totalEcommerceConversions>0</totalEcommerceConversions>
		<totalEcommerceItems>0</totalEcommerceItems>
		<totalAbandonedCartsRevenue>0</totalAbandonedCartsRevenue>
		<totalAbandonedCarts>0</totalAbandonedCarts>
		<totalAbandonedCartsItems>0</totalAbandonedCartsItems>
		<events>0</events>
		<continent>South America</continent>
		<continentCode>ams</continentCode>
		<country>Brazil</country>
		<countryCode>br</countryCode>
		<countryFlag>plugins/Morpheus/icons/dist/flags/br.png</countryFlag>
		<region />
		<regionCode />
		<city />
		<location>Brazil</location>
		<latitude>-10</latitude>
		<longitude>-55</longitude>
		<visitLocalTime>20:22:08</visitLocalTime>
		<visitLocalHour>20</visitLocalHour>
		<daysSinceLastVisit>0</daysSinceLastVisit>
		<secondsSinceLastVisit>0</secondsSinceLastVisit>
		<resolution>unknown</resolution>
		<plugins />
		<pluginsIcons />
		<customVariables>
		</customVariables>
	</row>
</result>