<?xml version="1.0" encoding="utf-8" ?>
<result>
	<row>
		<label>Firefox 6.0</label>
		<nb_visits>60</nb_visits>
		<nb_actions>60</nb_actions>
		<max_actions>2</max_actions>
		<sum_visit_length>25</sum_visit_length>
		<bounce_count>45</bounce_count>
		<nb_visits_converted>0</nb_visits_converted>
		<sum_daily_nb_uniq_visitors>12</sum_daily_nb_uniq_visitors>
		<sum_daily_nb_users>12</sum_daily_nb_users>
		<segment>browserCode==FF;browserVersion==6.0</segment>
		<logo>plugins/Morpheus/icons/dist/browsers/FF.png</logo>
	</row>
	<row>
		<label>Internet Explorer 9.0</label>
		<nb_visits>60</nb_visits>
		<nb_actions>60</nb_actions>
		<max_actions>2</max_actions>
		<sum_visit_length>25</sum_visit_length>
		<bounce_count>45</bounce_count>
		<nb_visits_converted>0</nb_visits_converted>
		<sum_daily_nb_uniq_visitors>12</sum_daily_nb_uniq_visitors>
		<sum_daily_nb_users>12</sum_daily_nb_users>
		<segment>browserCode==IE;browserVersion==9.0</segment>
		<logo>plugins/Morpheus/icons/dist/browsers/IE.png</logo>
	</row>
	<row>
		<label>Others</label>
		<nb_visits>280</nb_visits>
		<nb_actions>355</nb_actions>
		<max_actions>2</max_actions>
		<sum_visit_length>145</sum_visit_length>
		<bounce_count>160</bounce_count>
		<nb_visits_converted>0</nb_visits_converted>
		<sum_daily_nb_uniq_visitors>76</sum_daily_nb_uniq_visitors>
		<sum_daily_nb_users>76</sum_daily_nb_users>
		<logo>plugins/Morpheus/icons/dist/browsers/UNK.png</logo>
	</row>
</result>