<?xml version="1.0" encoding="utf-8" ?>
<result>
	<row>
		<label>id_book0</label>
		<nb_visits>1</nb_visits>
		<nb_uniq_visitors>1</nb_uniq_visitors>
		<nb_actions>1</nb_actions>
		<avg_price>7.5</avg_price>
		<avg_quantity>0</avg_quantity>
		<conversion_rate>0%</conversion_rate>
		<segment>productSku==id_book0</segment>
	</row>
	<row>
		<label>id_book1</label>
		<nb_visits>1</nb_visits>
		<nb_uniq_visitors>1</nb_uniq_visitors>
		<nb_actions>1</nb_actions>
		<avg_price>7.5</avg_price>
		<avg_quantity>0</avg_quantity>
		<conversion_rate>0%</conversion_rate>
		<segment>productSku==id_book1</segment>
	</row>
	<row>
		<label>id_book2</label>
		<nb_visits>1</nb_visits>
		<nb_uniq_visitors>1</nb_uniq_visitors>
		<nb_actions>1</nb_actions>
		<avg_price>7.5</avg_price>
		<avg_quantity>0</avg_quantity>
		<conversion_rate>0%</conversion_rate>
		<segment>productSku==id_book2</segment>
	</row>
	<row>
		<label>id_book3</label>
		<nb_visits>1</nb_visits>
		<nb_uniq_visitors>1</nb_uniq_visitors>
		<nb_actions>1</nb_actions>
		<avg_price>7.5</avg_price>
		<avg_quantity>0</avg_quantity>
		<conversion_rate>0%</conversion_rate>
		<segment>productSku==id_book3</segment>
	</row>
	<row>
		<label>id_book4</label>
		<nb_visits>1</nb_visits>
		<nb_uniq_visitors>1</nb_uniq_visitors>
		<nb_actions>1</nb_actions>
		<avg_price>7.5</avg_price>
		<avg_quantity>0</avg_quantity>
		<conversion_rate>0%</conversion_rate>
		<segment>productSku==id_book4</segment>
	</row>
	<row>
		<label>id_book5</label>
		<nb_visits>1</nb_visits>
		<nb_uniq_visitors>1</nb_uniq_visitors>
		<nb_actions>1</nb_actions>
		<avg_price>7.5</avg_price>
		<avg_quantity>0</avg_quantity>
		<conversion_rate>0%</conversion_rate>
		<segment>productSku==id_book5</segment>
	</row>
	<row>
		<label>id_book6</label>
		<nb_visits>1</nb_visits>
		<nb_uniq_visitors>1</nb_uniq_visitors>
		<nb_actions>1</nb_actions>
		<avg_price>7.5</avg_price>
		<avg_quantity>0</avg_quantity>
		<conversion_rate>0%</conversion_rate>
		<segment>productSku==id_book6</segment>
	</row>
	<row>
		<label>id_book7</label>
		<nb_visits>1</nb_visits>
		<nb_uniq_visitors>1</nb_uniq_visitors>
		<nb_actions>1</nb_actions>
		<avg_price>7.5</avg_price>
		<avg_quantity>0</avg_quantity>
		<conversion_rate>0%</conversion_rate>
		<segment>productSku==id_book7</segment>
	</row>
	<row>
		<label>id_book8</label>
		<nb_visits>1</nb_visits>
		<nb_uniq_visitors>1</nb_uniq_visitors>
		<nb_actions>1</nb_actions>
		<avg_price>7.5</avg_price>
		<avg_quantity>0</avg_quantity>
		<conversion_rate>0%</conversion_rate>
		<segment>productSku==id_book8</segment>
	</row>
	<row>
		<label>id_book9</label>
		<nb_visits>1</nb_visits>
		<nb_uniq_visitors>1</nb_uniq_visitors>
		<nb_actions>1</nb_actions>
		<avg_price>7.5</avg_price>
		<avg_quantity>0</avg_quantity>
		<conversion_rate>0%</conversion_rate>
		<segment>productSku==id_book9</segment>
	</row>
	<row>
		<label>id_book10</label>
		<nb_visits>1</nb_visits>
		<nb_uniq_visitors>1</nb_uniq_visitors>
		<nb_actions>1</nb_actions>
		<avg_price>7.5</avg_price>
		<avg_quantity>0</avg_quantity>
		<conversion_rate>0%</conversion_rate>
		<segment>productSku==id_book10</segment>
	</row>
	<row>
		<label>id_book11</label>
		<nb_visits>1</nb_visits>
		<nb_uniq_visitors>1</nb_uniq_visitors>
		<nb_actions>1</nb_actions>
		<avg_price>7.5</avg_price>
		<avg_quantity>0</avg_quantity>
		<conversion_rate>0%</conversion_rate>
		<segment>productSku==id_book11</segment>
	</row>
	<row>
		<label>id_book12</label>
		<nb_visits>1</nb_visits>
		<nb_uniq_visitors>1</nb_uniq_visitors>
		<nb_actions>1</nb_actions>
		<avg_price>7.5</avg_price>
		<avg_quantity>0</avg_quantity>
		<conversion_rate>0%</conversion_rate>
		<segment>productSku==id_book12</segment>
	</row>
	<row>
		<label>id_book13</label>
		<nb_visits>1</nb_visits>
		<nb_uniq_visitors>1</nb_uniq_visitors>
		<nb_actions>1</nb_actions>
		<avg_price>7.5</avg_price>
		<avg_quantity>0</avg_quantity>
		<conversion_rate>0%</conversion_rate>
		<segment>productSku==id_book13</segment>
	</row>
	<row>
		<label>id_book14</label>
		<nb_visits>1</nb_visits>
		<nb_uniq_visitors>1</nb_uniq_visitors>
		<nb_actions>1</nb_actions>
		<avg_price>7.5</avg_price>
		<avg_quantity>0</avg_quantity>
		<conversion_rate>0%</conversion_rate>
		<segment>productSku==id_book14</segment>
	</row>
	<row>
		<label>id_book15</label>
		<nb_visits>1</nb_visits>
		<nb_uniq_visitors>1</nb_uniq_visitors>
		<nb_actions>1</nb_actions>
		<avg_price>7.5</avg_price>
		<avg_quantity>0</avg_quantity>
		<conversion_rate>0%</conversion_rate>
		<segment>productSku==id_book15</segment>
	</row>
	<row>
		<label>id_book16</label>
		<nb_visits>1</nb_visits>
		<nb_uniq_visitors>1</nb_uniq_visitors>
		<nb_actions>1</nb_actions>
		<avg_price>7.5</avg_price>
		<avg_quantity>0</avg_quantity>
		<conversion_rate>0%</conversion_rate>
		<segment>productSku==id_book16</segment>
	</row>
	<row>
		<label>id_book17</label>
		<nb_visits>1</nb_visits>
		<nb_uniq_visitors>1</nb_uniq_visitors>
		<nb_actions>1</nb_actions>
		<avg_price>7.5</avg_price>
		<avg_quantity>0</avg_quantity>
		<conversion_rate>0%</conversion_rate>
		<segment>productSku==id_book17</segment>
	</row>
	<row>
		<label>id_book18</label>
		<nb_visits>1</nb_visits>
		<nb_uniq_visitors>1</nb_uniq_visitors>
		<nb_actions>1</nb_actions>
		<avg_price>7.5</avg_price>
		<avg_quantity>0</avg_quantity>
		<conversion_rate>0%</conversion_rate>
		<segment>productSku==id_book18</segment>
	</row>
	<row>
		<label>id_book19</label>
		<nb_visits>1</nb_visits>
		<nb_uniq_visitors>1</nb_uniq_visitors>
		<nb_actions>1</nb_actions>
		<avg_price>7.5</avg_price>
		<avg_quantity>0</avg_quantity>
		<conversion_rate>0%</conversion_rate>
		<segment>productSku==id_book19</segment>
	</row>
	<row>
		<label>id_book20</label>
		<nb_visits>1</nb_visits>
		<nb_uniq_visitors>1</nb_uniq_visitors>
		<nb_actions>1</nb_actions>
		<avg_price>7.5</avg_price>
		<avg_quantity>0</avg_quantity>
		<conversion_rate>0%</conversion_rate>
		<segment>productSku==id_book20</segment>
	</row>
	<row>
		<label>id_book21</label>
		<nb_visits>1</nb_visits>
		<nb_uniq_visitors>1</nb_uniq_visitors>
		<nb_actions>1</nb_actions>
		<avg_price>7.5</avg_price>
		<avg_quantity>0</avg_quantity>
		<conversion_rate>0%</conversion_rate>
		<segment>productSku==id_book21</segment>
	</row>
	<row>
		<label>id_book22</label>
		<nb_visits>1</nb_visits>
		<nb_uniq_visitors>1</nb_uniq_visitors>
		<nb_actions>1</nb_actions>
		<avg_price>7.5</avg_price>
		<avg_quantity>0</avg_quantity>
		<conversion_rate>0%</conversion_rate>
		<segment>productSku==id_book22</segment>
	</row>
	<row>
		<label>id_book23</label>
		<nb_visits>1</nb_visits>
		<nb_uniq_visitors>1</nb_uniq_visitors>
		<nb_actions>1</nb_actions>
		<avg_price>7.5</avg_price>
		<avg_quantity>0</avg_quantity>
		<conversion_rate>0%</conversion_rate>
		<segment>productSku==id_book23</segment>
	</row>
	<row>
		<label>id_book24</label>
		<nb_visits>1</nb_visits>
		<nb_uniq_visitors>1</nb_uniq_visitors>
		<nb_actions>1</nb_actions>
		<avg_price>7.5</avg_price>
		<avg_quantity>0</avg_quantity>
		<conversion_rate>0%</conversion_rate>
		<segment>productSku==id_book24</segment>
	</row>
</result>