<?xml version="1.0" encoding="utf-8" ?>
<result>
	<row>
		<label>/movies</label>
		<nb_visits>3</nb_visits>
		<nb_hits>3</nb_hits>
		<sum_time_spent>0</sum_time_spent>
		<nb_hits_with_time_network>3</nb_hits_with_time_network>
		<min_time_network>0</min_time_network>
		<max_time_network>0</max_time_network>
		<nb_hits_with_time_server>3</nb_hits_with_time_server>
		<min_time_server>0.91</min_time_server>
		<max_time_server>0.91</max_time_server>
		<nb_hits_with_time_transfer>3</nb_hits_with_time_transfer>
		<min_time_transfer>0.338</min_time_transfer>
		<max_time_transfer>0.338</max_time_transfer>
		<nb_hits_with_time_dom_processing>3</nb_hits_with_time_dom_processing>
		<min_time_dom_processing>0.04</min_time_dom_processing>
		<max_time_dom_processing>0.04</max_time_dom_processing>
		<nb_hits_with_time_dom_completion>3</nb_hits_with_time_dom_completion>
		<min_time_dom_completion>0.198</min_time_dom_completion>
		<max_time_dom_completion>0.198</max_time_dom_completion>
		<nb_hits_with_time_on_load>3</nb_hits_with_time_on_load>
		<min_time_on_load>0.32</min_time_on_load>
		<max_time_on_load>0.32</max_time_on_load>
		<sum_bandwidth>0</sum_bandwidth>
		<nb_hits_with_bandwidth>0</nb_hits_with_bandwidth>
		<min_bandwidth />
		<max_bandwidth />
		<entry_nb_visits>2</entry_nb_visits>
		<entry_nb_actions>28</entry_nb_actions>
		<entry_sum_visit_length>7082</entry_sum_visit_length>
		<entry_bounce_count>0</entry_bounce_count>
		<exit_nb_visits>3</exit_nb_visits>
		<sum_daily_nb_uniq_visitors>3</sum_daily_nb_uniq_visitors>
		<sum_daily_entry_nb_uniq_visitors>2</sum_daily_entry_nb_uniq_visitors>
		<sum_daily_exit_nb_uniq_visitors>3</sum_daily_exit_nb_uniq_visitors>
		<avg_bandwidth>0</avg_bandwidth>
		<avg_time_network>0</avg_time_network>
		<avg_time_server>0.455</avg_time_server>
		<avg_time_transfer>0.169</avg_time_transfer>
		<avg_time_dom_processing>0.02</avg_time_dom_processing>
		<avg_time_dom_completion>0.099</avg_time_dom_completion>
		<avg_time_on_load>0.16</avg_time_on_load>
		<avg_page_load_time>0.903</avg_page_load_time>
		<avg_time_on_page>0</avg_time_on_page>
		<bounce_rate>0%</bounce_rate>
		<exit_rate>100%</exit_rate>
		<url>http://example.org/movies</url>
		<segment>pageUrl==http%253A%252F%252Fexample.org%252Fmovies</segment>
	</row>
	<row>
		<label>/webradio</label>
		<nb_visits>1</nb_visits>
		<nb_hits>1</nb_hits>
		<sum_time_spent>1499</sum_time_spent>
		<nb_hits_with_time_network>1</nb_hits_with_time_network>
		<min_time_network>0.005</min_time_network>
		<max_time_network>0.005</max_time_network>
		<nb_hits_with_time_server>1</nb_hits_with_time_server>
		<min_time_server>0.111</min_time_server>
		<max_time_server>0.111</max_time_server>
		<nb_hits_with_time_transfer>1</nb_hits_with_time_transfer>
		<min_time_transfer>0.245</min_time_transfer>
		<max_time_transfer>0.245</max_time_transfer>
		<nb_hits_with_time_dom_processing>1</nb_hits_with_time_dom_processing>
		<min_time_dom_processing>0.145</min_time_dom_processing>
		<max_time_dom_processing>0.145</max_time_dom_processing>
		<nb_hits_with_time_dom_completion>1</nb_hits_with_time_dom_completion>
		<min_time_dom_completion>0.066</min_time_dom_completion>
		<max_time_dom_completion>0.066</max_time_dom_completion>
		<nb_hits_with_time_on_load>1</nb_hits_with_time_on_load>
		<min_time_on_load>0</min_time_on_load>
		<max_time_on_load>0</max_time_on_load>
		<sum_bandwidth>0</sum_bandwidth>
		<nb_hits_with_bandwidth>0</nb_hits_with_bandwidth>
		<min_bandwidth />
		<max_bandwidth />
		<entry_nb_visits>1</entry_nb_visits>
		<entry_nb_actions>18</entry_nb_actions>
		<entry_sum_visit_length>3601</entry_sum_visit_length>
		<entry_bounce_count>0</entry_bounce_count>
		<goals>
			<row idgoal='1'>
				<nb_conversions>1</nb_conversions>
				<revenue>0</revenue>
				<nb_conv_pages_before>1</nb_conv_pages_before>
				<nb_conversions_attrib>1</nb_conversions_attrib>
				<nb_conversions_page_rate>1</nb_conversions_page_rate>
				<nb_conversions_page_uniq>1</nb_conversions_page_uniq>
				<revenue_attrib>0</revenue_attrib>
				<revenue_entry>0</revenue_entry>
				<nb_conversions_entry_rate>1</nb_conversions_entry_rate>
				<revenue_per_entry>0</revenue_per_entry>
				<nb_conversions_entry>1</nb_conversions_entry>
			</row>
			<row idgoal='3'>
				<nb_conversions>3</nb_conversions>
				<revenue>31</revenue>
				<nb_conv_pages_before>1</nb_conv_pages_before>
				<nb_conversions_attrib>3</nb_conversions_attrib>
				<nb_conversions_page_rate>1</nb_conversions_page_rate>
				<nb_conversions_page_uniq>3</nb_conversions_page_uniq>
				<revenue_attrib>31</revenue_attrib>
				<revenue_entry>31</revenue_entry>
				<nb_conversions_entry_rate>3</nb_conversions_entry_rate>
				<revenue_per_entry>31</revenue_per_entry>
				<nb_conversions_entry>3</nb_conversions_entry>
			</row>
		</goals>
		<sum_daily_nb_uniq_visitors>1</sum_daily_nb_uniq_visitors>
		<sum_daily_entry_nb_uniq_visitors>1</sum_daily_entry_nb_uniq_visitors>
		<avg_bandwidth>0</avg_bandwidth>
		<avg_time_network>0.005</avg_time_network>
		<avg_time_server>0.111</avg_time_server>
		<avg_time_transfer>0.245</avg_time_transfer>
		<avg_time_dom_processing>0.145</avg_time_dom_processing>
		<avg_time_dom_completion>0.066</avg_time_dom_completion>
		<avg_time_on_load>0</avg_time_on_load>
		<avg_page_load_time>0.572</avg_page_load_time>
		<avg_time_on_page>1499</avg_time_on_page>
		<bounce_rate>0%</bounce_rate>
		<exit_rate>0%</exit_rate>
		<url>http://example.org/webradio</url>
		<segment>pageUrl==http%253A%252F%252Fexample.org%252Fwebradio</segment>
	</row>
</result>