<?xml version="1.0" encoding="utf-8" ?>
<result>
	<numSites>1</numSites>
	<totals>
		<nb_pageviews>0</nb_pageviews>
		<nb_visits>0</nb_visits>
		<nb_actions>0</nb_actions>
		<revenue>0</revenue>
		<nb_visits_lastdate>0</nb_visits_lastdate>
	</totals>
	<lastDate>2009-01-03</lastDate>
	<sites>
	</sites>
</result>