<?xml version="1.0" encoding="utf-8" ?>
<result>
	<row>
		<label>this search term</label>
		<nb_visits>9</nb_visits>
		<nb_actions>9</nb_actions>
		<max_actions>1</max_actions>
		<sum_visit_length>0</sum_visit_length>
		<bounce_count>9</bounce_count>
		<nb_visits_converted>0</nb_visits_converted>
		<sum_daily_nb_uniq_visitors>9</sum_daily_nb_uniq_visitors>
		<sum_daily_nb_users>9</sum_daily_nb_users>
		<segment>referrerType==search;referrerKeyword==this+search+term</segment>
		<subtable>
			<row>
				<label>Ask</label>
				<nb_visits>3</nb_visits>
				<nb_actions>3</nb_actions>
				<max_actions>1</max_actions>
				<sum_visit_length>0</sum_visit_length>
				<bounce_count>3</bounce_count>
				<nb_visits_converted>0</nb_visits_converted>
				<sum_daily_nb_uniq_visitors>3</sum_daily_nb_uniq_visitors>
				<sum_daily_nb_users>3</sum_daily_nb_users>
			</row>
			<row>
				<label>Others</label>
				<nb_visits>6</nb_visits>
				<nb_actions>6</nb_actions>
				<max_actions>1</max_actions>
				<sum_visit_length>0</sum_visit_length>
				<bounce_count>6</bounce_count>
				<nb_visits_converted>0</nb_visits_converted>
				<sum_daily_nb_uniq_visitors>6</sum_daily_nb_uniq_visitors>
				<sum_daily_nb_users>6</sum_daily_nb_users>
			</row>
		</subtable>
	</row>
	<row>
		<label>search term 2</label>
		<nb_visits>6</nb_visits>
		<nb_actions>6</nb_actions>
		<max_actions>1</max_actions>
		<sum_visit_length>0</sum_visit_length>
		<bounce_count>6</bounce_count>
		<nb_visits_converted>0</nb_visits_converted>
		<sum_daily_nb_uniq_visitors>6</sum_daily_nb_uniq_visitors>
		<sum_daily_nb_users>6</sum_daily_nb_users>
		<segment>referrerType==search;referrerKeyword==search+term+2</segment>
		<subtable>
			<row>
				<label>Alexa</label>
				<nb_visits>3</nb_visits>
				<nb_actions>3</nb_actions>
				<max_actions>1</max_actions>
				<sum_visit_length>0</sum_visit_length>
				<bounce_count>3</bounce_count>
				<nb_visits_converted>0</nb_visits_converted>
				<sum_daily_nb_uniq_visitors>3</sum_daily_nb_uniq_visitors>
				<sum_daily_nb_users>3</sum_daily_nb_users>
			</row>
			<row>
				<label>Babylon</label>
				<nb_visits>3</nb_visits>
				<nb_actions>3</nb_actions>
				<max_actions>1</max_actions>
				<sum_visit_length>0</sum_visit_length>
				<bounce_count>3</bounce_count>
				<nb_visits_converted>0</nb_visits_converted>
				<sum_daily_nb_uniq_visitors>3</sum_daily_nb_uniq_visitors>
				<sum_daily_nb_users>3</sum_daily_nb_users>
			</row>
		</subtable>
	</row>
	<row>
		<label>Others</label>
		<nb_visits>21</nb_visits>
		<nb_actions>21</nb_actions>
		<max_actions>1</max_actions>
		<sum_visit_length>0</sum_visit_length>
		<bounce_count>21</bounce_count>
		<nb_visits_converted>0</nb_visits_converted>
		<sum_daily_nb_uniq_visitors>21</sum_daily_nb_uniq_visitors>
		<sum_daily_nb_users>21</sum_daily_nb_users>
	</row>
</result>