<?xml version="1.0" encoding="utf-8" ?>
<result>
	<row>
		<label>/index</label>
		<nb_visits>25</nb_visits>
		<nb_hits>25</nb_hits>
		<sum_time_spent>0</sum_time_spent>
		<sum_bandwidth>0</sum_bandwidth>
		<nb_hits_with_bandwidth>0</nb_hits_with_bandwidth>
		<min_bandwidth />
		<max_bandwidth />
		<entry_nb_visits>25</entry_nb_visits>
		<entry_nb_actions>25</entry_nb_actions>
		<entry_sum_visit_length>0</entry_sum_visit_length>
		<entry_bounce_count>25</entry_bounce_count>
		<exit_nb_visits>25</exit_nb_visits>
		<sum_daily_nb_uniq_visitors>25</sum_daily_nb_uniq_visitors>
		<sum_daily_entry_nb_uniq_visitors>25</sum_daily_entry_nb_uniq_visitors>
		<sum_daily_exit_nb_uniq_visitors>25</sum_daily_exit_nb_uniq_visitors>
		<avg_bandwidth>0</avg_bandwidth>
		<avg_page_load_time>0</avg_page_load_time>
		<avg_time_on_page>0</avg_time_on_page>
		<bounce_rate>100%</bounce_rate>
		<exit_rate>100%</exit_rate>
		<url>http://example.com/piwik/</url>
		<segment>pageUrl==http%253A%252F%252Flocalhost%252F</segment>
	</row>
	<row>
		<label>0</label>
		<nb_visits>5</nb_visits>
		<nb_hits>5</nb_hits>
		<sum_time_spent>0</sum_time_spent>
		<sum_bandwidth>0</sum_bandwidth>
		<nb_hits_with_bandwidth>0</nb_hits_with_bandwidth>
		<min_bandwidth />
		<max_bandwidth />
		<entry_nb_visits>5</entry_nb_visits>
		<entry_nb_actions>5</entry_nb_actions>
		<entry_sum_visit_length>0</entry_sum_visit_length>
		<entry_bounce_count>5</entry_bounce_count>
		<exit_nb_visits>5</exit_nb_visits>
		<avg_bandwidth>0</avg_bandwidth>
		<avg_page_load_time>0</avg_page_load_time>
		<avg_time_on_page>0</avg_time_on_page>
		<bounce_rate>100%</bounce_rate>
		<exit_rate>100%</exit_rate>
		<segment>pageUrl=^http%253A%252F%252Fpiwik.net%252F0</segment>
		<subtable>
			<row>
				<label>/index</label>
				<nb_visits>1</nb_visits>
				<nb_hits>1</nb_hits>
				<sum_time_spent>0</sum_time_spent>
				<sum_bandwidth>0</sum_bandwidth>
				<nb_hits_with_bandwidth>0</nb_hits_with_bandwidth>
				<min_bandwidth />
				<max_bandwidth />
				<entry_nb_visits>1</entry_nb_visits>
				<entry_nb_actions>1</entry_nb_actions>
				<entry_sum_visit_length>0</entry_sum_visit_length>
				<entry_bounce_count>1</entry_bounce_count>
				<exit_nb_visits>1</exit_nb_visits>
				<sum_daily_nb_uniq_visitors>1</sum_daily_nb_uniq_visitors>
				<sum_daily_entry_nb_uniq_visitors>1</sum_daily_entry_nb_uniq_visitors>
				<sum_daily_exit_nb_uniq_visitors>1</sum_daily_exit_nb_uniq_visitors>
				<avg_time_on_page>0</avg_time_on_page>
				<bounce_rate>100%</bounce_rate>
				<exit_rate>100%</exit_rate>
				<url>http://piwik.net/0/</url>
				<segment>pageUrl==http%253A%252F%252Fpiwik.net%252F0%252F</segment>
			</row>
			<row>
				<label>Others</label>
				<nb_visits>4</nb_visits>
				<nb_hits>4</nb_hits>
				<sum_time_spent>0</sum_time_spent>
				<sum_bandwidth>0</sum_bandwidth>
				<nb_hits_with_bandwidth>0</nb_hits_with_bandwidth>
				<min_bandwidth />
				<max_bandwidth />
				<entry_nb_visits>4</entry_nb_visits>
				<entry_nb_actions>4</entry_nb_actions>
				<entry_sum_visit_length>0</entry_sum_visit_length>
				<entry_bounce_count>4</entry_bounce_count>
				<exit_nb_visits>4</exit_nb_visits>
				<avg_time_on_page>0</avg_time_on_page>
				<bounce_rate>100%</bounce_rate>
				<exit_rate>100%</exit_rate>
			</row>
		</subtable>
	</row>
	<row>
		<label>1</label>
		<nb_visits>5</nb_visits>
		<nb_hits>5</nb_hits>
		<sum_time_spent>0</sum_time_spent>
		<sum_bandwidth>0</sum_bandwidth>
		<nb_hits_with_bandwidth>0</nb_hits_with_bandwidth>
		<min_bandwidth />
		<max_bandwidth />
		<entry_nb_visits>5</entry_nb_visits>
		<entry_nb_actions>5</entry_nb_actions>
		<entry_sum_visit_length>0</entry_sum_visit_length>
		<entry_bounce_count>5</entry_bounce_count>
		<exit_nb_visits>5</exit_nb_visits>
		<avg_bandwidth>0</avg_bandwidth>
		<avg_page_load_time>0</avg_page_load_time>
		<avg_time_on_page>0</avg_time_on_page>
		<bounce_rate>100%</bounce_rate>
		<exit_rate>100%</exit_rate>
		<segment>pageUrl=^http%253A%252F%252Fpiwik.net%252F1</segment>
		<subtable>
			<row>
				<label>/index</label>
				<nb_visits>1</nb_visits>
				<nb_hits>1</nb_hits>
				<sum_time_spent>0</sum_time_spent>
				<sum_bandwidth>0</sum_bandwidth>
				<nb_hits_with_bandwidth>0</nb_hits_with_bandwidth>
				<min_bandwidth />
				<max_bandwidth />
				<entry_nb_visits>1</entry_nb_visits>
				<entry_nb_actions>1</entry_nb_actions>
				<entry_sum_visit_length>0</entry_sum_visit_length>
				<entry_bounce_count>1</entry_bounce_count>
				<exit_nb_visits>1</exit_nb_visits>
				<sum_daily_nb_uniq_visitors>1</sum_daily_nb_uniq_visitors>
				<sum_daily_entry_nb_uniq_visitors>1</sum_daily_entry_nb_uniq_visitors>
				<sum_daily_exit_nb_uniq_visitors>1</sum_daily_exit_nb_uniq_visitors>
				<avg_time_on_page>0</avg_time_on_page>
				<bounce_rate>100%</bounce_rate>
				<exit_rate>100%</exit_rate>
				<url>http://piwik.net/1/</url>
				<segment>pageUrl==http%253A%252F%252Fpiwik.net%252F1%252F</segment>
			</row>
			<row>
				<label>Others</label>
				<nb_visits>4</nb_visits>
				<nb_hits>4</nb_hits>
				<sum_time_spent>0</sum_time_spent>
				<sum_bandwidth>0</sum_bandwidth>
				<nb_hits_with_bandwidth>0</nb_hits_with_bandwidth>
				<min_bandwidth />
				<max_bandwidth />
				<entry_nb_visits>4</entry_nb_visits>
				<entry_nb_actions>4</entry_nb_actions>
				<entry_sum_visit_length>0</entry_sum_visit_length>
				<entry_bounce_count>4</entry_bounce_count>
				<exit_nb_visits>4</exit_nb_visits>
				<avg_time_on_page>0</avg_time_on_page>
				<bounce_rate>100%</bounce_rate>
				<exit_rate>100%</exit_rate>
			</row>
		</subtable>
	</row>
	<row>
		<label>Others</label>
		<nb_visits>65</nb_visits>
		<nb_hits>65</nb_hits>
		<sum_time_spent>0</sum_time_spent>
		<sum_bandwidth>0</sum_bandwidth>
		<nb_hits_with_bandwidth>0</nb_hits_with_bandwidth>
		<min_bandwidth />
		<max_bandwidth />
		<entry_nb_visits>65</entry_nb_visits>
		<entry_nb_actions>65</entry_nb_actions>
		<entry_sum_visit_length>0</entry_sum_visit_length>
		<entry_bounce_count>65</entry_bounce_count>
		<exit_nb_visits>65</exit_nb_visits>
		<avg_bandwidth>0</avg_bandwidth>
		<avg_page_load_time>0</avg_page_load_time>
		<avg_time_on_page>0</avg_time_on_page>
		<bounce_rate>100%</bounce_rate>
		<exit_rate>100%</exit_rate>
	</row>
</result>