<html style="background-color:#edecec">

<head>
    <meta charset="utf-8">
    <meta name="robots" content="noindex,nofollow">
    <meta name="generator" content="Matomo Analytics">
</head>

<body style="color:#212121;font-family:-apple-system, BlinkMacSystemFont, 'Segoe UI', Roboto, Oxygen-Sans, Cantarell, 'Helvetica Neue', sans-serif; line-height: 24px; margin:0 auto; max-width:1000px; background-color:rgb(255, 255, 255);box-shadow: 0px 0px 5px 1px rgba(0,0,0,0.75);">

<a name="reportTop"></a>

<table style="width:100%; background-color: &#x23;3450A3; color: &#x23;fff; padding:10px 0; margin: 0 0 25px 0; height:64px;">
    <tr>
        <td>
            <a style="color:#212121;font-family:-apple-system, BlinkMacSystemFont, 'Segoe UI', Roboto, Oxygen-Sans, Cantarell, 'Helvetica Neue', sans-serif;; font-size:16px;padding:0 15px;padding-bottom: 8px;color: &#x23;fff;height: 22px;display: inline-block;vertical-align: inherit;" rel="noreferrer noopener" target="_blank" href="http://example.com/piwik/tests/PHPUnit/proxy/">
                                    <img src="http://example.com/piwik/tests/PHPUnit/proxy//plugins/Morpheus/images/logo-email.png" height="30px" width="auto" alt="Matomo,&#x20;free&#x2F;libre&#x20;analytics&#x20;platform" />
                            </a>
        </td>
        <td align="right">
                        <a style="color:#212121;font-family:-apple-system, BlinkMacSystemFont, 'Segoe UI', Roboto, Oxygen-Sans, Cantarell, 'Helvetica Neue', sans-serif;; font-size:16px; padding:0 15px; color: &#x23;fff" title="View Web Analytics reports for Site 1." target="_blank" href="http://example.com/piwik/tests/PHPUnit/proxy/index.php?module=CoreHome&action=redirectToCoreHomeIndex&idSite=1&period=day&date=today-date-removed-in-tests">
                Dashboard
            </a>
                    </td>
    </tr>
</table>

<div style="margin:0 20px 25px 20px;">

    <h2 style='color:#212121;font-family:-apple-system, BlinkMacSystemFont, &#039;Segoe UI&#039;, Roboto, Oxygen-Sans, Cantarell, &#039;Helvetica Neue&#039;, sans-serif; color:#37474f; line-height:30px; margin:25px 0 15px 0;'>
        Hello,
    </h2>

    <p style='font-size:15px;line-height:24px;margin:0 0 16px;color:#212121;font-family:-apple-system, BlinkMacSystemFont, &#039;Segoe UI&#039;, Roboto, Oxygen-Sans, Cantarell, &#039;Helvetica Neue&#039;, sans-serif;'>
                Please find below your day report for Site 1.
                <br />Mail Test report (previous default)
        <br />Date range: January 2010
        <br />Sent from http://example.com/piwik/tests/PHPUnit/proxy/.
    </p>

    
    
<h2 id="Actions_getPageTitles" style=" color:#0d0d0d;font-family:-apple-system, BlinkMacSystemFont, &#039;Segoe UI&#039;, Roboto, Oxygen-Sans, Cantarell, &#039;Helvetica Neue&#039;, sans-serif; font-size: 24pt; font-weight:normal; margin:45px 0 30px 0;">
    Page titles
</h2>

            <img alt=""
                                    src="data:image/png;base64,iVBORw0KGgoAAAANSUhEUgAAArwAAADICAIAAACF9KXqAAAACXBIWXMAAA7EAAAOxAGVKw4bAAAgAElEQVR4nO3de3Ad130f8HPx4H3gSbwBkhckYQICSJOUQSqUZFqMJCuMLZVRrBrTxo6mzgyZKpbcuBNPOpnWdNM8atf2hJ16hkxGHap2puhEzjDqQ4kmU6uajB2TRGVXNkTYiHwxFAkQEgUSusDFg9z+sfRqtbvn7Nmzex578f0MR9q7OHvOb8++zp6zd2/GsiwCAAAAEKZGdwAAAACQDmg0AAAAABc0GgAAAIALGg0AAADABY0GAAAA4IJGAwAAAHBBowEAAAC4oNEAAAAAXOriLDwwMOBMT09Pxw4GAAAAzCXeaBgYGHA3FDwfk/XaT+Yl5QwA/Pbs6tQdAgDohOEJAAAA4FJtjYZjRw8ZkomBJapfr2SlPf5UQCUDAIP48MT09LT2ZxrcJ7hzL35PfQCJOHb0kCd4z4nbqFXzR6uyXFrp7Khkx6xle0laKUYlA4D5Lh44M/Q/H2/skjWSmPwzDefPn3cne/3110dGRoRLsZVmK/6Zv/PMr3/l1HPOx2NHD9kfp6amYhaXVCaeCCMVF7hq8cVfr6+cei6RyonErkm7XFrpjKgUxCxpe7FLlLRSXzn1HG0VVm7OyCgRABJ06WN/mem4av3Bo4w0o6OjYpnH+vZEoIMHDzI+epTL5ZmZmeHhYXaeWd+DkP6bIefj4OAgb6x0/Jks3FioVFZ6urvj5ONP5p6T4M1fYDyzc3O5XLa1pTV+/vI4kdOqdFuxmM/lFEb0PvG319TUVCK7blICg2E8CMl5LJtsfn5+aWmpv79fdyDiSqVSoVDo7Ezx86qTk5PFYrGhoUF3IIIsy5qYmBC+JMd3kVwkhNwqZg7KiSH5RoMCoWdk2rCFM582HODP1lOWP+WTY0dPnz3nX8ROyciZc13YiZ057kKdNIGlh1ZOYA7OzMASA9cxqU57/iqihUTbiE4aRsV6FhFYC54KJ66+Ck9ZtNhCI3QnYEwHxoZBCoBUq+2S1epK9zMNgfwnU//Jl2ea/TH0lKr+tMsTLS3Nk2NH/fPZtcFZovMxiVUMJxBzpDyjblOevdEdhlhZ8ZeKtCAAmOnigTP2RH1vu6QiYn17YtolqYDi43lQzt0T4JlPW4SWgwKcZ3N2tP40bmfHX4yUPzs3jZef0C6oqIEJbHf3IpEe2wwsy1NiaDPIH6E/k0BoMQBUie7LhZ3bJOWdyuEJMZGu8Woue4xS1H8xxF8//vGOjYmzN8KZZg/TxC+Lc6nQYRdsX4DqdDvTuX+3pLw1NBp+9bf/0jfvdVrib3/98aTKjXRm1D6mq7ho//CEO4wNfmmJ2s3jFnU0JDAfd5cDLUFohIziNvj2BagymXqrubdHUuamv9zp5MmT/plqhgZUDkDodeLJY+zhiXMvfm/j1EaCTHhKwImBsQWxfQGqiZW35GWuodHw7a8/vrflB8f23zy2/+Yvj7x1T/clezrwHy2TwIFbRqG09P4BY9pSoUPLPGF4Usa8ojDKYq8XZ7bCVxF26bQ/8RQXeG07dvTQqTPj8QMLnB91T2Ng7EuhZbG7GRhL+RP7kwFANbEaauVlrueZBqf/IM53uz3nytALMC29p2UQuJT/Xs1JeXb8xSfHjgaWws5ZgH8VONsN7NJPnz0XuApRa5hRepzrk+d66c/t3IvfK82U4gTGrljhemDkwzPNX1biS5nQRwIAYjItWYmZW5bEfoxQnI0Gk3/lkv1yJwZzzssKXu4Uc2VDFy/NlLq6ugVe7mTIVjh29NBXTj1nzsudaNWClzsZDi930k7vy53sr1zWPL569+99VlIRpj/TUK0MuVbJwzOUw6/6RtyTrZ9kmRYPAPBwXtKQ3SKx1biBvnJplKo/KUsamqmaeku8fpJSTZUMsBF1Xm4a3CcvezQaQJbErz0yLmYb51u1nMyMCgB4ZWo6RiSOEqaj0cAYSdVufp4sLS3195sbYaimTUtpHwetXX+rWGxL7zgoIWTl5ozJ+zkApMOm2/nWZnnZ45kGAACAapGXm306ehrWL7+sOwSqmoWFusrKeu3PdAcirm5+riaXXV8x+qex2bLXS1bdzHo+8rcnzJFfmFq//K7uKMRZy5Xs9bn1y9d0ByJO3rFct/WBxPMECNYk8SUNBD0NAAAA1aNV7r0TGg2Chh74jO4QgikLTEZBqQ7eWBtqZTVCPYMJ6ro3S80fjQbp2KeSZE80Qw985tLLzyaYYVUyuZZC94eoO4yzsrQFGRnKvgoOPfAZ9z+pZbkLlZTzpZefRbsBdHFe0pDv75VaEBoN0rGvT+6/JnjGqe6TVxWvXWhrJtIOE7N5pKBpdenlZ51/ajar1JVCuwE067i6eUTui2XRaAAAI+CKCxBTpoa07pD7HvR0fHvCz31yCbz3Ephp35bRciYcAw3+9HaG7iI8mXt6jz1RsYMMLM6flX/xwIADa8m/jqHzPevlrw1/VAyBOfuj/eivf8lfOruWaPnzx0zbOuxpWiROhuzw2DsMO38a2mrSInQno21oT3qB+/vQavf8ib053Gnib0TGbhNYJwBqWLlb9ZK/RJbKRoP/vO8/xwnMZOQc+Kekwrb5zzWRrkBujJYKzT3HPh+aP60G2OvFzoG9IoHpAyvqpee+2NXVncvnAjdxpPw500TaImKi7jDyyqKl4c8zaqg81U4oO2HU1pIz/f1zX4sTG4B+BeklVMPwRODZxD6l+mfSUroT+PGcFzz3ajyXdsZfBYIM5b+htH1k7F+5T5eBaRirEzifpzZ4qpSdwJ8zrYNBOH+e9pO/xmhV7cnZneCx438cZ4eJKWoDK1RoFbEX4an20LLYO6F/qXuOfd6fbWjYaDGAOazmetlFpLKngXZhELj7VynS9Swq9kWd3YecSOk8yQRqgCdn/u0e2t/OL3DBZKta6g6jQNRtF2fTiG1HsY2Y9u0CVSzTLv1V+hoaDYt/8r4Rl62ELP4NNXHT5yqB850+A+I6dAM7VGNEGplzuqFdJwLDTjtaj3FgbUSqAc7+8EsvPztTKtnDE+yUYvnTCuVPzMjEqaIXzvwurZSU7jBxOnuibprQFjNPX9eNhYVKZSU0ZpLy7QJVbFNfu+wiTB+eOHnyJOOvlxR+UytBWsJ2TprJFi12G81TA7KHiuXln3hVp3Q/F2bCUwI8G3GjbRcwlvOShoaBouyyNDQamj5X+eo7v/vt1tPfbj39Xwv/8T8tn7SnA/8F5sDoVPQk8w9q+lOKPa/ATkkbeWWXwi6REaTA8xPuOf9n/I/co7m0ezKeGvDM99RGnNMr48Tt3+60HNh1yB8Mo9Coj24ktcOECry88V+eo+4A/NslFC1PzrIY3QyepZyjgL0R0UoAM2VarnXs3S27FD3PNDj9B+VyeWZmZng42o9/e452/1ije757ZmBKgZOm2O0FLWxaEQJB0rIKTf/9c18LTR9YA/6VCm1RuT9yrgKtdBJ0t8e5dcSWYizOv2xSRbC3sv9i6V/HSGFH3QGEq4h/08csy7PU9899jWd4gl2WCd0ksEFl1wvtbbILyViWJbsMBs5Gg8m/cmmPg3b3dGuMIeZ5am52LpfLtrRK+ZVLNedQzzMNGiMRNnVpanAo4Ve5SV1lT+aV5cq1a3PFfrkvlmHHEFMix3JgSMp+5bJUKhUKhc7OTjXFyTA5OVksFhsapD/QJ4llWRMTE6OjoyoLvTM80X959Pl/K7ss059pgFAmXwvNic2cSFSqvhH3qAOLihkYEmwgjRkFhaTyK5fghpMUjw1bS4xnJtIozpidbNVUz5BGVmtWQSloNIBEOIeaQNJW0LVxjd2pjA0MNoiarmYFpaSj0aBsRFDA7ez8+tJS3ValQ7nJWr9Vul0o1KV5HHRlcTLTV6xL7TgoIWR5rrFuq9Jx0GRlyuWV9Zm6rdEeajZKFRzLsJHliyoercMzDQAAAGnlvKShcXC7guLS0dOweOGK7hCoKgsLqysri/PS3/gtz+rc9ZpsebF1TXcg4m6VFspvZ2/n5P68m1xTi4uWuft5qOVK5dbcwmI5xasQ9VhuOtAnNR4Afpmmtzp3jygoCD0NAAAAKZdbzTWqGJ9Fo0HQ/rHDukMIpiwwGQWlOvg0xgAA1cFquKWmoHQMT6Ta/rHDr46/IvbXZMsCG2qJIanKcfLxZLh/7HBToZG21OLSuwoS02IDSC+ruVZNQWg0SMc+K3nOekmdwqr7bFjda6dXUhX76vgrdleKJ8OmQuMr//l/0ZY6/M9+WUFiWmwA6ZXZrOiJLgxPAEDy7Iadc3k2ismxAYip65P+qxN3ClJTTOLcR7vnZl14pn0qoeVMwgah/be/TobuIjyZu3tK/VGxgwwszp+Vf/HAgANryb+OofNpHb+h1cufsz/aY1/4lL90di0FZu7P2R9JnL0o9CrlWZyxBzKyDV0Xd1n+/NkrTtuF7n3yo+e+/M3A8ExjcmwAYvI7tqgpKJWNBv/VjnE645/JyDnwT0mFbfM0L/iD9GO0VGiOnHgsNH9aDbDXi50De0UC0wdW1Lkvf7Oruzufy/EPVwdmzlPnwnsR5y6UVLaR9hka4Uzca2facJLJsQFE4rykoeODit6rVg3DE4GnTvsC4J9JS+lO4MdzZvHcX/Jc2hl/FQgylP8m2Hb0mSe+c/qFwLJo8bgFzuepDZ4qZSfw50zrYAjlb4s4WSWyF/FfnBLJlhEebSatc4idPrDp4zTv7H9Ba6mNybEBiMk0Xm/eXlRTVip7GmgXBoG7f5WEr2c82Bf10OtB/NJ5kgnUAE/O/NvdvdaBwRi+C0UKL5F1oTU1/LvTd8++dG1ujph9725ybADi8pW6ekVXcw2NBqc75b05hHoYj144HjjfudsjrpO+/3Sg+BrgnE9p56bAsNOO1j0eWBuRaoCzP//V8VdKpZI9PMFO6V/QE4zJGyXqABnPunDusQBgMqvptrKyTB+eOHnyJOOvr6bzEWgtYTtXhWSLFrt146kBZTeFqdiLTLtFlrQ7AYCI1lplRWloNIxeOP7Co1deezr72tPZiROZl564bk8H/gvMIfAk5T95+cdcnXvKqE9CBebDSEkbZmaXwi6REaTA8xPuOS+e+osjJx5j58ZZA575ntqIc3VhdDP4tzstB/adOi2rRPYi/l2IEbN/cVq2/NXC7magVYg/JW0po5o77Ng8R4F7QTSMwGgd6n7gV88zDU7/QblcnpmZGR6O9tin58j3j1K75wc+Shb6fBm7ULG7K1rYtCIEgqRlFZr+O6dfCE0fWAP+lQptUbk/cq4CrXQS1E/AuXVC9xYStsNErWTOXYhz36bVBq0IsSu3WCaMmllcetfzUibPX2UnjnNYAZhp09ZOZWVlLMtSVpgfZ6PB5F+5XFhYqKys9HSr+CFzmpg3c7Nzc7lstrW1NcGQHGpuND3PNGiMRNjU1NTg4GD8IHWt5nKlcm1urr+/X33RSYl6LBv4K5elUqlQKHR2qruEJG5ycrJYLDY0qLt1TpZlWRMTE6Ojo2qKs58RbPvjoR0PP6CmRNOfaYBQJl8LzYnNnEgSZ+xYAABI5XyroGt0v7JCU/mVS3DDRYJHFdcS+tsBNrJMYSGr5EexbWg0gES4hkUl/ORB4pEAQCpYjUvKXtJA0tJoMHDs0FGZr7+9tNTUb26Eoa6X1nKFQlOax0FrG240FLvTOw5KCCGZq02jKd6Lasrl2pmVpuEUr0IVHMuwETXdUlkanmkAAABIK2tzvcri0tHTcOXCou4QqBYWKisrq/Xz5kYY6vrcajlbs9aa4lVYKN3Kvl3O5dS9Fk1M34Em3SEAQFXJdDerLA49DQAAAGmVH1D0o9i2FDcaDo/tt//pDiQ1UFdqoJ4BQDbn+5ab9wyqLDetjYbDY/tfGX/V/ldN52h562LXGKMIRtGya9hp/6lsBcorqMr2SQAwV81q74f2KS1QZWGS2NdCfiaf0KOuCyenxSBGUlSeIhS3AqWuFNoNAKBATdNN1SUqLg8gFK64AAA8rMaK4hLT8e0JD/uKYv/XvsA4He/O9ca5j3Rffpy/OjM9t5vuHAL/6s7KmX7imaPuZP6iA29q/Xf/nsgDM3EvRZsOLYjGs/qBhXqicpIFpuGsitCoPPEExvDS2e/SyuKpavZSjOnA2AilTgAAEmS1ZhSXmMpGA+N07Jkf+JF9Kue8KjsfHztx5C9Ovdjd3ePMD12WXyKZCJdIK9Sfhj/PqGtBi4cWg1hZ8ZeKtCAAQDI68ooLrLbhCfZZm+ec7k7D6HWwHR7b/8Lp7wTOp+VDm8m+U6elT7wbP7SKYl71eWJ2L8LZScMui13VoRFyVjVaDACgWF1fm+oSFZenmH+0Io5IV+hELue0pga7eWEanqpg9PMrqPbApUKrOtm9CwAgqsLAVsUlamg0nDlw0TPnFeKd4zh+Ie6vkru/Zxjn5B61T56zV4M9YlIdV6OoHTxuSVU7u6qF6zmpvQsAgJ/zkobOfXsUF2368MTJkycTySfmd/lMu5V34qnuLxqYUO08VR1z7wIAEJApvNO6o6i4UA2NhuMXRq88+kL26deyT7+WOTFx/YmX7OnAfzHLinkeZ4yd2xOvjL/62IkjgfP94+KBRbC7GQIziXmjHHh5e+zEEc5M/M8HBCYTqIpQtDw5y2J0M9CWYlc1WgkAoFPjsvoy9TzT4PQflMvlmZmZ4eFhSQV5rgf+W8bArwZ40gfm43x84fR3nHaDJ2fGOH2c+MUyYT/rF/g4J09UtIcNE6kKzjzjlyVjKRO6SQCgillNGn6iL2NZlvpSHZyNBmW/cilwol9YWFhZqbi/cmngpYId1dzcbDaba21tlZG5GofH9r909ru5nOpvHzEEVgvjVy4vXrw4Ohr3CR6NZN8AKDA/P7+0tNTf3687EHGlUqlQKHR2duoORNzk5GSxWGxoaNAdiCDLsiYmJmQfy3eeaRidHT39b6QW5Gf6Mw3m8wxPaL98Bqq+EXfP8MQ3v3xOYzB+xu4JAFA9OjU0rar8K5cKeIYntMbCwnh4Io08QxKlUklvPG7VVM8AYKzsNg1dSmg0vI/Yud79RkiTSbqS6bpAGnthNjYwAKgmTYMD6gtNR6OBMRKsXf18ZWnpdl+/uRGGWitdLxRynZ0pXoUbDbXdxYb0joMCAHB67yUNezU8QoRnGgAAAFKmpm2u0K76HdIkLT0NP5u9oDsEqoWFhUplxcrO6w5E3Ow7c7nlbPmW4LcnTHDtZolcezufz+kORNxb7079bFbnV5nctvcc0B0CALBYDWtayk2mp2FgQMPICgAAwMZkNav+UWxbAo0GtBhS6qH7x3jS2P9UlptscUCDegZIsc1ZLcXGbTQMDAxMT08nEgo/50qW+PUssKxI86vJQ/eP/e3fjdv/lK2vXSgRqnkFO4OyHc9dqKScVW5WAEhWTY+eAeVYzzRoaTHY7OuKzbnMSCI7/2RJilZNDcQMXkGQKnc8f4kyMk/X7g0AtnxRz/f8xXsaNLYYPGTfMOGGDAJhxwAAXdp0fN+SxO9pcE/bbYg333zTnWZubq6nh9ogWl1dXV1dvXLlCrugt66/7Z3zFnXO2LGnnJnj577hTLvnu//kzHcn9uQ8fu4bD90/5klglxhY3Nixp8bPfcOTs78gdtGeTPzJaBk6VzJ/tp5KsFehUqn82ieeYWRlh+GsRdSoaOUGrq/7T4HJ7Kg8MZw++4c3biw8+vDnaME4ITkr4imXETw78gR3PP8+ZqcJzM2zs4VOB8Zmf/SXu+l2yCHpx3ksm6xcLq+traV9FVZXV9fW9DxXn4jV1dX5+fkbN27oDkSQ/XNO8vaiq//ov9sT620tcUrp6+sTW1C80eDuZjCn18FzSfBc6tzz/en9lxOe4s6Of3V9/VZjYyMjN8+p37nuhhZNWx3adOBFkZGbPfEbv/aFs+NftX/tiSerqFHRyo3Dn+e3nv+T0DT8eUbdGdTsePGXirQgABiq583wNHIk/56GLVu2MD56lMvl5eXl0CbPao23PdXR0e5Muwdl/aOzHR3tgaO2/vm08V27LP9fOzra//bvxu33NDjxOBOefDwfx449xVM0LRh25O7KcTAq4VvPn8rlsvavXDKyoq0aOypGej/PfFqywDxbWlrdizA2pT/bqDuDv4j4O943nv19T6H29EP3j4VudHeCwM3nDjvwCQZPnfT1RL4L4TyWTWb/ymWqV2FtbS3tv3J548aNzs7O9L7d1bKs2dlZeXvRVft/DZauHTUdL3fyc48le06CkYaZIyUOvJB84uMn+HMQLloqZ2wiPnNWSgDnd1CdaWU7HnupwN3S06Chtd4AIJVaanWVnEyjIdLYxJfO+l42931q4i8+GfwuSNrpz3P2DD01Rz2N+u8Fn/8fpyuVlZ6ebp7i4hQtj7unISb/SqWoGcGzReTteJcuTRHXDsbZ88TJ/S1Wc3Y8ABDUXtBVsum/PXHy5En+xIq/PIbvqoHNhD3BiYHxnQ7Fr9wAAEnq+6hDt7JpaDR88ckL1huPbidPbydP962eyF59wp4O/BenIOfk6DlR0uYTvtti2mlXYKQjqcV5LlqMSvAMTwhfVAJXilauQG4kyuWZs9yYO0OkPDnLYnQz0JZi90mglQBQZQrbWQ8LSqXnmQan/6BcLs/MzAwPJ/N9U89Z1f2RZ5pw99y6+5BppQtEy78s8a1F6Hz/n5zpbz1/yv1kRszXK/lXilHh/mVp6yIQW2C5nDtJpLIS2fHs4YmoBYmF5/6rCd0kABBJxx49L2kghGTsL5XqwtloSPxXLhM8UdrfnrCfaUip2dm5pJ5piEl4u5RKpa6ubvavXJpwdWTEcOnS1NDQoOJ4CCUkgV+5TPYGQAv72xP9/f26AxFXKpXS/u2JycnJYrGY6m9PTExMjI6Oysj84oEz9sToheMy8udh+jMNSYnamQ9aVN+Iu+E7noEhAUCI/ssaC0/rVy6jYnTag1FoI/opZfKOV031DLCBNOj5UWzbRmk0EPNO2UAjaUvp2gGM3fGMDQwAWFrrNRaejkaDwAirMvO180tLS/09KR4Hzaykfhx0+Z2GYleKx0EJIW+/mdneI2UcFACqSaazWWPpG+WZBgAAgCqQ29KlsXQ0GgAAAFKjYdd2jaWj0QAAAGC6teWKPdE5ouG72Q40GgAAAEz3w8PP2ROF9jaNYaDRAAAAkBIf0PmSBoJGAwAAQGo0ar5qo9EAAACQEm15veWj0QAAAJAOdd2afyQIjQYAAIB0yPX36g0AjQYAAIB0aBse0hsAGg0AAABGu3l11p5o3an5JwvQaAAAADDaTx77K3uiPp/TGwkaDQAAAGkwrPklDQSNBgAAgHRo3qQ7AjQaAAAA0iDTVtAdAhoNAAAAaVDX16E7BDQaAAAA0qBx5zbdIaDRAAAAYLD1tXV7omPvsN5ICBoNAAAAJvvBvc/aE829PXojIWg0AAAApMCA/u9bEjQaAAAAUqAhozsCQtBoAAAASIGWrO4ICEGjAQAAwHy1XZp/FNuGRgMAAIDpNm3R/5IGgkYDAACAsZzvWzYP7dAbiQ2NBgAAAEOtLVfsifahIb2R2NBoAAAAMNSPH/xzeyLf2qw3EhsaDQAAAGYbMuIlDQSNBgAAAMNZTbWcKc8cuHjmwMXb65akSNBoAAAAMFqmJc+T7MyBi/bEX3/+p5IiQaMBAADAaHW9bfyJe0cbD/7WFkmRoNEAAABgtEKxNzSN083Q9oF8x1BBUiRoNAAAAJjIeUnD5t13cS7S0FW/91Pd0iJCowEAAMBIi5fvfGmipRgy3OB0MxQPtzT1SvyVCjQaAAAATPQP//hv7In6fI4nfUNP/YHf7JMZERoNAAAAJht5k/13p5th6NH2/OZ6qbGg0QAAAGCw5k08qbYeahp5okt2LGg0AAAAmCvT0cD4q9PN0HewudAht5uBoNEAAABgsvre9tA0xcPNgx8PTxYfGg0AAADmahrYRvuT082w9ZCKbgaCRgMAAICBKu+W7Ymuu/eyU3buzu/6mIpuBoJGAwAAgIEWpu78fkShPfgd0k43w66Pt2eb6tREhUYDAACAcd48/vc8ydoH83s+KfEVkB5oNAAAABjK2nslcL7TzXD3Z8J/liJBaDQAAAAYKtPKeif01vuadz68WVkwBI0GAAAAY9V0NPlnOt0Muz/ZqTYcNBoAAABMldtOHX0Y+KXN2w61qAyGoNEAAABgrJZdA545TjfD8OMdNXUZxfGg0QAAAGCWpbev2xNtw7sCE2x/sKV7X6PCiO5Q9M1OAAAA4HTtBz+yJ3KN7/vhCaebYd+nemrrA277v3T2ACHks7/yfHtLv4zA0NMAAABglre/MMn46weOtnXvDehmsFsMW9r3vDF7XlJgaDQAAACYyPrQVfdHp5th76e9b3O6fXvdbjG0NW0b2fHQgaEnJIWE4QkAAAATZdoK/pkjn+zsGPLO//3/cogQcte2IyP9D+7ZeVReSGg0AAAAmKi+970XN733boYn3vduhrX15T/81mFCSD7b+sGdR0e2Pyw1JDQaAAAATJTv7/PM2fdk9+adefccu8Uw0Hfv6OCv3lV8QHZIaDQAAAAYZG25Yk+0f/Aue8LpZhhxdTOs31r5g2/eTwjpbR85NPJPPrDlPgWxodEAAABgkBszb9oTTX19hJDb65b9ce+nu5p67/wUxera0h/9+UcIIZ2tA4+MPrO994Ca2NBoAAAAMMjC5E/sifp8jhDyZ4cm7I+jx++MVljWbbvFcNe2I/ft+fS2rn3KYkOjAQAAwCA3/t2MM23dvtPNcM/TW+rztYSQ8vL1//DfHiGE5De1PPihpzpbd6qMDY0GAAAA8/zCHCHkT++5080w8ok7TzPYLYaR/ocfvPufS3rtIwMaDQAAAOZpf++dj/f9ztZNjbX265u2d4++u/z2kf3H1bcYCBoNAAAABspu63K+NDHwSJvdYrir+Isrq+/+xseezWWbtUSF10gDACTjkeAAAAURSURBVAAYp2lwuz3xkX/d/+W/upcQMtB3r2Xdfuy+39PVYiDoaQAAADDH8sJNe+Kv/2XOnhhfOEoI2bXlw2u3Vj555N9vqg94t7QyaDQAAACY4vpPf0oIufXzcYCrT58ghOza+uFCtvWjo8/obTGQmI2GgYEBZ3p6ejp2MAAAABvazUv/QAh5ldxNft5i6O8e3VRX+KWDv53PtmgOLk6jYWBgwN1Q8HwEAACAqJa+fn2N1JGftxgG+u5ryLX+yodPZjJGPIOI4QkAAACD/JDsc1oMmxt7Hxr9rCEtBoJGAwAAgDnWSJ3dYugt7Otq3fnIwX+hO6L3yViWJbZkIsMT9hdPAQAAwFF/edeBR37hF+8+UV+XD0+tUPI9DefPn3d/fP3110dGRhIvBQAAoDqt1fS172ivOfzDH/xYUgmjo6NiCybfaDh48CDjo8dbf/+b/2/uf7csdwkX91bHdHaxtWW1Q2zxtfX1uYEfdpf2CAew0Hw1Y9V0LG4TzmG298fNs8Wc1SC2eLlmodxxrWtuUDgA1KH2OiSEXOn/v10z4nX4TtMV3XX4TrljXnsddvxsRHj0d6H5SsbKdCwWhQOojv0Qdai3Dpdrb5C2lX/6W1/alK8XjkEezc803Pfpsa0z9+7evVtvGHHMzc0tLS3t2LFDdyDi3njjjUKh0N3drTsQcT/60Y+KxWJTU5PuQMSdP3/+4FOsFrbhFhcXZ2ZmcCzrhWNZu1u3bk1MTKT6WGYTbzRMT0/jPQ0AAAAbR6yeBjQUAAAANg5TvvoJAAAAhhP/yiVJ4i2QgQMc/pmeOe6PnmWjFp3ISy1DAw5Mlsha8MRmZodQYP0T0UoQ25FoC4oFoOVYoC0YtVyNBwItWbJwILhn4kCglVv1B0J8cV8jHWcXCXzTg38mCduQ/quvSpwBh77WQmAtPIvE2RCeTNK1iwvvSP45wucIXceCf46uDSF8IAQmi1q0+yMOBPdHHAiKaTwQ1Ejs2xO0iyLjeE6kRuLULG3/9ncJuM8XnvR61yJ+6Rp3cXe2Tinu/InrpCx7EyRI17EgzJwDQRgOBKJ7E/jhQKhKcr9yGXiAGS6NMbux7438O7SZuzjjmEyp1O1XqQvYAweCmVK3X6UuYNkEGw1OPcbsjPJnqGApN574nTShKT13CZwSPB0E7t/sdnEqRN0EkbJ1fxSITe+xkMgqEK0HQlKr4A/A/ZHgQJDMkItCTCZcEQyn/wer/P17iiWyi+taC56zLX9U6s/1TiaexQUOM4FNQOs+1UXvKug6EBJZBY0HQiL0HgimXdj0roKuA8G0rUAT60HI+MXH2TbaT/EOjWvBHn6LFEZgbuxFJF1xPXeEAsEopv1YMITGVdB4IMg716s8EBLpgdd7IJgziFAFq8Ag0mjw14hn9QLX1j/TnLNk6GHPaHuasxY2gTsVvavAWbSZm6DKjgUcCBrP9YYcCEmNFGs8EOJnov1AMO1ocktseMJdy+6uNv9MN8+c6enpwE7vwDmS6lSg192/Fv4caOsldc8wv8UQSODWLc6O5JkTn/pjIfFV8Acp+0CIVFBUyg6EZI8mLQeCpPhVHgjJ7kJaDgTTzslusV7uFJWB16dUC6xPz47o330Z6QOXCuwgVXOu96im/aea1kU7cw4ENdu0mnaealqXDUJ6o0HxdQWqVRWcXHAsQHw4EEAvpT0NAAAAkF74wSoAAADggkYDAAAAcEGjAQAAALj8f47tOWdNmU/AAAAAAElFTkSuQmCC"
                                height="200"
                width="700"
                margin="0 auto"/>
    
    
        <p style="width: 100%; text-align:center;">
      <a style="color:#0d0d0d;font-family:-apple-system, BlinkMacSystemFont, &#039;Segoe UI&#039;, Roboto, Oxygen-Sans, Cantarell, &#039;Helvetica Neue&#039;, sans-serif;; text-decoration:none; font-size: 9pt;" href="#reportTop">
          Back to top &#8593;
    </a></p>

    <hr style=" border: 0; margin-top: 50px;  height: 1px; background-image: linear-gradient(to right, rgba(231, 231, 231, 0), rgba(231, 231, 231, 1), rgba(2311, 2311, 231, 0));">

    <p style='font-size:15px;line-height:24px;margin:0 0 16px;color:&#x23;212121;font-family:-apple-system,&#x20;BlinkMacSystemFont,&#x20;&#x27;Segoe&#x20;UI&#x27;,&#x20;Roboto,&#x20;Oxygen-Sans,&#x20;Cantarell,&#x20;&#x27;Helvetica&#x20;Neue&#x27;,&#x20;sans-serif;text-align:center;font-size:13px; color:#666;padding-top:30px;margin-bottom:0;'>
        Powered by
        <a style="color:#439fe0;" rel="noreferrer" href="https://matomo.org/" title="Matomo Analytics">Matomo Analytics</a>
        <br />
        The leading open analytics platform that respects your privacy.
    </p>

        <p style='font-size:15px;line-height:24px;margin:0 0 16px;color:&#x23;212121;font-family:-apple-system,&#x20;BlinkMacSystemFont,&#x20;&#x27;Segoe&#x20;UI&#x27;,&#x20;Roboto,&#x20;Oxygen-Sans,&#x20;Cantarell,&#x20;&#x27;Helvetica&#x20;Neue&#x27;,&#x20;sans-serif;text-align:center;font-size:13px; color:#666;'>To unsubscribe from this report please follow this link: <a style="color:#439fe0;" href="__unsubscribeLink__">Unsubscribe</a>.</p>

</div>
</body>
</html>
