<html style="background-color:#edecec">

<head>
    <meta charset="utf-8">
    <meta name="robots" content="noindex,nofollow">
    <meta name="generator" content="Matomo Analytics">
</head>

<body style="color:#212121;font-family:-apple-system, BlinkMacSystemFont, 'Segoe UI', Roboto, Oxygen-Sans, Cantarell, 'Helvetica Neue', sans-serif; line-height: 24px; margin:0 auto; max-width:1000px; background-color:rgb(255, 255, 255);box-shadow: 0px 0px 5px 1px rgba(0,0,0,0.75);">

<a name="reportTop"></a>

<table style="width:100%; background-color: &#x23;3450A3; color: &#x23;fff; padding:10px 0; margin: 0 0 25px 0; height:64px;">
    <tr>
        <td>
            <a style="color:#212121;font-family:-apple-system, BlinkMacSystemFont, 'Segoe UI', Roboto, Oxygen-Sans, Cantarell, 'Helvetica Neue', sans-serif;; font-size:16px;padding:0 15px;padding-bottom: 8px;color: &#x23;fff;height: 22px;display: inline-block;vertical-align: inherit;" rel="noreferrer noopener" target="_blank" href="http://example.com/piwik/tests/PHPUnit/proxy/">
                                    <img src="http://example.com/piwik/tests/PHPUnit/proxy//plugins/Morpheus/images/logo-email.png" height="30px" width="auto" alt="Matomo,&#x20;free&#x2F;libre&#x20;analytics&#x20;platform" />
                            </a>
        </td>
        <td align="right">
                        <a style="color:#212121;font-family:-apple-system, BlinkMacSystemFont, 'Segoe UI', Roboto, Oxygen-Sans, Cantarell, 'Helvetica Neue', sans-serif;; font-size:16px; padding:0 15px; color: &#x23;fff" title="View Web Analytics reports for Site 1." target="_blank" href="http://example.com/piwik/tests/PHPUnit/proxy/index.php?module=CoreHome&action=redirectToCoreHomeIndex&idSite=1&period=day&date=today-date-removed-in-tests">
                Dashboard
            </a>
                    </td>
    </tr>
</table>

<div style="margin:0 20px 25px 20px;">

    <h2 style='color:#212121;font-family:-apple-system, BlinkMacSystemFont, &#039;Segoe UI&#039;, Roboto, Oxygen-Sans, Cantarell, &#039;Helvetica Neue&#039;, sans-serif; color:#37474f; line-height:30px; margin:25px 0 15px 0;'>
        Hello,
    </h2>

    <p style='font-size:15px;line-height:24px;margin:0 0 16px;color:#212121;font-family:-apple-system, BlinkMacSystemFont, &#039;Segoe UI&#039;, Roboto, Oxygen-Sans, Cantarell, &#039;Helvetica Neue&#039;, sans-serif;'>
                Please find below your day report for Site 1.
                <br />Mail Test report (previous10)
        <br />Date range: January 2010
        <br />Sent from http://example.com/piwik/tests/PHPUnit/proxy/.
    </p>

    
    
<h2 id="Actions_getPageTitles" style=" color:#0d0d0d;font-family:-apple-system, BlinkMacSystemFont, &#039;Segoe UI&#039;, Roboto, Oxygen-Sans, Cantarell, &#039;Helvetica Neue&#039;, sans-serif; font-size: 24pt; font-weight:normal; margin:45px 0 30px 0;">
    Page titles
</h2>

            <img alt=""
                                    src="data:image/png;base64,iVBORw0KGgoAAAANSUhEUgAAArwAAADICAIAAACF9KXqAAAACXBIWXMAAA7EAAAOxAGVKw4bAAAgAElEQVR4nO2de3Acx53fZ/EgFgBBgHgQ7wcJAiTApwGQAkyCpE1SJPWiaEoC9eRZjsmz7mTV+XLOXeVSouJK3UVOcmXVlaqks3knWkoER/JFJd9FV3KqLDM5J0ciphTZEJGw5IVBEkuQECBwFwtggc0fQ7WG8+jpeXbP7PdTKNTsbM/v9+2e3u7fdPfMRDKZjAQAAAAAYEYObwEAAAAACAYIGgAAAADABIIGAAAAADCBoAEAAAAATCBoAAAAAAATCBoAAAAAwASCBgAAAAAwgaABAAAAAEzkOTm4tbWVbF+6dMmxGAAAAACIi/2gobW1VRkoqD66y4f/d8IjywAAdja2VfGWAADgCaYnAAAAAMBE2IKGwwd7BTEioEf/8+UuQdcfCFDIAAAK9qcnLl26xH1Ng7KBe+ud/+m/AFc4fLBXJV7VcAuVNa1aP/0aeaer8lozl/PlUaYohQwA8IGhnpc7f3qssGwFbyH6uL+m4dy5c8pkH330UWdnp20vMrHxlHbnH33zie++cIZ8PHywV/44MjLi0J1bRlQKLbnTzZpznOfruy+ccaVwLCGXpOzXyDtFlQ+aPTpfdI8eZeq7L5wxysLcp6NeeAQAyMxfn1wmSb/e9/rCn7fmryzzzlF3d7e9Ax3dPaHLtm3bKB/tUaBZCEkuhsbj8Wi0oKy0jFwbtbe3O/foihF2O41NTYXRqNGBLl78uZUvFSMjI23tbREp4oVxGaLcKAtOsjabSl27Fm9uarZtwaPzxc7U9FQqNVdTXe2WQd3y9HQhZCwWKyoqqqoK8FrL4eHhpqam4uJi3kLsMzQ01NXVFYl4+Fv2lEQiMTo62tHRwVuITYZ6XpY3unfsyC+M0hNzwf2gwQdMW2SjaQuy32g6QGtW5UubUndyQe426JZJ4hdeHqTkhSJGuUfpVKlN6920cHQtkJ26HnXz6NagPXsHbCTJ6CSSNMfu36M6C6bn3ZJ+lR4jGbq+KBVMuf/4wEGtHZZtXW2YpACAI/N3zYgZMUhBX9Ogi7a51za+LNv0j6ZNqv/NLotalsKRDLolSsgijzTQS9K9jNJg18wuzNJ5Z9RjJMOer8MHe18ZfEceabAaYxl9BAD4DBlmKDu0k68SCo7unrikwC1BzmFZKKccCVDtNzrEyIIPMLbmdLXaNEbHstinH8Wx+zEdgrIqzMZ5Vx5iadmmri+VR9MwSKtQa0QXRAwAiMDi5rGiuhreKgwJ5PSEPSz18f50e7KX2GhM9yuy7dtqfNUe7XxHdsI4GkG26dM0zn0xHqU71qUKaHB+ARCE5I1JeWPZ3k18ldDhEDR85Q/+lj3xj//iiFt+LbWM3Od0fXZNn8LP8q7F3jCMjNXZEF07yiEHowT2FkLi/AIgCMMH3pA3qnf3zS8u8hVDQfSHO506dUq705+pAT8nIPjCsj4je0rDRURYJUA0UM4gzi8AonBgJq+ggLcIGhyChh//xZHNpe8f3vopy5+REd2JW4pTo/TaCWOjo0ynlllkqFI67FEovuj5YjRruxehezf6isWdbt/GXpKMxaKaa7BU0yhQ6pKpL/owA+UobWJtMgAAX8gSyI5vfZWvElP4rGnQHT+wiqqtNO02jNKrIgPdo7TXarqHa9NQLNuA4oue2HQgQdes1RKmeHfSP6n6S60158Je/y8/O3b/Ht00uh9t+DJyTdlm9+X6USKMkQCQdXReLqooT0wI/YLGSCaT4a3BHMpbLsnDnfzU4wqkXY6NxlatqlY93ClYmD7cyWEn5F0fJlt2/nAnV2Q4seDuw52M9ODhTnTwcCfuBPHhTumF9Pt9pyVJKv7DqvUPH5mYmEgmk83N3JojOqKvaQgrob+SY5nKYSd8M+7ulo+7iKYHgHAjRwySJK1/2LWF/96RRbdcCkXoG2WPpmZCU26ul49bhKmQAQgS+w3X8AkFggbgFa73PV50ZtlzVy0jYqoCIKyQJZB1D+7nq4SRYAQNlJnUkmXJoM+D5qavNzWVB3oedO7T0Y1rqwI9D7o872aHlxP2XjMxISWTyebmAGcBgOxlw+Xari28RTCBNQ0AAAAAB2anbk1JRHev46uEnWCMNKTH3jP6Km8inhMtSM8F7+4JQsFkLJM3mhb1nWYsFE6NpMdmgjvSkJlNFUzG02PXeAuxT87UVF5qLp37G95C7BPi33Jew24ueoDg/Hrf6/LG6sMH+SphByMNAAAAAD92TxZVlPMWwQqCBpus2/0kbwn6+CbMC0eBFi8sWZVZjqCcgSWufTgsbzT8zn18lVgCQYPn0JsSdxuadbufvPjeaRcNhhKRS8m0PlitMCSzRgdSDHrdC67b/aTyz1NfSqceWb743un9TzznkXEQPn77O2fljYr17XyVWAJBg+fQ+yflty42Z+G+6Alx7kyjGUsVxmF45ENodfG90+Rv18CfeO1O8jhT7555dsvBp7yzD8JH3uORvPxgLC6UQdAAABCCnw/+2fbD3+KtAgA/II9n2PLM1/kqsUqQAhwlymusf3rrP2j3616Q0XfKl2VKy6qLEtOJBm162aDShcr4ut1PvnvmWfKVShVdpK47rSnt4bqCdUtJm0fd/fee+HNtvoxKQ6uKgm6JadVqP5qWkpF9ds1GZ4e+baSEGKTLMzrLyl8BxakuRtk0UqhMZnSiVeltXN+bFrvqK/rpUKZxfhIp1eb9d14Uef4LiMUdwbtjK5BBg/I3GR+Pbz/8LW0bp2xbGXdKmlaGpYu1J1v7Udv+WuqBlFAiFRZtRvaNSmDd7ifffvmP29rb5FsuKfLoJcCYnrGgWBpukiY1m7p2Lc7StZtWIRexVGGmp6a882WUht2m1SJiKXbp9kpow5fzoywdCIBMeiEtb1Q9uIerEDuEYXpCvsbSbVK1O41SKhNoYWkXVNdqLF075VsbIk3RXlCa+jJKo0R3P0tpsBQpPYHWstEAg237LPGTtsSMilpl2cUK4xD2AIsRlkqlYtfAn5DxEpZiN/VFL2FXTqKRVAAokDdUNe3ZyVeJDQI50mDUMdi4+vcTS/2ZVeidOn0M2TnK6QkKNkqAcZiE3ZpbdUb3QHeL2tMK4wNWz93PB//M6uH2EtOPMj2JQT8vgC8Lsyl5I+9hvkJswiFomPmehUcfljyT0t1PxgwkxWyu7oCqHYl2Ic2NUT+hlB2aFkc7PSHv1y0NSyXAOB5u+7yrpics3S/nyukLd4WxOpATH4+TbatTIaYRs72xLrq7gJ4XwJcP+s/IG6sfCdLjGQiiT0+cOnWK8u3F904HccX1xc8m5v10ShpNd13bu4xmKQGvp4q9s+96UXOpMBwRYZUAy0nMtvMC3KT32oraGt4i7MAhaCh5JvXvP/njH5e9xPKna4EyqKhKpp3U1Ka0t16BntJo5pXuhe6RItLGdDhlNtfomoylBFT7VaXhpHmlNNza825kgVJKVocZjJxavZx1q8KYYnWpCv1w0wrAfl5MMbLJ6IsyzGDvJCJKALaZ+nhU3ii/fxdfJbbhs6aBPn5giurXrpyeUDUWqp3aWUnJrE3XdWrv8kJXHsWFDZFGplxJr1sC2kyZRlTKj4ySjLxLeld7jGdHlezdM886iRu8uDK2VGG0t1xqO0ttyViSbbUC2C4i9lPv0JcXR205+BT3YRIgLJcefEfeaNz9Rb5KbBPJZDK8NZhDectlfDwejRaUlgX4zXijsdiqVdVRB2+55D6cO3JxhKxpUMFdG4GiRF7T0NTc7LMkF5memkql5qprqpU7PS18143b+C2LU7tkRmOx/U88p5UUoLdcDg0NdXV1BfeNtYlEYnR0tKOjg7cQfeRnOuUcmf/Cv/x9ozQTExPJZLJZ1OZI9DUNwBTR2k0l4mgTR4mfhG/G3erEos/sf+K59995kbcKICjkKZBrnrifrxInBPKWS6BEtHZTTLK2lChrJoKIkzk7r1n32dNdAaCx8XJpYwNvEfZB0AA8RLRmPTvx6CzwOrnCVqqL750ejcV4qwCCkrqZkDdK7t3GV4lDghE0UGYE04uxpaKivKoqP/W4y9zMcKSuKa+4mLcQ+8zGl+c1BHgeNJJIzKVH8xoEnQdlYalgIp1M5jUIOg/KAn7LIMT8as9r8saa+w7yVeIQrGkAAAAA/CByVyJYL8LWEgz1M+evGH01H5/MKUjMlC34qcddFmNTiRsFS1H7d0/wZ2RmZulKcEcaZlOpxfjUTMKwmolPampqfm5uZiKftxD7BO63XNJTx1sCCAZkCWTr1x/kq8Q5GGkAAAAAvKcz2EsgZRA02GTrQD9vCfr4JswLR4EWH0QNAACvIUsgiw9t5avEFYIxPRFotg70Xxg8S/n2redf9ccXkEEpUXCrcIgdlcGtA/0lRct1D1nKLCVmk4yJJUmaSd60l9hIGwBeQJZArn/4CF8lroCgwXPordKFwbOxz27TcrEJC3drGO7c8cWtgr0weFYeSlEZLClafvav/6vuIePx+AP/4jhjYkmS+r96yF5iI20AeMi+ad4K3AHTEwAA95EDO9I9C4XI2kDIIEsg6x66k68StwjqSIPy1/6zl97W7leNW7LslJsSpWXVhQi9idFe/hKDShcq42R6Qv5KpYouUted1pT2cF3BuqWkzaPu/of+1de0+TIqDa0qCrolplWr/WhaSirjZJLIqBxcqUWmvZTqcEoNpJjVZlC3qHXPEcWp9sxSqpPIF/EiawPhZMPl2q4tvEW4QyCDBmXzNB6P7zl5L6U5Y98paRo+li7WnmztR1V4wS5SCyVSYdFmZN+oBLYO9P/oOz9oa7v1wiqKPHoJMKZnLChLxmdTqb7j+7XlRt+2WosYq5A9s1NTU6m5uZrqauV5Ya8zRtg2osydaNNJImsDYYIsgYzuDvCD41SEYXpCHmnQ7YN1r350UyoTaGFpWVTXlyxdO+VbGyJN0V4Em/oySqNEdz9LabAUKT2B1rLRAIMpbz3/qpEpV2oRe+fkilmWc2p6juhGjKoT+Yr86eWSGyJrAyGDLIFcfTgkcxNSQEcajDoGG1f/fmK7P2OB3qmb9gcOUU5PULBRAozDJOzWiGtdMYJXIUvyXMmLUahBqU4iX7uLrA2Elp03iirKeYtwDQ5BA1kYwkL3+RO6+8nVnqRY06BtDnzuA0h7atQ2KWWHpvHSTk/I+3VLw1IJMI7n2z7vSjHymgaRT4rVCTKWvDDWWACAVUhP1/jPDvNV4i6iT0+cOnWK8u2FwbPvvPDGnpP3+iXHHS7wWLlNegV3Xdu7dGMpAd8uCi8Mnv3FK+8e/vZjPviyjWiXyB5VJwDCRv1Y+bp23iLchEPQ0H3+xNv3XPnw6QKWP10Luo2UtvHSzrmSC1yrK6F07VBSGk0z073QPVJE2lg/YTpXbarHSIn2KOXANUUkHcowg/a8G1mgX6kbmXKlFrFXIYpm7eFGZtmLhT7MYFQg2pRGRwkV7tC1UU4QAiNgj2UHWoP+hioVfDJDHz8wRfXLV05PKPdrr4S089mSXgto6tTe1ZWuPIoLGyKNTLmSXrcEtJkyjaiUHxklGXmX9AYtGM+OKhmZntBV6EotYqxCpgIopigu7PXc9oxQSmYmeVP1UCaC/ERIxsTytzYSO/lZAcAImZvY9NRxesrAEclkMrw1mEN5y+V4PB4tKCgrK/NTj7vEYrFV1dWFDt5yyf1ibmRkhKxpUMFdG4GiZDaVuhaPNzc3+yxJi+3iUt5yKUiBWyVwv2XtWy6Hh4ebmpqKi4u56HGFoaGhrq6u4L6xNpFIjI6OdnRwvsXxVtDQe637L//U6rETExPJZFKE5kgX0dc0AFNE7iTE0SaOEtcRdi4AgOyEPJ6h8sguvkq8IFRzLdkJOgkWQlxKGG8HQCjI4xma9yJoAMAK6MOsYnvlgTw94boeAIAlFmZT8kbeMb5CvCIYQYN27pAwGVuIFhWVVFX5qcddcouni5uqAz0PKkWulnTVBXceNCeRyB2dK+kwrGbik5rIX0omS5oDnIUQ/JYB+KD/jLzRfPQgXyUegTUNAAAAgKtsj5etbuItwhOCMdJw5fyM0VeT8flEQc5CmWEC8ZmKLRbcSESjS7yF2GdmRLqyNBPckYZUanYqvngl4Xktqusp8doFAIAXUx+PyhvlR0L7YA+MNAAAAAAucOnBd+SNhp29fJV4R4CDhv6Brf0DWx/4Zjjnjbygf2ArbwlZAcoZgGwmcjiVX2j/uTuCE9SgoX9g69nBC2cHL7zxwjv3ntzDW45reNffyCVGcUFx7XUvKMd/5M9TX0qnHlk+O3gBcQMA2QZ5CmT7yYf5KvGUoAYNSt5+6WeW0ovcoMv9uuuQiMEeHqlSuSB//pwgTzOFuAGALKV9bPmqMN8BFIagAYQM9LgAgIBSMhDa1Qwywbh7QoXco8j/5ekJMvBO+htyHansfsi3ZKfqclNpQfdbpSnd/bqudS9qtVf/KuW6RpRHGW2bOjJClX1dpypVMj/4zo92HfuCbmHq5sISzoudpagf+/ZhylGUbV1t0meVzYdBGgAAdz6fmzh8F18lXhPIoEHZHMfj48qvVM207kd6U87YKyuXCOj2ZIw9Oh1XjNj2aOTUKMssNq3mwp9i33+879Xn35LfEGM1xjL6CADIOg7dNE8TcMI2PUFvtVnadGUayqiDjFE/odqvO96u2ql7NUwxoh0VcAXTInLY67NoVh7iSrHTi7p/YOu7r/yCopCxqBExAJCdkGGG5sfv46vEBwI50sCOdrbCCZZ6aFe6c6NQgx5eiAZLUVDG+X0o9v3H+7Q7TYva3doFAAg2Gy5Xtq/lLcJzOAQNL/cMsSc+cb7boTvlfYZOGnerY/KMoxr9A1tfff6t/cf7dNOHozeyOsCjxK1iJxGAboD17iu/iMev2XiBvVu1CwAQUGanPpU3ig5s4avEH0Sfnjh16pQrdhzeyyfapTzRE+4bDUQodpaidli7AADB5df7Xpc32h4M/9yExCVoOHG++8o9bxc8/SHLn0NfDttxyty5vKGdLNfdT1FydvDCY98+rJxTV36la0QryVLPqtu9sXfPRlnWGjRy5yR0o2ug+zIaZjg7eEE1PUFZyGJp2AMAkC3c+Wlefsin+2X4ZNKt8QNTdG8gpC9v1J1c19rR7aiMtnUd2dZvzwh9NaLtsINs//z1X7IUkSVfvhX7u6/8Qhk32IufgrXQBADgHLIEsn4gW15oEMlkMrw1mEN5y2U8Pl5QEC0rK3PFkfOG3oaFWCxWXb0qGi104peOpx1Y/8DWH3znR21tbRzfcukwg6nUrL01DVYlefeWy4mJiWQy6W4WfCYWixUVFVVVBfhpesPDw01NTcXFxbyF2GdoaKirqyu4b6xNJBKjo6MdHR3+uLsVNHRc7v7hc27ZFPy3LPqaBvGh3zYpCOGbcRe82AWUBABwl/RCWt6I7l7HV4mfZMUcjKeYPstBEIxm9AOKyMUepnIGABjxft9peWP1kWyZm5AQNKiwvWjAdSVe4JHOs4MXRkZGvLBs6td/pywIKwwA4DqZ3mtFFeW8VfhHMIIGykzwQmyyqChaVeXVVLEPTBfnVjcVB3oe9GpEqusqCfI8aM7caG5dR4BrEQDAT8gSyMYTX+GrxGewpgEAAACwRfNY9eZO3iJ8JRgjDb8ZP2/01fgn8ehsQWLRnbsnuHDt05h07UZhYZS3EPtcvznym/Gl4I40zM6mrn0aLxxP8BZin6mpqVRqLlMw4Yq1lpoeV+wAEG6W7W3lLcFv3BlpaG3NuoIDAACQnZC5iU1PHeerxH9cCBoQMQSUvTsGWNLIf376ddcdMALlDIAjeq/xVsABp0FDa2vrpUuXXJHCDunJ9u4YePToN732ZWl/mNi7Y+C//Y9B+c+3/MpOJVsl77VIZcXzs0A8suznaQUgNJBhhsoju/gq4YKjNQ1cIgYZuV+RJGl8PH707pPkoxeQbiwQeKTWnxJwKN4HkUoX/lQMT13IcUOAqjcAotA61rz3BG8RHLA/0sAxYlDx5t+95OkFEy7IgC6oGABkGwuzKXkjd1s9XyW8cDrSoNyWY4jLly8r08Tj8ZqaGideJEm6PnlDvef6rT2pVCqdXlDuGTj8FEk2+NaLZFu5X/kV2a9MrPI1+NaLe3cMqBLIHnXdDRx+avCtF1WWtY7Intfe/F4ika/yqzKiVWhkkPRk2hypCkFbaLqmZBkkF7qqrl+/Id89oVueRn61+VV+pZtMVqWrgYg08qvMiDLNa29+b2Ehff36DZbKYLTHecUz0q9rTXVUKjWbTi8qa6nSGqUW6dbtZUtX1Dn3nkQiMT8/v7Cw4L9rt5ifn5+YmJienuYtxBFXrlwJ7p1Q8/Pz8/PzV654VYGv3vcTeaNo9zaPvCQSiYWFBe+yIFNXV2fvQPtBg3KYQZxRB1Wzq+rqlPu16bVNtm132m1JL6SQ90xNTT169Bld1+z25W3dTpFizZ4prZ0XT3+HYsrIrxMoJUNJw27TamXwp+I5P8rSgQAAXdJdl5fX38NbBR/cf05DfX095aM95nPUMVdlZYW8kU6nHz36TTIpq52drays0J211e43mt+VfWm/raysMEqsVaL6OHD4KbInkbj5k5++cs++41prRvbpyokGJfYKQWnKKGvk2307j2lNUXKha4QlGcUmOYRyKrVmS0vLHj36DHtl0LpwpeKpnMrbe3cMmJ70ysqKqakpeXGP7ulTyjY6fcqPdTU2r0KcsLCwEPS3XE5PT1dVVQX76a5Xr9bV1QV3pCGRSMzOztq+jKYz/dsxeaPq6B6PXEifveXSO/sOCcbDnbQo55Lf/LuXjL6yZMcU3Y7E9qy2ONPhLioRJ1M2YLwHlWw7qQn2Ckr3KLlaan8FyoDGKHoDALDz/478vbzRuKuPrxKOuBM0WJqbeO4VCw+be/a4/rMglXdPKPerOnXTptlqM6p7LcjuTtd1LBZbtaqa4xMhXexLtKYCFEawlINRGrcqHqlguqMUts+U8i5WhA4AOCFybzI/yA/wdYjo7544deoUe2Kfbx7DvWpARoSacPTuk6+9+YJEvafD50duABAmyOMZOv/w63yV8IVD0PDs8fOZj+9pkZ5m+XPiiDSOqobSaL/Edlls1OzamOlw63CWTsvdQmBxQYTp+rVhTbLSPTP6JftP/8fn3SoHhxWPMsxgdBR9TAJRAgCu0Xk5ujzAa1acw2dNg6XxA3ZUraryI8u2xDxyqxxDNvJuQy37sZImF6b7tV85LARTVcQUxZf2WKO82NCm65exkljy5XPFc/coEYZJAAgKK+7fzlsCZyKZTIa3BnNob7kcj0ejBWVl1t5yKVRDyX1Ng3MuXhxpb29zvuLa0/NCMT47m7p2Ld7c3OyRaxYNDpHfcllTU+2KJC5vuYzFYkG/e2J4eLipqSnQd08MDQ11dXUF+u6J0dHRjo4Od82SuYnu854/BVK+e8KH5sgeoq9pcAurg/mAC+GbcRe84gkoCQDRSC+k5Y3IoZt8lYhAUG+5tApl0B4IhdGMfkARueKFqZwB8I73+07LG40PZ+kDnZRkS9AgiddkAyM8OlO8KoCwFU9YYQAISGbT5arOdt4q+BOMoIEywxqZC/w86OwnxU2rgj0PeuNypKUm2POgUmq0pcbleVA/mcidSCaTzTWCzoMCEFCSNybljeX7t/BVIgjZsqYBAAAAsMrwgTfkjZb7DvBVIggIGgAAAAAq+6ez/PEMBAQNAAAAgA7kTsvGR7EE8hYIGgAAAABj1o+t2hjgBU/ugqABAAAAMGTZzrW8JQgEggYAAABADZmbaHvsKF8lQoGgAQAAANAn0xvHEkglCBoAAACA2yDDDA1fP8JXiWggaAAAAAD0aBmr2bKRtwixQNAAAAAAfA55Q1VePx6xqgZBAwAAAPA55A1V6752jK8SAUHQAAAAAGjovYYlkFoQNAAAAAC3IEsgK4/s4qtETBA0AAAAALezdqx5L4IGHRA0AAAAAJKkXALZ08BXibAgaAAAAAAkSbEEsvnoQb5KhAVBAwAAAKCge7xsdRNvEYKCoAEAAAD4fAnkyvt38FUiMggaAAAAgM+ovty4B0GDIQgaAAAAgM/4wor8wihvEeKCoAEAAEC2Q+Ymtjz7DF8lgoOgAQAAAJAkSZI2XM7Lz+MtQmgQNAAAAACSJEkl9/bwliA6CBoAAABkNWRuov2Be/kqER8EDQAAALIX8hTIyMGbfJUEAgQNAAAAshfyFMiGY4f4KgkECBoAAABkPZsur9rYwVtEAEDQAAAAIEtJ3piUN4r2bearJCggaAAAAJClDB94Q95ouXs/XyUyqen03x4aHf2HWd5CDMENqQAAALKbvdOFZSv4SlhKZ77f+7/l7bGfzkon+MoxBEEDAACAbITcadn8tSN8lSwuLP2g75eSJNVtL4kUpOv25/PVQwFBAwAAgCymdayyfS1H/y/3DMkbLXtKG3pXlPVkFiIpjnroIGgAAACQveT3r+bl+pOPZ//zg7+WJKlqQ2FJfUHPyfqy5ujExMRCkpcicxA0AAAAyDrI3ETnycf9956eWzq945fydsX66IaHVrXfXem/DBsgaAAAAJCtfHHC/zdUkfmI+t6SlWuiWx6vKa5a5rMG2yBoAAAAkF2QYYaaRw766Xf2k4Uf7v9A3q7sLNzyeE3DHZzv2rAKggYAAABZyZqx+l6fbm1U3lFZsCJnw0B1z8k6f1y7C4IGAAAAWcTC7K17E/J2tvjjcSm99P3eWysY1h4s3/JEdfnaQn9cuw6CBgAAAFnEB/1n5I22R+/3wR1ZwdC0q7Sxb0XboYply3N98OsRCBoAAABkH73XiirKPfVA7qisWFdY1hLt+d260saopx59AEEDAACAbIEsgax6YI93XsgTHiVJWrW5qPMrVe33BOOOSlMQNAAAAMgy1o417fFqCSSZj2jcsaK0qWDzYzXLqwNzR6UpCBoAAABkF8GpV0oAAAoJSURBVLnd9V6YVd5RWdFRuOmR6sDdUWkKggYAAABZAZmbWH3sbnct33ZH5crcjvurtv+eJ3EJdxA0AAAAyCIyXVdLGxtcNKhcwbD2UPmW49Xla4J6R6UpCBoAAACEHzLMUHZfn4tmyQqGhr6Slt1lbXdV5BcF+I5KUxA0AAAAyBYiFeMtB550xRQJFyraC0ubott/v35FQ4ErlkUGQQMAAICsYedK52+oUq5gqO1evu6+yrZD5ZGciGNxAQBBAwAAgJBD5ibWP/WoQ1OfP+Gxf8WKhoJNj1SX1Lo5wPDi3x96qO/7ktTsok0XQdAAAAAgO9h42clTIGcnF3545607KsvboxuPuXlH5XOv9JDts8MvdLSfdsuyuyBoAAAAEGbIMEPJPT30lEYo5yOiFbnr7qm842l37r9QxgqtdX0RSboxfWVm9qorxr0AQQMAAIAsoG6s/QE7T4FcmF386/4L8vbaQyu3HK9xeEdlJrP0r89sJx9X125Pp1OTNy9HpEhbw87e9o48SdxHQiFoAAAAEH4iW8psHEVWMNRtW776yyvb76nIL7R/R6VyXGF17bZ0ev76p7FleYUbm+/sXL03uqxEkqSJiYlkMmnbhdcgaAAAABBayNxE3QN3WjqQhAuSJLV8qazvDxpK6mwueFTGCi3V3ZmMlJEWK0qa1tTdsba+Lz8vSE+CQtAAAAAg7Gy6UrNlI2PazFLmr7bfWsHQ0Fey9mDF2gPlOXnW7qhUBgqSJLXVfTG9tJCfG61auaalpruxanPBsuWWDAoCggYAAADhJHljUt4o3MsaMXx+R+Xu0hW1yzY9au2OytsXNvbm5uQvpOdycnLrqjauru2pLV+/LL+I3ZqAIGgAAAAQToYPvCFvtBz6smli5R2VK9cUbHxoFfsdlbfFCrW9OTl56cWUJEkNlZvWNvTVlK+LRHKsSRcVBA0AAABCzZ5J+uMZlHdUFlfnr9m3sveZBtMnPGpugtgmZSKJ1GRGWmqp6Wpr2FlVtsa5dtFA0AAAACCEkCWQzV9/kJJMueCx9cDKL3y1tnytycrE2xY21mxbWkpfuT6cySx1NH15XeOu0uW1DlSLDoIGAAAA4aXxt2VrDB/JTCKG6q3Faw+Wt99Nu6NSGSs0V3dFpJxE6kZJUcWamu3HvvTvogUloZmDoICgAQAAQGhZdqBN9w1VygGGpt2lO/55o9GCR2WssLaub3FpMSJJlWUtzdXdrXV3BPQmCNsgaAAAABA2yNzEpt99Qvut8qVTa/atbL2zPDf/tkGC9OLcv3l1B/nY1tC/tDifm5NftbK1paa7oWqT/CCmLARBAwAAgJDyxeuqHcpwoaS+YPMj1cpHNqXmZ/7tf/oS+dje0J9enF/KLNaubG+t762tWB+sBzF5AYIGAAAAoYIMM1QP7CM7lXdUlq0uUL6jUhUrtNb1zS8kcnPz6ys2tDXuqK3o8Et4AEDQAAAAIIy0jjXsOCHd/oTHFY0FLXvKtv9efSQ3o3poY9OqrZMzV8pL6lfX9LQ39ofyhknnOAoaWltbyfalS5cciwEAAAAcsTCbkjfydzRLqjsq71y59as1f/mPu/7htVt75Jsgrk9/XFOxfk3t9s7mL4f7hknn2A8aWltblYGC6iMAAADgPwsnzskbzUfvIhFDZWfR/9n7+FVJ+u//KEmS1FzdnRPJSS/OrSypb6npbq/fGS1YkQ03TDoH0xMAAADCxpDUPXT4iiRJV58+KUnSVUmSJKmtfudSZlGKRCpKGltqelpqugoLSrnKDB4IGgAAAISEj3a/JknS+byN4984SXauretfyixIEamqdHVLbU/jqs1Ze8OkcwIfNPzNz47yluAG/8RbgGN+8iFvBc4J/lkA/Al+LQr2b/npzzcrUt2FtVIkL11b0dZa31df2ZmXa+F9lUAX94OGc+fOKT9+9NFHnZ2drnsBAAAAdFiM5H9SE62MljfWVJdsLitqkTLS9bGl62PBiIYmJydTqdT16+onTLhLd3e3vQPdDxq2bdtG+eg6/2tw+2JOuigT4Ad5jq+6uGKiPpop5i3EPuONH1SOrg/oMqJIRErkTadKP6maWMtbi32mi8cXc9OVM428hdhnYuXHyxIlpfOVvIXYB79l7sxJyZs1Vx7c96dtW+7grcUm8Xg8mUyuXr2atxB9Aj89cegbf1RUVFRdXc1biH1+9atfNTU1lZQEeI7t3LlzXd/oys01fNGL4MzMzIyOjm7YsIG3EPsI3tCw8PHHH+O3zJ1w/JbbgvxbFhz7QcOlS5fwnAYAAAAge3A00oBAAQAAAMgegjpxBQAAAACfiWQyGb4KnDxKUjs/wrLHaKdVv6oHYtozxa6QMWv2BDg83FSYF2fBkkLBR8WcK+Rbizwy4nNFYrFjdKZEKH9XHtFru8xdaVSdWDASprvTu+ZUcrtTo+/0vzmVMlxZs2YN+W/vWOVHlj26B9pwbeqL3RSLQsas2cPFY/08C3QlLF+tUWC0hz2ZQ+XungXdnR7VIo+M+FyRGO3o7uf+K/buVNrOmnPXVi0YGfHzRDg8nL2Gq75yvTmlINbdE3KARiImeZv8VyXme+2oVKWSrdQv3R51ajMi1BWw9n0i0u0rXkU7C04wyqwqAWMyT4Vpr4RUGoQ6C7rXbdqftu5RvND9Yao0KxNL4pW/UTupeyLIV8I2R6oGVrlfd492WxB0uwOjHwK7fo45FStokDRdrORBo+w1lN9kEKG3MgKi281rET8jShgzJQi6agNXkSQ9nUFRLhOsaqOLadQuONo6H8QfghKeCyFJeTm/BBG56EnuTEWKmQt2SWLqFxzdX4ErBn1DVk6gJGM0GOiKxFE8SxUKenPEjrD6GVUJq1+4kQar2Ag83WqdiR3ttYhVUxxz4Qoh0C+UHnvw/S2oZNgzG+iKJIJ4o0kKS4iQEa0eq+kF0e9Pd+AnnIMGh+fJ9s/DuyE77fSKpUMsIcjAY6D1i9C+8B1g8Ogs2IikRcuCJQItXomAGbFUl4TS72d34BvcggbdyUKHFlyRYQnGYynhvwi5MLLpm2tevxPu7Yvpr0DXuHYn37PAMtDtnXdXjGh/oZYGn4T6FZjKDkRzRFHIy7UPiB8xSNxHGrQo64Rp7Vd9q0pPVp2o9ih3un6GbFyGanPBmBHXc6FaXMLeYhoZ0UqVfDkLRtpUX4nZvuieBdNTw7EWsThqbW3VrQP0LPhZkXTdaXcyTkpy/BWrZJgWuwqWs0DPmu2M6EplrwZG+jmeCB+6A237IHlTlwj8H+6kJBBxlj1EzprI2tjRHQk0auIlvXjC6Ifnc0PPQuBOWeAEA2CbcNd24UYaQkm465CAKEvbqOR19zPu5DWZwlcAAACINdIAfMboKjyIIDIDAPAlTC2qEQgaQODJhh8qAACIAIIGAAAAADCBV2MDAAAAgIn/D27OXJvaE+WuAAAAAElFTkSuQmCC"
                                height="200"
                width="700"
                margin="0 auto"/>
    
    
        <p style="width: 100%; text-align:center;">
      <a style="color:#0d0d0d;font-family:-apple-system, BlinkMacSystemFont, &#039;Segoe UI&#039;, Roboto, Oxygen-Sans, Cantarell, &#039;Helvetica Neue&#039;, sans-serif;; text-decoration:none; font-size: 9pt;" href="#reportTop">
          Back to top &#8593;
    </a></p>

    <hr style=" border: 0; margin-top: 50px;  height: 1px; background-image: linear-gradient(to right, rgba(231, 231, 231, 0), rgba(231, 231, 231, 1), rgba(2311, 2311, 231, 0));">

    <p style='font-size:15px;line-height:24px;margin:0 0 16px;color:&#x23;212121;font-family:-apple-system,&#x20;BlinkMacSystemFont,&#x20;&#x27;Segoe&#x20;UI&#x27;,&#x20;Roboto,&#x20;Oxygen-Sans,&#x20;Cantarell,&#x20;&#x27;Helvetica&#x20;Neue&#x27;,&#x20;sans-serif;text-align:center;font-size:13px; color:#666;padding-top:30px;margin-bottom:0;'>
        Powered by
        <a style="color:#439fe0;" rel="noreferrer" href="https://matomo.org/" title="Matomo Analytics">Matomo Analytics</a>
        <br />
        The leading open analytics platform that respects your privacy.
    </p>

        <p style='font-size:15px;line-height:24px;margin:0 0 16px;color:&#x23;212121;font-family:-apple-system,&#x20;BlinkMacSystemFont,&#x20;&#x27;Segoe&#x20;UI&#x27;,&#x20;Roboto,&#x20;Oxygen-Sans,&#x20;Cantarell,&#x20;&#x27;Helvetica&#x20;Neue&#x27;,&#x20;sans-serif;text-align:center;font-size:13px; color:#666;'>To unsubscribe from this report please follow this link: <a style="color:#439fe0;" href="__unsubscribeLink__">Unsubscribe</a>.</p>

</div>
</body>
</html>
