<?xml version="1.0" encoding="utf-8" ?>
<result>
    <row>
        <isSuccess>0</isSuccess>
    </row>
</result>