<?xml version="1.0" encoding="utf-8" ?>
<result>
	<row>
		<description>Welcome to Matomo superUserLogin. This widget helps you become a Matomo expert.</description>
		<currentLevel>1</currentLevel>
		<currentLevelName>Matomo beginner</currentLevelName>
		<nextLevelName>Matomo intermediate</nextLevelName>
		<numLevelsTotal>5</numLevelsTotal>
		<challengesNeededForNextLevel>5</challengesNeededForNextLevel>
	</row>
</result>