<?xml version="1.0" encoding="utf-8" ?>
<result>
	<row>
		<label>Direct Entry</label>
		<nb_visits>340</nb_visits>
		<nb_actions>415</nb_actions>
		<max_actions>2</max_actions>
		<sum_visit_length>195</sum_visit_length>
		<bounce_count>190</bounce_count>
		<nb_visits_converted>0</nb_visits_converted>
		<sum_daily_nb_uniq_visitors>100</sum_daily_nb_uniq_visitors>
		<sum_daily_nb_users>100</sum_daily_nb_users>
		<segment>referrerType==direct</segment>
		<referrer_type>1</referrer_type>
	</row>
	<row>
		<label>Search Engines</label>
		<nb_visits>36</nb_visits>
		<nb_actions>36</nb_actions>
		<max_actions>1</max_actions>
		<sum_visit_length>0</sum_visit_length>
		<bounce_count>36</bounce_count>
		<nb_visits_converted>0</nb_visits_converted>
		<sum_daily_nb_uniq_visitors>36</sum_daily_nb_uniq_visitors>
		<sum_daily_nb_users>36</sum_daily_nb_users>
		<segment>referrerType==search</segment>
		<referrer_type>2</referrer_type>
		<subtable>
			<row>
				<label>search term 2</label>
				<nb_visits>6</nb_visits>
				<nb_actions>6</nb_actions>
				<max_actions>1</max_actions>
				<sum_visit_length>0</sum_visit_length>
				<bounce_count>6</bounce_count>
				<nb_visits_converted>0</nb_visits_converted>
				<sum_daily_nb_uniq_visitors>6</sum_daily_nb_uniq_visitors>
				<sum_daily_nb_users>6</sum_daily_nb_users>
				<segment>referrerType==search;referrerKeyword==search+term+2</segment>
			</row>
			<row>
				<label>this search term</label>
				<nb_visits>9</nb_visits>
				<nb_actions>9</nb_actions>
				<max_actions>1</max_actions>
				<sum_visit_length>0</sum_visit_length>
				<bounce_count>9</bounce_count>
				<nb_visits_converted>0</nb_visits_converted>
				<sum_daily_nb_uniq_visitors>9</sum_daily_nb_uniq_visitors>
				<sum_daily_nb_users>9</sum_daily_nb_users>
				<segment>referrerType==search;referrerKeyword==this+search+term</segment>
			</row>
			<row>
				<label>Others</label>
				<nb_visits>21</nb_visits>
				<nb_actions>21</nb_actions>
				<max_actions>1</max_actions>
				<sum_visit_length>0</sum_visit_length>
				<bounce_count>21</bounce_count>
				<nb_visits_converted>0</nb_visits_converted>
				<sum_daily_nb_uniq_visitors>21</sum_daily_nb_uniq_visitors>
				<sum_daily_nb_users>21</sum_daily_nb_users>
			</row>
		</subtable>
	</row>
	<row>
		<label>Websites</label>
		<nb_visits>24</nb_visits>
		<nb_actions>24</nb_actions>
		<max_actions>1</max_actions>
		<sum_visit_length>0</sum_visit_length>
		<bounce_count>24</bounce_count>
		<nb_visits_converted>0</nb_visits_converted>
		<sum_daily_nb_uniq_visitors>21</sum_daily_nb_uniq_visitors>
		<sum_daily_nb_users>21</sum_daily_nb_users>
		<segment>referrerType==website</segment>
		<referrer_type>3</referrer_type>
		<subtable>
			<row>
				<label>whatever0.com</label>
				<nb_visits>12</nb_visits>
				<nb_actions>12</nb_actions>
				<max_actions>1</max_actions>
				<sum_visit_length>0</sum_visit_length>
				<bounce_count>12</bounce_count>
				<nb_visits_converted>0</nb_visits_converted>
				<sum_daily_nb_uniq_visitors>9</sum_daily_nb_uniq_visitors>
				<sum_daily_nb_users>9</sum_daily_nb_users>
				<segment>referrerName==whatever0.com</segment>
			</row>
			<row>
				<label>whatever1.com</label>
				<nb_visits>6</nb_visits>
				<nb_actions>6</nb_actions>
				<max_actions>1</max_actions>
				<sum_visit_length>0</sum_visit_length>
				<bounce_count>6</bounce_count>
				<nb_visits_converted>0</nb_visits_converted>
				<sum_daily_nb_uniq_visitors>6</sum_daily_nb_uniq_visitors>
				<sum_daily_nb_users>6</sum_daily_nb_users>
				<segment>referrerName==whatever1.com</segment>
			</row>
			<row>
				<label>Others</label>
				<nb_visits>6</nb_visits>
				<nb_actions>6</nb_actions>
				<max_actions>1</max_actions>
				<sum_visit_length>0</sum_visit_length>
				<bounce_count>6</bounce_count>
				<nb_visits_converted>0</nb_visits_converted>
				<sum_daily_nb_uniq_visitors>6</sum_daily_nb_uniq_visitors>
				<sum_daily_nb_users>6</sum_daily_nb_users>
			</row>
		</subtable>
	</row>
</result>