<?xml version="1.0" encoding="utf-8" ?>
<result>
	<numSites>15</numSites>
	<totals>
		<nb_pageviews>8</nb_pageviews>
		<nb_visits>5</nb_visits>
		<nb_actions>12</nb_actions>
		<revenue>5,082</revenue>
		<nb_visits_lastdate>0</nb_visits_lastdate>
	</totals>
	<lastDate>2013-01-22</lastDate>
	<sites>
		<row>
			<label>Site 5</label>
			<nb_visits>0</nb_visits>
			<nb_actions>0</nb_actions>
			<nb_pageviews>0</nb_pageviews>
			<revenue>$0</revenue>
			<nb_conversions>0</nb_conversions>
			<orders>0</orders>
			<ecommerce_revenue>0</ecommerce_revenue>
			<visits_evolution>0%</visits_evolution>
			<visits_evolution_trend>0</visits_evolution_trend>
			<actions_evolution>0%</actions_evolution>
			<actions_evolution_trend>0</actions_evolution_trend>
			<pageviews_evolution>0%</pageviews_evolution>
			<pageviews_evolution_trend>0</pageviews_evolution_trend>
			<revenue_evolution>0%</revenue_evolution>
			<revenue_evolution_trend>0</revenue_evolution_trend>
			<nb_conversions_evolution>0%</nb_conversions_evolution>
			<nb_conversions_evolution_trend>0</nb_conversions_evolution_trend>
			<orders_evolution>0%</orders_evolution>
			<orders_evolution_trend>0</orders_evolution_trend>
			<ecommerce_revenue_evolution>0%</ecommerce_revenue_evolution>
			<ecommerce_revenue_evolution_trend>0</ecommerce_revenue_evolution_trend>
			<idsite>5</idsite>
			<ratio>1</ratio>
			<currencySymbol>$</currencySymbol>
			<previous_nb_visits>0</previous_nb_visits>
			<periodName>day</periodName>
			<previousRange>Tue, Jan 22</previousRange>
			<previous_nb_actions>0</previous_nb_actions>
			<previous_Actions_nb_pageviews>0</previous_Actions_nb_pageviews>
			<previous_Goal_revenue>0</previous_Goal_revenue>
			<previous_Goal_nb_conversions>0</previous_Goal_nb_conversions>
			<previous_Goal_0_nb_conversions>0</previous_Goal_0_nb_conversions>
			<previous_Goal_0_revenue>0</previous_Goal_0_revenue>
			<group />
			<main_url>http://piwik.net</main_url>
		</row>
		<row>
			<label>Site 6</label>
			<nb_visits>0</nb_visits>
			<nb_actions>0</nb_actions>
			<nb_pageviews>0</nb_pageviews>
			<revenue>$0</revenue>
			<nb_conversions>0</nb_conversions>
			<orders>0</orders>
			<ecommerce_revenue>0</ecommerce_revenue>
			<visits_evolution>0%</visits_evolution>
			<visits_evolution_trend>0</visits_evolution_trend>
			<actions_evolution>0%</actions_evolution>
			<actions_evolution_trend>0</actions_evolution_trend>
			<pageviews_evolution>0%</pageviews_evolution>
			<pageviews_evolution_trend>0</pageviews_evolution_trend>
			<revenue_evolution>0%</revenue_evolution>
			<revenue_evolution_trend>0</revenue_evolution_trend>
			<nb_conversions_evolution>0%</nb_conversions_evolution>
			<nb_conversions_evolution_trend>0</nb_conversions_evolution_trend>
			<orders_evolution>0%</orders_evolution>
			<orders_evolution_trend>0</orders_evolution_trend>
			<ecommerce_revenue_evolution>0%</ecommerce_revenue_evolution>
			<ecommerce_revenue_evolution_trend>0</ecommerce_revenue_evolution_trend>
			<idsite>6</idsite>
			<ratio>1</ratio>
			<currencySymbol>$</currencySymbol>
			<previous_nb_visits>0</previous_nb_visits>
			<periodName>day</periodName>
			<previousRange>Tue, Jan 22</previousRange>
			<previous_nb_actions>0</previous_nb_actions>
			<previous_Actions_nb_pageviews>0</previous_Actions_nb_pageviews>
			<previous_Goal_revenue>0</previous_Goal_revenue>
			<previous_Goal_nb_conversions>0</previous_Goal_nb_conversions>
			<previous_Goal_0_nb_conversions>0</previous_Goal_0_nb_conversions>
			<previous_Goal_0_revenue>0</previous_Goal_0_revenue>
			<group />
			<main_url>http://piwik.net</main_url>
		</row>
		<row>
			<label>Site 7</label>
			<nb_visits>0</nb_visits>
			<nb_actions>0</nb_actions>
			<nb_pageviews>0</nb_pageviews>
			<revenue>$0</revenue>
			<nb_conversions>0</nb_conversions>
			<orders>0</orders>
			<ecommerce_revenue>0</ecommerce_revenue>
			<visits_evolution>0%</visits_evolution>
			<visits_evolution_trend>0</visits_evolution_trend>
			<actions_evolution>0%</actions_evolution>
			<actions_evolution_trend>0</actions_evolution_trend>
			<pageviews_evolution>0%</pageviews_evolution>
			<pageviews_evolution_trend>0</pageviews_evolution_trend>
			<revenue_evolution>0%</revenue_evolution>
			<revenue_evolution_trend>0</revenue_evolution_trend>
			<nb_conversions_evolution>0%</nb_conversions_evolution>
			<nb_conversions_evolution_trend>0</nb_conversions_evolution_trend>
			<orders_evolution>0%</orders_evolution>
			<orders_evolution_trend>0</orders_evolution_trend>
			<ecommerce_revenue_evolution>0%</ecommerce_revenue_evolution>
			<ecommerce_revenue_evolution_trend>0</ecommerce_revenue_evolution_trend>
			<idsite>7</idsite>
			<ratio>1</ratio>
			<currencySymbol>$</currencySymbol>
			<previous_nb_visits>0</previous_nb_visits>
			<periodName>day</periodName>
			<previousRange>Tue, Jan 22</previousRange>
			<previous_nb_actions>0</previous_nb_actions>
			<previous_Actions_nb_pageviews>0</previous_Actions_nb_pageviews>
			<previous_Goal_revenue>0</previous_Goal_revenue>
			<previous_Goal_nb_conversions>0</previous_Goal_nb_conversions>
			<previous_Goal_0_nb_conversions>0</previous_Goal_0_nb_conversions>
			<previous_Goal_0_revenue>0</previous_Goal_0_revenue>
			<group />
			<main_url>http://piwik.net</main_url>
		</row>
		<row>
			<label>Site 8</label>
			<nb_visits>0</nb_visits>
			<nb_actions>0</nb_actions>
			<nb_pageviews>0</nb_pageviews>
			<revenue>$0</revenue>
			<nb_conversions>0</nb_conversions>
			<orders>0</orders>
			<ecommerce_revenue>0</ecommerce_revenue>
			<visits_evolution>0%</visits_evolution>
			<visits_evolution_trend>0</visits_evolution_trend>
			<actions_evolution>0%</actions_evolution>
			<actions_evolution_trend>0</actions_evolution_trend>
			<pageviews_evolution>0%</pageviews_evolution>
			<pageviews_evolution_trend>0</pageviews_evolution_trend>
			<revenue_evolution>0%</revenue_evolution>
			<revenue_evolution_trend>0</revenue_evolution_trend>
			<nb_conversions_evolution>0%</nb_conversions_evolution>
			<nb_conversions_evolution_trend>0</nb_conversions_evolution_trend>
			<orders_evolution>0%</orders_evolution>
			<orders_evolution_trend>0</orders_evolution_trend>
			<ecommerce_revenue_evolution>0%</ecommerce_revenue_evolution>
			<ecommerce_revenue_evolution_trend>0</ecommerce_revenue_evolution_trend>
			<idsite>8</idsite>
			<ratio>1</ratio>
			<currencySymbol>$</currencySymbol>
			<previous_nb_visits>0</previous_nb_visits>
			<periodName>day</periodName>
			<previousRange>Tue, Jan 22</previousRange>
			<previous_nb_actions>0</previous_nb_actions>
			<previous_Actions_nb_pageviews>0</previous_Actions_nb_pageviews>
			<previous_Goal_revenue>0</previous_Goal_revenue>
			<previous_Goal_nb_conversions>0</previous_Goal_nb_conversions>
			<previous_Goal_0_nb_conversions>0</previous_Goal_0_nb_conversions>
			<previous_Goal_0_revenue>0</previous_Goal_0_revenue>
			<group />
			<main_url>http://piwik.net</main_url>
		</row>
		<row>
			<label>Site 9</label>
			<nb_visits>0</nb_visits>
			<nb_actions>0</nb_actions>
			<nb_pageviews>0</nb_pageviews>
			<revenue>$0</revenue>
			<nb_conversions>0</nb_conversions>
			<orders>0</orders>
			<ecommerce_revenue>0</ecommerce_revenue>
			<visits_evolution>0%</visits_evolution>
			<visits_evolution_trend>0</visits_evolution_trend>
			<actions_evolution>0%</actions_evolution>
			<actions_evolution_trend>0</actions_evolution_trend>
			<pageviews_evolution>0%</pageviews_evolution>
			<pageviews_evolution_trend>0</pageviews_evolution_trend>
			<revenue_evolution>0%</revenue_evolution>
			<revenue_evolution_trend>0</revenue_evolution_trend>
			<nb_conversions_evolution>0%</nb_conversions_evolution>
			<nb_conversions_evolution_trend>0</nb_conversions_evolution_trend>
			<orders_evolution>0%</orders_evolution>
			<orders_evolution_trend>0</orders_evolution_trend>
			<ecommerce_revenue_evolution>0%</ecommerce_revenue_evolution>
			<ecommerce_revenue_evolution_trend>0</ecommerce_revenue_evolution_trend>
			<idsite>9</idsite>
			<ratio>1</ratio>
			<currencySymbol>$</currencySymbol>
			<previous_nb_visits>0</previous_nb_visits>
			<periodName>day</periodName>
			<previousRange>Tue, Jan 22</previousRange>
			<previous_nb_actions>0</previous_nb_actions>
			<previous_Actions_nb_pageviews>0</previous_Actions_nb_pageviews>
			<previous_Goal_revenue>0</previous_Goal_revenue>
			<previous_Goal_nb_conversions>0</previous_Goal_nb_conversions>
			<previous_Goal_0_nb_conversions>0</previous_Goal_0_nb_conversions>
			<previous_Goal_0_revenue>0</previous_Goal_0_revenue>
			<group />
			<main_url>http://piwik.net</main_url>
		</row>
	</sites>
</result>